Archive member included to satisfy reference by file (symbol)

d:/clion_stm32/gcc-arm-none-eabi-10.3-2021.10/bin/../lib/gcc/arm-none-eabi/10.3.1/../../../../arm-none-eabi/lib/thumb/v7-m/nofp\libg.a(lib_a-errno.o)
                              CMakeFiles/STM32_CAR.elf.dir/Core/Src/syscalls.c.obj (__errno)
d:/clion_stm32/gcc-arm-none-eabi-10.3-2021.10/bin/../lib/gcc/arm-none-eabi/10.3.1/../../../../arm-none-eabi/lib/thumb/v7-m/nofp\libg.a(lib_a-exit.o)
                              d:/clion_stm32/gcc-arm-none-eabi-10.3-2021.10/bin/../lib/gcc/arm-none-eabi/10.3.1/../../../../arm-none-eabi/lib/thumb/v7-m/nofp/crt0.o (exit)
d:/clion_stm32/gcc-arm-none-eabi-10.3-2021.10/bin/../lib/gcc/arm-none-eabi/10.3.1/../../../../arm-none-eabi/lib/thumb/v7-m/nofp\libg.a(lib_a-impure.o)
                              d:/clion_stm32/gcc-arm-none-eabi-10.3-2021.10/bin/../lib/gcc/arm-none-eabi/10.3.1/../../../../arm-none-eabi/lib/thumb/v7-m/nofp\libg.a(lib_a-exit.o) (_global_impure_ptr)
d:/clion_stm32/gcc-arm-none-eabi-10.3-2021.10/bin/../lib/gcc/arm-none-eabi/10.3.1/../../../../arm-none-eabi/lib/thumb/v7-m/nofp\libg.a(lib_a-init.o)
                              d:/clion_stm32/gcc-arm-none-eabi-10.3-2021.10/bin/../lib/gcc/arm-none-eabi/10.3.1/../../../../arm-none-eabi/lib/thumb/v7-m/nofp/crt0.o (__libc_init_array)
d:/clion_stm32/gcc-arm-none-eabi-10.3-2021.10/bin/../lib/gcc/arm-none-eabi/10.3.1/../../../../arm-none-eabi/lib/thumb/v7-m/nofp\libg.a(lib_a-memcpy.o)
                              CMakeFiles/STM32_CAR.elf.dir/Middlewares/Third_Party/FreeRTOS/Source/CMSIS_RTOS_V2/cmsis_os2.c.obj (memcpy)
d:/clion_stm32/gcc-arm-none-eabi-10.3-2021.10/bin/../lib/gcc/arm-none-eabi/10.3.1/../../../../arm-none-eabi/lib/thumb/v7-m/nofp\libg.a(lib_a-memset.o)
                              d:/clion_stm32/gcc-arm-none-eabi-10.3-2021.10/bin/../lib/gcc/arm-none-eabi/10.3.1/../../../../arm-none-eabi/lib/thumb/v7-m/nofp/crt0.o (memset)
d:/clion_stm32/gcc-arm-none-eabi-10.3-2021.10/bin/../lib/gcc/arm-none-eabi/10.3.1/../../../../arm-none-eabi/lib/thumb/v7-m/nofp\libg.a(lib_a-sprintf.o)
                              CMakeFiles/STM32_CAR.elf.dir/OLED/my_menu.c.obj (sprintf)
d:/clion_stm32/gcc-arm-none-eabi-10.3-2021.10/bin/../lib/gcc/arm-none-eabi/10.3.1/../../../../arm-none-eabi/lib/thumb/v7-m/nofp\libg.a(lib_a-svfprintf.o)
                              d:/clion_stm32/gcc-arm-none-eabi-10.3-2021.10/bin/../lib/gcc/arm-none-eabi/10.3.1/../../../../arm-none-eabi/lib/thumb/v7-m/nofp\libg.a(lib_a-sprintf.o) (_svfprintf_r)
d:/clion_stm32/gcc-arm-none-eabi-10.3-2021.10/bin/../lib/gcc/arm-none-eabi/10.3.1/../../../../arm-none-eabi/lib/thumb/v7-m/nofp\libg.a(lib_a-__call_atexit.o)
                              d:/clion_stm32/gcc-arm-none-eabi-10.3-2021.10/bin/../lib/gcc/arm-none-eabi/10.3.1/../../../../arm-none-eabi/lib/thumb/v7-m/nofp\libg.a(lib_a-exit.o) (__call_exitprocs)
d:/clion_stm32/gcc-arm-none-eabi-10.3-2021.10/bin/../lib/gcc/arm-none-eabi/10.3.1/../../../../arm-none-eabi/lib/thumb/v7-m/nofp\libg.a(lib_a-atexit.o)
                              d:/clion_stm32/gcc-arm-none-eabi-10.3-2021.10/bin/../lib/gcc/arm-none-eabi/10.3.1/../../../../arm-none-eabi/lib/thumb/v7-m/nofp\libg.a(lib_a-__call_atexit.o) (atexit)
d:/clion_stm32/gcc-arm-none-eabi-10.3-2021.10/bin/../lib/gcc/arm-none-eabi/10.3.1/../../../../arm-none-eabi/lib/thumb/v7-m/nofp\libg.a(lib_a-dtoa.o)
                              d:/clion_stm32/gcc-arm-none-eabi-10.3-2021.10/bin/../lib/gcc/arm-none-eabi/10.3.1/../../../../arm-none-eabi/lib/thumb/v7-m/nofp\libg.a(lib_a-svfprintf.o) (_dtoa_r)
d:/clion_stm32/gcc-arm-none-eabi-10.3-2021.10/bin/../lib/gcc/arm-none-eabi/10.3.1/../../../../arm-none-eabi/lib/thumb/v7-m/nofp\libg.a(lib_a-fini.o)
                              d:/clion_stm32/gcc-arm-none-eabi-10.3-2021.10/bin/../lib/gcc/arm-none-eabi/10.3.1/../../../../arm-none-eabi/lib/thumb/v7-m/nofp\libg.a(lib_a-__call_atexit.o) (__libc_fini_array)
d:/clion_stm32/gcc-arm-none-eabi-10.3-2021.10/bin/../lib/gcc/arm-none-eabi/10.3.1/../../../../arm-none-eabi/lib/thumb/v7-m/nofp\libg.a(lib_a-freer.o)
                              d:/clion_stm32/gcc-arm-none-eabi-10.3-2021.10/bin/../lib/gcc/arm-none-eabi/10.3.1/../../../../arm-none-eabi/lib/thumb/v7-m/nofp\libg.a(lib_a-svfprintf.o) (_free_r)
d:/clion_stm32/gcc-arm-none-eabi-10.3-2021.10/bin/../lib/gcc/arm-none-eabi/10.3.1/../../../../arm-none-eabi/lib/thumb/v7-m/nofp\libg.a(lib_a-localeconv.o)
                              d:/clion_stm32/gcc-arm-none-eabi-10.3-2021.10/bin/../lib/gcc/arm-none-eabi/10.3.1/../../../../arm-none-eabi/lib/thumb/v7-m/nofp\libg.a(lib_a-svfprintf.o) (_localeconv_r)
d:/clion_stm32/gcc-arm-none-eabi-10.3-2021.10/bin/../lib/gcc/arm-none-eabi/10.3.1/../../../../arm-none-eabi/lib/thumb/v7-m/nofp\libg.a(lib_a-lock.o)
                              d:/clion_stm32/gcc-arm-none-eabi-10.3-2021.10/bin/../lib/gcc/arm-none-eabi/10.3.1/../../../../arm-none-eabi/lib/thumb/v7-m/nofp\libg.a(lib_a-__call_atexit.o) (__retarget_lock_acquire_recursive)
[...]
Memory Configuration

Name             Origin             Length             Attributes
RAM              0x20000000         0x00005000         xrw
FLASH            0x08000000         0x00012000         xr
*default*        0x00000000         0xffffffff

Linker script and memory map

LOAD d:/clion_stm32/gcc-arm-none-eabi-10.3-2021.10/bin/../lib/gcc/arm-none-eabi/10.3.1/thumb/v7-m/nofp/crti.o
LOAD d:/clion_stm32/gcc-arm-none-eabi-10.3-2021.10/bin/../lib/gcc/arm-none-eabi/10.3.1/thumb/v7-m/nofp/crtbegin.o
LOAD d:/clion_stm32/gcc-arm-none-eabi-10.3-2021.10/bin/../lib/gcc/arm-none-eabi/10.3.1/../../../../arm-none-eabi/lib/thumb/v7-m/nofp/crt0.o
LOAD CMakeFiles/STM32_CAR.elf.dir/Core/Src/freertos.c.obj
LOAD CMakeFiles/STM32_CAR.elf.dir/Core/Src/gpio.c.obj
LOAD CMakeFiles/STM32_CAR.elf.dir/Core/Src/main.c.obj
LOAD CMakeFiles/STM32_CAR.elf.dir/Core/Src/stm32f1xx_hal_msp.c.obj
LOAD CMakeFiles/STM32_CAR.elf.dir/Core/Src/stm32f1xx_hal_timebase_tim.c.obj
LOAD CMakeFiles/STM32_CAR.elf.dir/Core/Src/stm32f1xx_it.c.obj
LOAD CMakeFiles/STM32_CAR.elf.dir/Core/Src/syscalls.c.obj
LOAD CMakeFiles/STM32_CAR.elf.dir/Core/Src/system_stm32f1xx.c.obj
LOAD CMakeFiles/STM32_CAR.elf.dir/Core/Src/usart.c.obj
LOAD CMakeFiles/STM32_CAR.elf.dir/Drivers/STM32F1xx_HAL_Driver/Src/stm32f1xx_hal.c.obj
LOAD CMakeFiles/STM32_CAR.elf.dir/Drivers/STM32F1xx_HAL_Driver/Src/stm32f1xx_hal_cortex.c.obj
LOAD CMakeFiles/STM32_CAR.elf.dir/Drivers/STM32F1xx_HAL_Driver/Src/stm32f1xx_hal_dma.c.obj
LOAD CMakeFiles/STM32_CAR.elf.dir/Drivers/STM32F1xx_HAL_Driver/Src/stm32f1xx_hal_exti.c.obj
LOAD CMakeFiles/STM32_CAR.elf.dir/Drivers/STM32F1xx_HAL_Driver/Src/stm32f1xx_hal_flash.c.obj
LOAD CMakeFiles/STM32_CAR.elf.dir/Drivers/STM32F1xx_HAL_Driver/Src/stm32f1xx_hal_flash_ex.c.obj
LOAD CMakeFiles/STM32_CAR.elf.dir/Drivers/STM32F1xx_HAL_Driver/Src/stm32f1xx_hal_gpio.c.obj
LOAD CMakeFiles/STM32_CAR.elf.dir/Drivers/STM32F1xx_HAL_Driver/Src/stm32f1xx_hal_gpio_ex.c.obj
LOAD CMakeFiles/STM32_CAR.elf.dir/Drivers/STM32F1xx_HAL_Driver/Src/stm32f1xx_hal_pwr.c.obj
LOAD CMakeFiles/STM32_CAR.elf.dir/Drivers/STM32F1xx_HAL_Driver/Src/stm32f1xx_hal_rcc.c.obj
LOAD CMakeFiles/STM32_CAR.elf.dir/Drivers/STM32F1xx_HAL_Driver/Src/stm32f1xx_hal_rcc_ex.c.obj
LOAD CMakeFiles/STM32_CAR.elf.dir/Drivers/STM32F1xx_HAL_Driver/Src/stm32f1xx_hal_tim.c.obj
LOAD CMakeFiles/STM32_CAR.elf.dir/Drivers/STM32F1xx_HAL_Driver/Src/stm32f1xx_hal_tim_ex.c.obj
LOAD CMakeFiles/STM32_CAR.elf.dir/Drivers/STM32F1xx_HAL_Driver/Src/stm32f1xx_hal_uart.c.obj
LOAD CMakeFiles/STM32_CAR.elf.dir/Fire/Fire.c.obj
LOAD CMakeFiles/STM32_CAR.elf.dir/Middlewares/Third_Party/FreeRTOS/Source/CMSIS_RTOS_V2/cmsis_os2.c.obj
LOAD CMakeFiles/STM32_CAR.elf.dir/Middlewares/Third_Party/FreeRTOS/Source/croutine.c.obj
LOAD CMakeFiles/STM32_CAR.elf.dir/Middlewares/Third_Party/FreeRTOS/Source/event_groups.c.obj
LOAD CMakeFiles/STM32_CAR.elf.dir/Middlewares/Third_Party/FreeRTOS/Source/list.c.obj
LOAD CMakeFiles/STM32_CAR.elf.dir/Middlewares/Third_Party/FreeRTOS/Source/portable/GCC/ARM_CM3/port.c.obj
LOAD CMakeFiles/STM32_CAR.elf.dir/Middlewares/Third_Party/FreeRTOS/Source/portable/MemMang/heap_4.c.obj
LOAD CMakeFiles/STM32_CAR.elf.dir/Middlewares/Third_Party/FreeRTOS/Source/queue.c.obj
LOAD CMakeFiles/STM32_CAR.elf.dir/Middlewares/Third_Party/FreeRTOS/Source/stream_buffer.c.obj
LOAD CMakeFiles/STM32_CAR.elf.dir/Middlewares/Third_Party/FreeRTOS/Source/tasks.c.obj
LOAD CMakeFiles/STM32_CAR.elf.dir/Middlewares/Third_Party/FreeRTOS/Source/timers.c.obj
LOAD CMakeFiles/STM32_CAR.elf.dir/OLED/my_menu.c.obj
LOAD CMakeFiles/STM32_CAR.elf.dir/OLED/oled.c.obj
LOAD CMakeFiles/STM32_CAR.elf.dir/TB6612Driver/TB6612.c.obj
LOAD CMakeFiles/STM32_CAR.elf.dir/dht11/dht11.c.obj
LOAD CMakeFiles/STM32_CAR.elf.dir/my_change/change.c.obj
LOAD CMakeFiles/STM32_CAR.elf.dir/startup/startup_stm32f103xb.s.obj
LOAD CMakeFiles/STM32_CAR.elf.dir/u8g2/mui.c.obj
LOAD CMakeFiles/STM32_CAR.elf.dir/u8g2/mui_u8g2.c.obj
LOAD CMakeFiles/STM32_CAR.elf.dir/u8g2/u8g2_arc.c.obj
LOAD CMakeFiles/STM32_CAR.elf.dir/u8g2/u8g2_bitmap.c.obj
LOAD CMakeFiles/STM32_CAR.elf.dir/u8g2/u8g2_box.c.obj
LOAD CMakeFiles/STM32_CAR.elf.dir/u8g2/u8g2_buffer.c.obj
LOAD CMakeFiles/STM32_CAR.elf.dir/u8g2/u8g2_button.c.obj
LOAD CMakeFiles/STM32_CAR.elf.dir/u8g2/u8g2_circle.c.obj
LOAD CMakeFiles/STM32_CAR.elf.dir/u8g2/u8g2_cleardisplay.c.obj
LOAD CMakeFiles/STM32_CAR.elf.dir/u8g2/u8g2_d_memory.c.obj
LOAD CMakeFiles/STM32_CAR.elf.dir/u8g2/u8g2_d_setup.c.obj
LOAD CMakeFiles/STM32_CAR.elf.dir/u8g2/u8g2_font.c.obj
LOAD CMakeFiles/STM32_CAR.elf.dir/u8g2/u8g2_fonts.c.obj
LOAD CMakeFiles/STM32_CAR.elf.dir/u8g2/u8g2_hvline.c.obj
LOAD CMakeFiles/STM32_CAR.elf.dir/u8g2/u8g2_input_value.c.obj
LOAD CMakeFiles/STM32_CAR.elf.dir/u8g2/u8g2_intersection.c.obj
LOAD CMakeFiles/STM32_CAR.elf.dir/u8g2/u8g2_kerning.c.obj
LOAD CMakeFiles/STM32_CAR.elf.dir/u8g2/u8g2_line.c.obj
LOAD CMakeFiles/STM32_CAR.elf.dir/u8g2/u8g2_ll_hvline.c.obj
LOAD CMakeFiles/STM32_CAR.elf.dir/u8g2/u8g2_message.c.obj
LOAD CMakeFiles/STM32_CAR.elf.dir/u8g2/u8g2_polygon.c.obj
LOAD CMakeFiles/STM32_CAR.elf.dir/u8g2/u8g2_selection_list.c.obj
LOAD CMakeFiles/STM32_CAR.elf.dir/u8g2/u8g2_setup.c.obj
LOAD CMakeFiles/STM32_CAR.elf.dir/u8g2/u8log.c.obj
LOAD CMakeFiles/STM32_CAR.elf.dir/u8g2/u8log_u8g2.c.obj
LOAD CMakeFiles/STM32_CAR.elf.dir/u8g2/u8log_u8x8.c.obj
LOAD CMakeFiles/STM32_CAR.elf.dir/u8g2/u8x8_8x8.c.obj
LOAD CMakeFiles/STM32_CAR.elf.dir/u8g2/u8x8_byte.c.obj
LOAD CMakeFiles/STM32_CAR.elf.dir/u8g2/u8x8_cad.c.obj
LOAD CMakeFiles/STM32_CAR.elf.dir/u8g2/u8x8_capture.c.obj
LOAD CMakeFiles/STM32_CAR.elf.dir/u8g2/u8x8_d_ssd1306_128x64_noname.c.obj
LOAD CMakeFiles/STM32_CAR.elf.dir/u8g2/u8x8_debounce.c.obj
LOAD CMakeFiles/STM32_CAR.elf.dir/u8g2/u8x8_display.c.obj
LOAD CMakeFiles/STM32_CAR.elf.dir/u8g2/u8x8_fonts.c.obj
LOAD CMakeFiles/STM32_CAR.elf.dir/u8g2/u8x8_gpio.c.obj
LOAD CMakeFiles/STM32_CAR.elf.dir/u8g2/u8x8_input_value.c.obj
LOAD CMakeFiles/STM32_CAR.elf.dir/u8g2/u8x8_message.c.obj
LOAD CMakeFiles/STM32_CAR.elf.dir/u8g2/u8x8_selection_list.c.obj
LOAD CMakeFiles/STM32_CAR.elf.dir/u8g2/u8x8_setup.c.obj
LOAD CMakeFiles/STM32_CAR.elf.dir/u8g2/u8x8_string.c.obj
LOAD CMakeFiles/STM32_CAR.elf.dir/u8g2/u8x8_u16toa.c.obj
LOAD CMakeFiles/STM32_CAR.elf.dir/u8g2/u8x8_u8toa.c.obj
START GROUP
LOAD d:/clion_stm32/gcc-arm-none-eabi-10.3-2021.10/bin/../lib/gcc/arm-none-eabi/10.3.1/thumb/v7-m/nofp\libgcc.a
LOAD d:/clion_stm32/gcc-arm-none-eabi-10.3-2021.10/bin/../lib/gcc/arm-none-eabi/10.3.1/../../../../arm-none-eabi/lib/thumb/v7-m/nofp\libg.a
LOAD d:/clion_stm32/gcc-arm-none-eabi-10.3-2021.10/bin/../lib/gcc/arm-none-eabi/10.3.1/../../../../arm-none-eabi/lib/thumb/v7-m/nofp\libc.a
END GROUP
LOAD d:/clion_stm32/gcc-arm-none-eabi-10.3-2021.10/bin/../lib/gcc/arm-none-eabi/10.3.1/thumb/v7-m/nofp/crtend.o
LOAD d:/clion_stm32/gcc-arm-none-eabi-10.3-2021.10/bin/../lib/gcc/arm-none-eabi/10.3.1/thumb/v7-m/nofp/crtn.o
                0x20005000                _estack = 0x20005000
                0x00000200                _Min_Heap_Size = 0x200
                0x00000400                _Min_Stack_Size = 0x400

.isr_vector     0x08000000      0x10c
                0x08000000                . = ALIGN (0x4)
 *(.isr_vector)
 .isr_vector    0x08000000      0x10c CMakeFiles/STM32_CAR.elf.dir/startup/startup_stm32f103xb.s.obj
                0x08000000                g_pfnVectors
                0x0800010c                . = ALIGN (0x4)

.text           0x08000110     0xb940
                0x08000110                . = ALIGN (0x4)
 *(.text)
 .text          0x08000110       0x40 d:/clion_stm32/gcc-arm-none-eabi-10.3-2021.10/bin/../lib/gcc/arm-none-eabi/10.3.1/thumb/v7-m/nofp/crtbegin.o
 .text          0x08000150       0xec d:/clion_stm32/gcc-arm-none-eabi-10.3-2021.10/bin/../lib/gcc/arm-none-eabi/10.3.1/../../../../arm-none-eabi/lib/thumb/v7-m/nofp\libg.a(lib_a-memcpy.o)
                0x08000150                memcpy
 .text          0x0800023c      0x378 d:/clion_stm32/gcc-arm-none-eabi-10.3-2021.10/bin/../lib/gcc/arm-none-eabi/10.3.1/thumb/v7-m/nofp\libgcc.a(_arm_addsubdf3.o)
                0x0800023c                __aeabi_drsub
                0x08000244                __subdf3
                0x08000244                __aeabi_dsub
                0x08000248                __aeabi_dadd
                0x08000248                __adddf3
                0x080004c0                __floatunsidf
                0x080004c0                __aeabi_ui2d
                0x080004e0                __aeabi_i2d
                0x080004e0                __floatsidf
                0x08000504                __extendsfdf2
                0x08000504                __aeabi_f2d
                0x08000548                __floatundidf
                0x08000548                __aeabi_ul2d
                0x08000558                __aeabi_l2d
                0x08000558                __floatdidf
 .text          0x080005b4      0x424 d:/clion_stm32/gcc-arm-none-eabi-10.3-2021.10/bin/../lib/gcc/arm-none-eabi/10.3.1/thumb/v7-m/nofp\libgcc.a(_arm_muldivdf3.o)
                0x080005b4                __aeabi_dmul
                0x080005b4                __muldf3
                0x08000808                __divdf3
                0x08000808                __aeabi_ddiv
 .text          0x080009d8      0x110 d:/clion_stm32/gcc-arm-none-eabi-10.3-2021.10/bin/../lib/gcc/arm-none-eabi/10.3.1/thumb/v7-m/nofp\libgcc.a(_arm_cmpdf2.o)
                0x080009d8                __gtdf2
                0x080009d8                __gedf2
                0x080009e0                __ltdf2
                0x080009e0                __ledf2
                0x080009e8                __nedf2
                0x080009e8                __cmpdf2
                0x080009e8                __eqdf2
                0x08000a64                __aeabi_cdrcmple
                0x08000a74                __aeabi_cdcmple
                0x08000a74                __aeabi_cdcmpeq
                0x08000a84                __aeabi_dcmpeq
                0x08000a98                __aeabi_dcmplt
                0x08000aac                __aeabi_dcmple
                0x08000ac0                __aeabi_dcmpge
                0x08000ad4                __aeabi_dcmpgt
 .text          0x08000ae8       0x2c d:/clion_stm32/gcc-arm-none-eabi-10.3-2021.10/bin/../lib/gcc/arm-none-eabi/10.3.1/thumb/v7-m/nofp\libgcc.a(_arm_unorddf2.o)
                0x08000ae8                __unorddf2
                0x08000ae8                __aeabi_dcmpun
 .text          0x08000b14       0x50 d:/clion_stm32/gcc-arm-none-eabi-10.3-2021.10/bin/../lib/gcc/arm-none-eabi/10.3.1/thumb/v7-m/nofp\libgcc.a(_arm_fixdfsi.o)
                0x08000b14                __fixdfsi
                0x08000b14                __aeabi_d2iz
 .text          0x08000b64       0x30 d:/clion_stm32/gcc-arm-none-eabi-10.3-2021.10/bin/../lib/gcc/arm-none-eabi/10.3.1/thumb/v7-m/nofp\libgcc.a(_aeabi_uldivmod.o)
                0x08000b64                __aeabi_uldivmod
 .text          0x08000b94      0x2d4 d:/clion_stm32/gcc-arm-none-eabi-10.3-2021.10/bin/../lib/gcc/arm-none-eabi/10.3.1/thumb/v7-m/nofp\libgcc.a(_udivmoddi4.o)
                0x08000b94                __udivmoddi4
 .text          0x08000e68        0x4 d:/clion_stm32/gcc-arm-none-eabi-10.3-2021.10/bin/../lib/gcc/arm-none-eabi/10.3.1/thumb/v7-m/nofp\libgcc.a(_dvmd_tls.o)
                0x08000e68                __aeabi_idiv0
                0x08000e68                __aeabi_ldiv0
 *(.text*)
 .text.Recive_task
                0x08000e6c       0x88 CMakeFiles/STM32_CAR.elf.dir/Core/Src/freertos.c.obj
                0x08000e6c                Recive_task
 .text.__io_putchar
                0x08000ef4       0x20 CMakeFiles/STM32_CAR.elf.dir/Core/Src/freertos.c.obj
                0x08000ef4                __io_putchar
 .text.MX_FREERTOS_Init
                0x08000f14       0x20 CMakeFiles/STM32_CAR.elf.dir/Core/Src/freertos.c.obj
                0x08000f14                MX_FREERTOS_Init
 .text.MX_GPIO_Init
                0x08000f34      0x13c CMakeFiles/STM32_CAR.elf.dir/Core/Src/gpio.c.obj
                0x08000f34                MX_GPIO_Init
 .text.HAL_TIM_PeriodElapsedCallback
                0x08001070       0x12 CMakeFiles/STM32_CAR.elf.dir/Core/Src/main.c.obj
                0x08001070                HAL_TIM_PeriodElapsedCallback
 .text.Error_Handler
                0x08001082        0x4 CMakeFiles/STM32_CAR.elf.dir/Core/Src/main.c.obj
                0x08001082                Error_Handler
 .text.SystemClock_Config
                0x08001086       0x64 CMakeFiles/STM32_CAR.elf.dir/Core/Src/main.c.obj
                0x08001086                SystemClock_Config
 .text.main     0x080010ea       0x24 CMakeFiles/STM32_CAR.elf.dir/Core/Src/main.c.obj
                0x080010ea                main
 *fill*         0x0800110e        0x2 
 .text.HAL_MspInit
                0x08001110       0x54 CMakeFiles/STM32_CAR.elf.dir/Core/Src/stm32f1xx_hal_msp.c.obj
                0x08001110                HAL_MspInit
 .text.HAL_InitTick
                0x08001164       0x78 CMakeFiles/STM32_CAR.elf.dir/Core/Src/stm32f1xx_hal_timebase_tim.c.obj
                0x08001164                HAL_InitTick
 .text.NMI_Handler
                0x080011dc        0x2 CMakeFiles/STM32_CAR.elf.dir/Core/Src/stm32f1xx_it.c.obj
                0x080011dc                NMI_Handler
 .text.HardFault_Handler
                0x080011de        0x2 CMakeFiles/STM32_CAR.elf.dir/Core/Src/stm32f1xx_it.c.obj
                0x080011de                HardFault_Handler
 .text.MemManage_Handler
                0x080011e0        0x2 CMakeFiles/STM32_CAR.elf.dir/Core/Src/stm32f1xx_it.c.obj
                0x080011e0                MemManage_Handler
 .text.BusFault_Handler
                0x080011e2        0x2 CMakeFiles/STM32_CAR.elf.dir/Core/Src/stm32f1xx_it.c.obj
                0x080011e2                BusFault_Handler
 .text.UsageFault_Handler
                0x080011e4        0x2 CMakeFiles/STM32_CAR.elf.dir/Core/Src/stm32f1xx_it.c.obj
                0x080011e4                UsageFault_Handler
 .text.DebugMon_Handler
                0x080011e6        0x2 CMakeFiles/STM32_CAR.elf.dir/Core/Src/stm32f1xx_it.c.obj
                0x080011e6                DebugMon_Handler
 .text.TIM2_IRQHandler
                0x080011e8       0x10 CMakeFiles/STM32_CAR.elf.dir/Core/Src/stm32f1xx_it.c.obj
                0x080011e8                TIM2_IRQHandler
 .text._getpid  0x080011f8        0x4 CMakeFiles/STM32_CAR.elf.dir/Core/Src/syscalls.c.obj
                0x080011f8                _getpid
 .text._kill    0x080011fc       0x10 CMakeFiles/STM32_CAR.elf.dir/Core/Src/syscalls.c.obj
                0x080011fc                _kill
 .text._exit    0x0800120c        0xc CMakeFiles/STM32_CAR.elf.dir/Core/Src/syscalls.c.obj
                0x0800120c                _exit
 .text._read    0x08001218       0x20 CMakeFiles/STM32_CAR.elf.dir/Core/Src/syscalls.c.obj
                0x08001218                _read
 .text._write   0x08001238       0x1c CMakeFiles/STM32_CAR.elf.dir/Core/Src/syscalls.c.obj
                0x08001238                _write
 .text._sbrk    0x08001254       0x3c CMakeFiles/STM32_CAR.elf.dir/Core/Src/syscalls.c.obj
                0x08001254                _sbrk
 .text._close   0x08001290        0x6 CMakeFiles/STM32_CAR.elf.dir/Core/Src/syscalls.c.obj
                0x08001290                _close
 .text._fstat   0x08001296        0xa CMakeFiles/STM32_CAR.elf.dir/Core/Src/syscalls.c.obj
                0x08001296                _fstat
 .text._isatty  0x080012a0        0x4 CMakeFiles/STM32_CAR.elf.dir/Core/Src/syscalls.c.obj
                0x080012a0                _isatty
 .text._lseek   0x080012a4        0x4 CMakeFiles/STM32_CAR.elf.dir/Core/Src/syscalls.c.obj
                0x080012a4                _lseek
 .text.SystemInit
                0x080012a8        0x2 CMakeFiles/STM32_CAR.elf.dir/Core/Src/system_stm32f1xx.c.obj
                0x080012a8                SystemInit
 *fill*         0x080012aa        0x2 
 .text.MX_USART1_UART_Init
                0x080012ac       0x34 CMakeFiles/STM32_CAR.elf.dir/Core/Src/usart.c.obj
                0x080012ac                MX_USART1_UART_Init
 .text.MX_USART3_UART_Init
                0x080012e0       0x34 CMakeFiles/STM32_CAR.elf.dir/Core/Src/usart.c.obj
                0x080012e0                MX_USART3_UART_Init
 .text.HAL_UART_MspInit
                0x08001314       0xdc CMakeFiles/STM32_CAR.elf.dir/Core/Src/usart.c.obj
                0x08001314                HAL_UART_MspInit
 .text.HAL_Init
                0x080013f0       0x24 CMakeFiles/STM32_CAR.elf.dir/Drivers/STM32F1xx_HAL_Driver/Src/stm32f1xx_hal.c.obj
                0x080013f0                HAL_Init
 .text.HAL_IncTick
                0x08001414       0x18 CMakeFiles/STM32_CAR.elf.dir/Drivers/STM32F1xx_HAL_Driver/Src/stm32f1xx_hal.c.obj
                0x08001414                HAL_IncTick
 .text.HAL_GetTick
                0x0800142c        0xc CMakeFiles/STM32_CAR.elf.dir/Drivers/STM32F1xx_HAL_Driver/Src/stm32f1xx_hal.c.obj
                0x0800142c                HAL_GetTick
 .text.HAL_Delay
                0x08001438       0x28 CMakeFiles/STM32_CAR.elf.dir/Drivers/STM32F1xx_HAL_Driver/Src/stm32f1xx_hal.c.obj
                0x08001438                HAL_Delay
 .text.HAL_NVIC_SetPriorityGrouping
                0x08001460       0x24 CMakeFiles/STM32_CAR.elf.dir/Drivers/STM32F1xx_HAL_Driver/Src/stm32f1xx_hal_cortex.c.obj
                0x08001460                HAL_NVIC_SetPriorityGrouping
 .text.HAL_NVIC_SetPriority
                0x08001484       0x70 CMakeFiles/STM32_CAR.elf.dir/Drivers/STM32F1xx_HAL_Driver/Src/stm32f1xx_hal_cortex.c.obj
                0x08001484                HAL_NVIC_SetPriority
 .text.HAL_NVIC_EnableIRQ
                0x080014f4       0x1c CMakeFiles/STM32_CAR.elf.dir/Drivers/STM32F1xx_HAL_Driver/Src/stm32f1xx_hal_cortex.c.obj
                0x080014f4                HAL_NVIC_EnableIRQ
 .text.HAL_GPIO_Init
                0x08001510      0x224 CMakeFiles/STM32_CAR.elf.dir/Drivers/STM32F1xx_HAL_Driver/Src/stm32f1xx_hal_gpio.c.obj
                0x08001510                HAL_GPIO_Init
 .text.HAL_GPIO_ReadPin
                0x08001734        0xe CMakeFiles/STM32_CAR.elf.dir/Drivers/STM32F1xx_HAL_Driver/Src/stm32f1xx_hal_gpio.c.obj
                0x08001734                HAL_GPIO_ReadPin
 .text.HAL_GPIO_WritePin
                0x08001742        0xc CMakeFiles/STM32_CAR.elf.dir/Drivers/STM32F1xx_HAL_Driver/Src/stm32f1xx_hal_gpio.c.obj
                0x08001742                HAL_GPIO_WritePin
 *fill*         0x0800174e        0x2 
 .text.RCC_Delay
                0x08001750       0x2c CMakeFiles/STM32_CAR.elf.dir/Drivers/STM32F1xx_HAL_Driver/Src/stm32f1xx_hal_rcc.c.obj
 .text.HAL_RCC_OscConfig
                0x0800177c      0x410 CMakeFiles/STM32_CAR.elf.dir/Drivers/STM32F1xx_HAL_Driver/Src/stm32f1xx_hal_rcc.c.obj
                0x0800177c                HAL_RCC_OscConfig
 .text.HAL_RCC_GetSysClockFreq
                0x08001b8c       0x54 CMakeFiles/STM32_CAR.elf.dir/Drivers/STM32F1xx_HAL_Driver/Src/stm32f1xx_hal_rcc.c.obj
                0x08001b8c                HAL_RCC_GetSysClockFreq
 .text.HAL_RCC_ClockConfig
                0x08001be0      0x16c CMakeFiles/STM32_CAR.elf.dir/Drivers/STM32F1xx_HAL_Driver/Src/stm32f1xx_hal_rcc.c.obj
                0x08001be0                HAL_RCC_ClockConfig
 .text.HAL_RCC_GetHCLKFreq
                0x08001d4c        0xc CMakeFiles/STM32_CAR.elf.dir/Drivers/STM32F1xx_HAL_Driver/Src/stm32f1xx_hal_rcc.c.obj
                0x08001d4c                HAL_RCC_GetHCLKFreq
 .text.HAL_RCC_GetPCLK1Freq
                0x08001d58       0x20 CMakeFiles/STM32_CAR.elf.dir/Drivers/STM32F1xx_HAL_Driver/Src/stm32f1xx_hal_rcc.c.obj
                0x08001d58                HAL_RCC_GetPCLK1Freq
 .text.HAL_RCC_GetPCLK2Freq
                0x08001d78       0x20 CMakeFiles/STM32_CAR.elf.dir/Drivers/STM32F1xx_HAL_Driver/Src/stm32f1xx_hal_rcc.c.obj
                0x08001d78                HAL_RCC_GetPCLK2Freq
 .text.HAL_RCC_GetClockConfig
                0x08001d98       0x3c CMakeFiles/STM32_CAR.elf.dir/Drivers/STM32F1xx_HAL_Driver/Src/stm32f1xx_hal_rcc.c.obj
                0x08001d98                HAL_RCC_GetClockConfig
 .text.HAL_TIM_Base_MspInit
                0x08001dd4        0x2 CMakeFiles/STM32_CAR.elf.dir/Drivers/STM32F1xx_HAL_Driver/Src/stm32f1xx_hal_tim.c.obj
                0x08001dd4                HAL_TIM_Base_MspInit
 *fill*         0x08001dd6        0x2 
 .text.HAL_TIM_Base_Start_IT
                0x08001dd8       0x68 CMakeFiles/STM32_CAR.elf.dir/Drivers/STM32F1xx_HAL_Driver/Src/stm32f1xx_hal_tim.c.obj
                0x08001dd8                HAL_TIM_Base_Start_IT
 .text.HAL_TIM_OC_DelayElapsedCallback
                0x08001e40        0x2 CMakeFiles/STM32_CAR.elf.dir/Drivers/STM32F1xx_HAL_Driver/Src/stm32f1xx_hal_tim.c.obj
                0x08001e40                HAL_TIM_OC_DelayElapsedCallback
 .text.HAL_TIM_IC_CaptureCallback
                0x08001e42        0x2 CMakeFiles/STM32_CAR.elf.dir/Drivers/STM32F1xx_HAL_Driver/Src/stm32f1xx_hal_tim.c.obj
                0x08001e42                HAL_TIM_IC_CaptureCallback
 .text.HAL_TIM_PWM_PulseFinishedCallback
                0x08001e44        0x2 CMakeFiles/STM32_CAR.elf.dir/Drivers/STM32F1xx_HAL_Driver/Src/stm32f1xx_hal_tim.c.obj
                0x08001e44                HAL_TIM_PWM_PulseFinishedCallback
 .text.HAL_TIM_TriggerCallback
                0x08001e46        0x2 CMakeFiles/STM32_CAR.elf.dir/Drivers/STM32F1xx_HAL_Driver/Src/stm32f1xx_hal_tim.c.obj
                0x08001e46                HAL_TIM_TriggerCallback
 .text.HAL_TIM_IRQHandler
                0x08001e48      0x17a CMakeFiles/STM32_CAR.elf.dir/Drivers/STM32F1xx_HAL_Driver/Src/stm32f1xx_hal_tim.c.obj
                0x08001e48                HAL_TIM_IRQHandler
 *fill*         0x08001fc2        0x2 
 .text.TIM_Base_SetConfig
                0x08001fc4       0x74 CMakeFiles/STM32_CAR.elf.dir/Drivers/STM32F1xx_HAL_Driver/Src/stm32f1xx_hal_tim.c.obj
                0x08001fc4                TIM_Base_SetConfig
 .text.HAL_TIM_Base_Init
                0x08002038       0x58 CMakeFiles/STM32_CAR.elf.dir/Drivers/STM32F1xx_HAL_Driver/Src/stm32f1xx_hal_tim.c.obj
                0x08002038                HAL_TIM_Base_Init
 .text.HAL_TIMEx_CommutCallback
                0x08002090        0x2 CMakeFiles/STM32_CAR.elf.dir/Drivers/STM32F1xx_HAL_Driver/Src/stm32f1xx_hal_tim_ex.c.obj
                0x08002090                HAL_TIMEx_CommutCallback
 .text.HAL_TIMEx_BreakCallback
                0x08002092        0x2 CMakeFiles/STM32_CAR.elf.dir/Drivers/STM32F1xx_HAL_Driver/Src/stm32f1xx_hal_tim_ex.c.obj
                0x08002092                HAL_TIMEx_BreakCallback
 .text.UART_SetConfig
                0x08002094       0x94 CMakeFiles/STM32_CAR.elf.dir/Drivers/STM32F1xx_HAL_Driver/Src/stm32f1xx_hal_uart.c.obj
 .text.UART_WaitOnFlagUntilTimeout
                0x08002128       0x88 CMakeFiles/STM32_CAR.elf.dir/Drivers/STM32F1xx_HAL_Driver/Src/stm32f1xx_hal_uart.c.obj
 .text.HAL_UART_Init
                0x080021b0       0x60 CMakeFiles/STM32_CAR.elf.dir/Drivers/STM32F1xx_HAL_Driver/Src/stm32f1xx_hal_uart.c.obj
                0x080021b0                HAL_UART_Init
 .text.HAL_UART_Transmit
                0x08002210       0xbe CMakeFiles/STM32_CAR.elf.dir/Drivers/STM32F1xx_HAL_Driver/Src/stm32f1xx_hal_uart.c.obj
                0x08002210                HAL_UART_Transmit
 .text.HAL_UART_Receive
                0x080022ce       0xca CMakeFiles/STM32_CAR.elf.dir/Drivers/STM32F1xx_HAL_Driver/Src/stm32f1xx_hal_uart.c.obj
                0x080022ce                HAL_UART_Receive
 .text.Fire_Read
                0x08002398       0x28 CMakeFiles/STM32_CAR.elf.dir/Fire/Fire.c.obj
                0x08002398                Fire_Read
 .text.Fire_reback
                0x080023c0       0x58 CMakeFiles/STM32_CAR.elf.dir/Fire/Fire.c.obj
                0x080023c0                Fire_reback
 .text.osKernelInitialize
                0x08002418       0x44 CMakeFiles/STM32_CAR.elf.dir/Middlewares/Third_Party/FreeRTOS/Source/CMSIS_RTOS_V2/cmsis_os2.c.obj
                0x08002418                osKernelInitialize
 .text.osKernelStart
                0x0800245c       0x4c CMakeFiles/STM32_CAR.elf.dir/Middlewares/Third_Party/FreeRTOS/Source/CMSIS_RTOS_V2/cmsis_os2.c.obj
                0x0800245c                osKernelStart
 .text.osThreadNew
                0x080024a8       0xec CMakeFiles/STM32_CAR.elf.dir/Middlewares/Third_Party/FreeRTOS/Source/CMSIS_RTOS_V2/cmsis_os2.c.obj
                0x080024a8                osThreadNew
 .text.osDelay  0x08002594       0x44 CMakeFiles/STM32_CAR.elf.dir/Middlewares/Third_Party/FreeRTOS/Source/CMSIS_RTOS_V2/cmsis_os2.c.obj
                0x08002594                osDelay
 .text.vApplicationGetIdleTaskMemory
                0x080025d8       0x18 CMakeFiles/STM32_CAR.elf.dir/Middlewares/Third_Party/FreeRTOS/Source/CMSIS_RTOS_V2/cmsis_os2.c.obj
                0x080025d8                vApplicationGetIdleTaskMemory
 .text.vApplicationGetTimerTaskMemory
                0x080025f0       0x18 CMakeFiles/STM32_CAR.elf.dir/Middlewares/Third_Party/FreeRTOS/Source/CMSIS_RTOS_V2/cmsis_os2.c.obj
                0x080025f0                vApplicationGetTimerTaskMemory
 .text.vListInitialise
                0x08002608       0x16 CMakeFiles/STM32_CAR.elf.dir/Middlewares/Third_Party/FreeRTOS/Source/list.c.obj
                0x08002608                vListInitialise
 .text.vListInitialiseItem
                0x0800261e        0x6 CMakeFiles/STM32_CAR.elf.dir/Middlewares/Third_Party/FreeRTOS/Source/list.c.obj
                0x0800261e                vListInitialiseItem
 .text.vListInsertEnd
                0x08002624       0x16 CMakeFiles/STM32_CAR.elf.dir/Middlewares/Third_Party/FreeRTOS/Source/list.c.obj
                0x08002624                vListInsertEnd
 .text.vListInsert
                0x0800263a       0x32 CMakeFiles/STM32_CAR.elf.dir/Middlewares/Third_Party/FreeRTOS/Source/list.c.obj
                0x0800263a                vListInsert
 .text.uxListRemove
                0x0800266c       0x26 CMakeFiles/STM32_CAR.elf.dir/Middlewares/Third_Party/FreeRTOS/Source/list.c.obj
                0x0800266c                uxListRemove
 *fill*         0x08002692        0x2 
 .text.prvTaskExitError
                0x08002694       0x40 CMakeFiles/STM32_CAR.elf.dir/Middlewares/Third_Party/FreeRTOS/Source/portable/GCC/ARM_CM3/port.c.obj
 .text.prvPortStartFirstTask
                0x080026d4       0x20 CMakeFiles/STM32_CAR.elf.dir/Middlewares/Third_Party/FreeRTOS/Source/portable/GCC/ARM_CM3/port.c.obj
 .text.pxPortInitialiseStack
                0x080026f4       0x24 CMakeFiles/STM32_CAR.elf.dir/Middlewares/Third_Party/FreeRTOS/Source/portable/GCC/ARM_CM3/port.c.obj
                0x080026f4                pxPortInitialiseStack
 *fill*         0x08002718        0x8 
 .text.SVC_Handler
                0x08002720       0x24 CMakeFiles/STM32_CAR.elf.dir/Middlewares/Third_Party/FreeRTOS/Source/portable/GCC/ARM_CM3/port.c.obj
                0x08002720                SVC_Handler
 .text.vPortEnterCritical
                0x08002744       0x44 CMakeFiles/STM32_CAR.elf.dir/Middlewares/Third_Party/FreeRTOS/Source/portable/GCC/ARM_CM3/port.c.obj
                0x08002744                vPortEnterCritical
 .text.vPortExitCritical
                0x08002788       0x2c CMakeFiles/STM32_CAR.elf.dir/Middlewares/Third_Party/FreeRTOS/Source/portable/GCC/ARM_CM3/port.c.obj
                0x08002788                vPortExitCritical
 *fill*         0x080027b4        0xc 
 .text.PendSV_Handler
                0x080027c0       0x44 CMakeFiles/STM32_CAR.elf.dir/Middlewares/Third_Party/FreeRTOS/Source/portable/GCC/ARM_CM3/port.c.obj
                0x080027c0                PendSV_Handler
 .text.SysTick_Handler
                0x08002804       0x2c CMakeFiles/STM32_CAR.elf.dir/Middlewares/Third_Party/FreeRTOS/Source/portable/GCC/ARM_CM3/port.c.obj
                0x08002804                SysTick_Handler
 .text.vPortSetupTimerInterrupt
                0x08002830       0x28 CMakeFiles/STM32_CAR.elf.dir/Middlewares/Third_Party/FreeRTOS/Source/portable/GCC/ARM_CM3/port.c.obj
                0x08002830                vPortSetupTimerInterrupt
 .text.xPortStartScheduler
                0x08002858       0xc0 CMakeFiles/STM32_CAR.elf.dir/Middlewares/Third_Party/FreeRTOS/Source/portable/GCC/ARM_CM3/port.c.obj
                0x08002858                xPortStartScheduler
 .text.vPortValidateInterruptPriority
                0x08002918       0x5c CMakeFiles/STM32_CAR.elf.dir/Middlewares/Third_Party/FreeRTOS/Source/portable/GCC/ARM_CM3/port.c.obj
                0x08002918                vPortValidateInterruptPriority
 .text.prvHeapInit
                0x08002974       0x64 CMakeFiles/STM32_CAR.elf.dir/Middlewares/Third_Party/FreeRTOS/Source/portable/MemMang/heap_4.c.obj
 .text.prvInsertBlockIntoFreeList
                0x080029d8       0x60 CMakeFiles/STM32_CAR.elf.dir/Middlewares/Third_Party/FreeRTOS/Source/portable/MemMang/heap_4.c.obj
 .text.pvPortMalloc
                0x08002a38       0xf0 CMakeFiles/STM32_CAR.elf.dir/Middlewares/Third_Party/FreeRTOS/Source/portable/MemMang/heap_4.c.obj
                0x08002a38                pvPortMalloc
 .text.vPortFree
                0x08002b28       0x70 CMakeFiles/STM32_CAR.elf.dir/Middlewares/Third_Party/FreeRTOS/Source/portable/MemMang/heap_4.c.obj
                0x08002b28                vPortFree
 .text.prvIsQueueFull
                0x08002b98       0x1e CMakeFiles/STM32_CAR.elf.dir/Middlewares/Third_Party/FreeRTOS/Source/queue.c.obj
 .text.prvIsQueueEmpty
                0x08002bb6       0x1a CMakeFiles/STM32_CAR.elf.dir/Middlewares/Third_Party/FreeRTOS/Source/queue.c.obj
 .text.prvCopyDataToQueue
                0x08002bd0       0x76 CMakeFiles/STM32_CAR.elf.dir/Middlewares/Third_Party/FreeRTOS/Source/queue.c.obj
 .text.prvCopyDataFromQueue
                0x08002c46       0x24 CMakeFiles/STM32_CAR.elf.dir/Middlewares/Third_Party/FreeRTOS/Source/queue.c.obj
 .text.prvUnlockQueue
                0x08002c6a       0x6e CMakeFiles/STM32_CAR.elf.dir/Middlewares/Third_Party/FreeRTOS/Source/queue.c.obj
 .text.xQueueGenericReset
                0x08002cd8       0x84 CMakeFiles/STM32_CAR.elf.dir/Middlewares/Third_Party/FreeRTOS/Source/queue.c.obj
                0x08002cd8                xQueueGenericReset
 .text.prvInitialiseNewQueue
                0x08002d5c       0x22 CMakeFiles/STM32_CAR.elf.dir/Middlewares/Third_Party/FreeRTOS/Source/queue.c.obj
 .text.xQueueGenericCreateStatic
                0x08002d7e       0x92 CMakeFiles/STM32_CAR.elf.dir/Middlewares/Third_Party/FreeRTOS/Source/queue.c.obj
                0x08002d7e                xQueueGenericCreateStatic
 .text.xQueueGenericSend
                0x08002e10      0x188 CMakeFiles/STM32_CAR.elf.dir/Middlewares/Third_Party/FreeRTOS/Source/queue.c.obj
                0x08002e10                xQueueGenericSend
 .text.xQueueGenericSendFromISR
                0x08002f98       0xcc CMakeFiles/STM32_CAR.elf.dir/Middlewares/Third_Party/FreeRTOS/Source/queue.c.obj
                0x08002f98                xQueueGenericSendFromISR
 .text.xQueueReceive
                0x08003064      0x15e CMakeFiles/STM32_CAR.elf.dir/Middlewares/Third_Party/FreeRTOS/Source/queue.c.obj
                0x08003064                xQueueReceive
 *fill*         0x080031c2        0x2 
 .text.vQueueAddToRegistry
                0x080031c4       0x28 CMakeFiles/STM32_CAR.elf.dir/Middlewares/Third_Party/FreeRTOS/Source/queue.c.obj
                0x080031c4                vQueueAddToRegistry
 .text.vQueueWaitForMessageRestricted
                0x080031ec       0x52 CMakeFiles/STM32_CAR.elf.dir/Middlewares/Third_Party/FreeRTOS/Source/queue.c.obj
                0x080031ec                vQueueWaitForMessageRestricted
 *fill*         0x0800323e        0x2 
 .text.prvResetNextTaskUnblockTime
                0x08003240       0x2c CMakeFiles/STM32_CAR.elf.dir/Middlewares/Third_Party/FreeRTOS/Source/tasks.c.obj
 .text.prvInitialiseNewTask
                0x0800326c       0x9c CMakeFiles/STM32_CAR.elf.dir/Middlewares/Third_Party/FreeRTOS/Source/tasks.c.obj
 .text.prvInitialiseTaskLists
                0x08003308       0x68 CMakeFiles/STM32_CAR.elf.dir/Middlewares/Third_Party/FreeRTOS/Source/tasks.c.obj
 .text.prvAddNewTaskToReadyList
                0x08003370       0xac CMakeFiles/STM32_CAR.elf.dir/Middlewares/Third_Party/FreeRTOS/Source/tasks.c.obj
 .text.prvDeleteTCB
                0x0800341c       0x38 CMakeFiles/STM32_CAR.elf.dir/Middlewares/Third_Party/FreeRTOS/Source/tasks.c.obj
 .text.prvCheckTasksWaitingTermination
                0x08003454       0x4c CMakeFiles/STM32_CAR.elf.dir/Middlewares/Third_Party/FreeRTOS/Source/tasks.c.obj
 .text.prvIdleTask
                0x080034a0       0x28 CMakeFiles/STM32_CAR.elf.dir/Middlewares/Third_Party/FreeRTOS/Source/tasks.c.obj
 .text.prvAddCurrentTaskToDelayedList
                0x080034c8       0x7c CMakeFiles/STM32_CAR.elf.dir/Middlewares/Third_Party/FreeRTOS/Source/tasks.c.obj
 .text.xTaskCreateStatic
                0x08003544       0x74 CMakeFiles/STM32_CAR.elf.dir/Middlewares/Third_Party/FreeRTOS/Source/tasks.c.obj
                0x08003544                xTaskCreateStatic
 .text.xTaskCreate
                0x080035b8       0x68 CMakeFiles/STM32_CAR.elf.dir/Middlewares/Third_Party/FreeRTOS/Source/tasks.c.obj
                0x080035b8                xTaskCreate
 .text.vTaskStartScheduler
                0x08003620       0x9c CMakeFiles/STM32_CAR.elf.dir/Middlewares/Third_Party/FreeRTOS/Source/tasks.c.obj
                0x08003620                vTaskStartScheduler
 .text.vTaskSuspendAll
                0x080036bc       0x10 CMakeFiles/STM32_CAR.elf.dir/Middlewares/Third_Party/FreeRTOS/Source/tasks.c.obj
                0x080036bc                vTaskSuspendAll
 .text.xTaskGetTickCount
                0x080036cc        0xc CMakeFiles/STM32_CAR.elf.dir/Middlewares/Third_Party/FreeRTOS/Source/tasks.c.obj
                0x080036cc                xTaskGetTickCount
 .text.xTaskIncrementTick
                0x080036d8      0x118 CMakeFiles/STM32_CAR.elf.dir/Middlewares/Third_Party/FreeRTOS/Source/tasks.c.obj
                0x080036d8                xTaskIncrementTick
 .text.xTaskResumeAll
                0x080037f0       0xf8 CMakeFiles/STM32_CAR.elf.dir/Middlewares/Third_Party/FreeRTOS/Source/tasks.c.obj
                0x080037f0                xTaskResumeAll
 .text.vTaskDelay
                0x080038e8       0x4c CMakeFiles/STM32_CAR.elf.dir/Middlewares/Third_Party/FreeRTOS/Source/tasks.c.obj
                0x080038e8                vTaskDelay
 .text.vTaskSwitchContext
                0x08003934       0x94 CMakeFiles/STM32_CAR.elf.dir/Middlewares/Third_Party/FreeRTOS/Source/tasks.c.obj
                0x08003934                vTaskSwitchContext
 .text.vTaskPlaceOnEventList
                0x080039c8       0x30 CMakeFiles/STM32_CAR.elf.dir/Middlewares/Third_Party/FreeRTOS/Source/tasks.c.obj
                0x080039c8                vTaskPlaceOnEventList
 .text.vTaskPlaceOnEventListRestricted
                0x080039f8       0x38 CMakeFiles/STM32_CAR.elf.dir/Middlewares/Third_Party/FreeRTOS/Source/tasks.c.obj
                0x080039f8                vTaskPlaceOnEventListRestricted
 .text.xTaskRemoveFromEventList
                0x08003a30       0x8c CMakeFiles/STM32_CAR.elf.dir/Middlewares/Third_Party/FreeRTOS/Source/tasks.c.obj
                0x08003a30                xTaskRemoveFromEventList
 .text.vTaskInternalSetTimeOutState
                0x08003abc       0x18 CMakeFiles/STM32_CAR.elf.dir/Middlewares/Third_Party/FreeRTOS/Source/tasks.c.obj
                0x08003abc                vTaskInternalSetTimeOutState
 .text.xTaskCheckForTimeOut
                0x08003ad4       0x84 CMakeFiles/STM32_CAR.elf.dir/Middlewares/Third_Party/FreeRTOS/Source/tasks.c.obj
                0x08003ad4                xTaskCheckForTimeOut
 .text.vTaskMissedYield
                0x08003b58        0xc CMakeFiles/STM32_CAR.elf.dir/Middlewares/Third_Party/FreeRTOS/Source/tasks.c.obj
                0x08003b58                vTaskMissedYield
 .text.xTaskGetSchedulerState
                0x08003b64       0x20 CMakeFiles/STM32_CAR.elf.dir/Middlewares/Third_Party/FreeRTOS/Source/tasks.c.obj
                0x08003b64                xTaskGetSchedulerState
 .text.xTaskPriorityDisinherit
                0x08003b84       0x90 CMakeFiles/STM32_CAR.elf.dir/Middlewares/Third_Party/FreeRTOS/Source/tasks.c.obj
                0x08003b84                xTaskPriorityDisinherit
 .text.prvGetNextExpireTime
                0x08003c14       0x20 CMakeFiles/STM32_CAR.elf.dir/Middlewares/Third_Party/FreeRTOS/Source/timers.c.obj
 .text.prvInsertTimerInActiveList
                0x08003c34       0x48 CMakeFiles/STM32_CAR.elf.dir/Middlewares/Third_Party/FreeRTOS/Source/timers.c.obj
 .text.prvCheckForValidListAndQueue
                0x08003c7c       0x70 CMakeFiles/STM32_CAR.elf.dir/Middlewares/Third_Party/FreeRTOS/Source/timers.c.obj
 .text.xTimerCreateTimerTask
                0x08003cec       0x64 CMakeFiles/STM32_CAR.elf.dir/Middlewares/Third_Party/FreeRTOS/Source/timers.c.obj
                0x08003cec                xTimerCreateTimerTask
 .text.xTimerGenericCommand
                0x08003d50       0x6c CMakeFiles/STM32_CAR.elf.dir/Middlewares/Third_Party/FreeRTOS/Source/timers.c.obj
                0x08003d50                xTimerGenericCommand
 .text.prvSwitchTimerLists
                0x08003dbc       0x78 CMakeFiles/STM32_CAR.elf.dir/Middlewares/Third_Party/FreeRTOS/Source/timers.c.obj
 .text.prvSampleTimeNow
                0x08003e34       0x2c CMakeFiles/STM32_CAR.elf.dir/Middlewares/Third_Party/FreeRTOS/Source/timers.c.obj
 .text.prvProcessExpiredTimer
                0x08003e60       0x60 CMakeFiles/STM32_CAR.elf.dir/Middlewares/Third_Party/FreeRTOS/Source/timers.c.obj
 .text.prvProcessTimerOrBlockTask
                0x08003ec0       0x74 CMakeFiles/STM32_CAR.elf.dir/Middlewares/Third_Party/FreeRTOS/Source/timers.c.obj
 .text.prvProcessReceivedCommands
                0x08003f34       0xf8 CMakeFiles/STM32_CAR.elf.dir/Middlewares/Third_Party/FreeRTOS/Source/timers.c.obj
 .text.prvTimerTask
                0x0800402c       0x16 CMakeFiles/STM32_CAR.elf.dir/Middlewares/Third_Party/FreeRTOS/Source/timers.c.obj
 *fill*         0x08004042        0x2 
 .text.my_u8g2_init
                0x08004044       0x78 CMakeFiles/STM32_CAR.elf.dir/OLED/my_menu.c.obj
                0x08004044                my_u8g2_init
 .text.PrintVarFormat
                0x080040bc       0x30 CMakeFiles/STM32_CAR.elf.dir/OLED/my_menu.c.obj
                0x080040bc                PrintVarFormat
 .text.Pin_init
                0x080040ec       0x54 CMakeFiles/STM32_CAR.elf.dir/OLED/oled.c.obj
                0x080040ec                Pin_init
 .text.HAL_Delay_us
                0x08004140       0x3c CMakeFiles/STM32_CAR.elf.dir/OLED/oled.c.obj
                0x08004140                HAL_Delay_us
 .text.u8x8_gpio_and_delay
                0x0800417c       0x98 CMakeFiles/STM32_CAR.elf.dir/OLED/oled.c.obj
                0x0800417c                u8x8_gpio_and_delay
 .text.u8g2_init
                0x08004214       0x30 CMakeFiles/STM32_CAR.elf.dir/OLED/oled.c.obj
                0x08004214                u8g2_init
 .text.APIN_STOP
                0x08004244       0x40 CMakeFiles/STM32_CAR.elf.dir/TB6612Driver/TB6612.c.obj
                0x08004244                APIN_STOP
 .text.BPIN_STOP
                0x08004284       0x3c CMakeFiles/STM32_CAR.elf.dir/TB6612Driver/TB6612.c.obj
                0x08004284                BPIN_STOP
 .text.APIN_CCW
                0x080042c0       0x40 CMakeFiles/STM32_CAR.elf.dir/TB6612Driver/TB6612.c.obj
                0x080042c0                APIN_CCW
 .text.BPIN_CCW
                0x08004300       0x3c CMakeFiles/STM32_CAR.elf.dir/TB6612Driver/TB6612.c.obj
                0x08004300                BPIN_CCW
 .text.APIN_CW  0x0800433c       0x40 CMakeFiles/STM32_CAR.elf.dir/TB6612Driver/TB6612.c.obj
                0x0800433c                APIN_CW
 .text.BPIN_CW  0x0800437c       0x3c CMakeFiles/STM32_CAR.elf.dir/TB6612Driver/TB6612.c.obj
                0x0800437c                BPIN_CW
 .text.CAR_STOP
                0x080043b8        0xc CMakeFiles/STM32_CAR.elf.dir/TB6612Driver/TB6612.c.obj
                0x080043b8                CAR_STOP
 .text.CAR_FORWARD
                0x080043c4        0xc CMakeFiles/STM32_CAR.elf.dir/TB6612Driver/TB6612.c.obj
                0x080043c4                CAR_FORWARD
 .text.CAR_BACKWARD
                0x080043d0        0xc CMakeFiles/STM32_CAR.elf.dir/TB6612Driver/TB6612.c.obj
                0x080043d0                CAR_BACKWARD
 .text.CAR_LEFT
                0x080043dc        0xc CMakeFiles/STM32_CAR.elf.dir/TB6612Driver/TB6612.c.obj
                0x080043dc                CAR_LEFT
 .text.CAR_RIGHT
                0x080043e8        0xc CMakeFiles/STM32_CAR.elf.dir/TB6612Driver/TB6612.c.obj
                0x080043e8                CAR_RIGHT
 .text.DATA_OUTPUT
                0x080043f4       0x4c CMakeFiles/STM32_CAR.elf.dir/dht11/dht11.c.obj
 .text.DATA_INPUT
                0x08004440       0x38 CMakeFiles/STM32_CAR.elf.dir/dht11/dht11.c.obj
 .text.Delay_us
                0x08004478       0x4c CMakeFiles/STM32_CAR.elf.dir/dht11/dht11.c.obj
                0x08004478                Delay_us
 .text.DH11_Read_Byte
                0x080044c4       0x78 CMakeFiles/STM32_CAR.elf.dir/dht11/dht11.c.obj
 .text.DH11_Read
                0x0800453c       0xb4 CMakeFiles/STM32_CAR.elf.dir/dht11/dht11.c.obj
                0x0800453c                DH11_Read
 .text.Test     0x080045f0       0x28 CMakeFiles/STM32_CAR.elf.dir/dht11/dht11.c.obj
 .text.DH11_Task
                0x08004618        0x8 CMakeFiles/STM32_CAR.elf.dir/dht11/dht11.c.obj
                0x08004618                DH11_Task
 .text.Car_Control
                0x08004620       0x5c CMakeFiles/STM32_CAR.elf.dir/my_change/change.c.obj
                0x08004620                Car_Control
 .text.Reset_Handler
                0x0800467c       0x48 CMakeFiles/STM32_CAR.elf.dir/startup/startup_stm32f103xb.s.obj
                0x0800467c                Reset_Handler
 .text.Default_Handler
                0x080046c4        0x2 CMakeFiles/STM32_CAR.elf.dir/startup/startup_stm32f103xb.s.obj
                0x080046c4                DMA1_Channel4_IRQHandler
                0x080046c4                EXTI1_IRQHandler
                0x080046c4                SPI2_IRQHandler
                0x080046c4                EXTI9_5_IRQHandler
                0x080046c4                SPI1_IRQHandler
                0x080046c4                PVD_IRQHandler
                0x080046c4                USBWakeUp_IRQHandler
                0x080046c4                WWDG_IRQHandler
                0x080046c4                ADC1_2_IRQHandler
                0x080046c4                DMA1_Channel5_IRQHandler
                0x080046c4                RCC_IRQHandler
                0x080046c4                I2C1_ER_IRQHandler
                0x080046c4                RTC_IRQHandler
                0x080046c4                DMA1_Channel6_IRQHandler
                0x080046c4                TIM1_UP_IRQHandler
                0x080046c4                DMA1_Channel2_IRQHandler
                0x080046c4                I2C2_EV_IRQHandler
                0x080046c4                TIM3_IRQHandler
                0x080046c4                DMA1_Channel7_IRQHandler
                0x080046c4                USB_LP_CAN1_RX0_IRQHandler
                0x080046c4                USART2_IRQHandler
                0x080046c4                FLASH_IRQHandler
                0x080046c4                EXTI15_10_IRQHandler
                0x080046c4                TIM1_BRK_IRQHandler
                0x080046c4                USART1_IRQHandler
                0x080046c4                TAMPER_IRQHandler
                0x080046c4                CAN1_SCE_IRQHandler
                0x080046c4                Default_Handler
                0x080046c4                EXTI2_IRQHandler
                0x080046c4                DMA1_Channel3_IRQHandler
                0x080046c4                TIM4_IRQHandler
                0x080046c4                USART3_IRQHandler
                0x080046c4                EXTI3_IRQHandler
                0x080046c4                I2C2_ER_IRQHandler
                0x080046c4                TIM1_TRG_COM_IRQHandler
                0x080046c4                I2C1_EV_IRQHandler
                0x080046c4                TIM1_CC_IRQHandler
                0x080046c4                DMA1_Channel1_IRQHandler
                0x080046c4                EXTI0_IRQHandler
                0x080046c4                RTC_Alarm_IRQHandler
                0x080046c4                EXTI4_IRQHandler
                0x080046c4                CAN1_RX1_IRQHandler
                0x080046c4                USB_HP_CAN1_TX_IRQHandler
 .text.u8g2_DrawHXBMP
                0x080046c6       0x8c CMakeFiles/STM32_CAR.elf.dir/u8g2/u8g2_bitmap.c.obj
                0x080046c6                u8g2_DrawHXBMP
 .text.u8g2_DrawXBMP
                0x08004752       0x54 CMakeFiles/STM32_CAR.elf.dir/u8g2/u8g2_bitmap.c.obj
                0x08004752                u8g2_DrawXBMP
 .text.u8g2_send_tile_row
                0x080047a6       0x20 CMakeFiles/STM32_CAR.elf.dir/u8g2/u8g2_buffer.c.obj
 .text.u8g2_send_buffer
                0x080047c6       0x34 CMakeFiles/STM32_CAR.elf.dir/u8g2/u8g2_buffer.c.obj
 .text.u8g2_ClearBuffer
                0x080047fa       0x1a CMakeFiles/STM32_CAR.elf.dir/u8g2/u8g2_buffer.c.obj
                0x080047fa                u8g2_ClearBuffer
 .text.u8g2_SendBuffer
                0x08004814       0x10 CMakeFiles/STM32_CAR.elf.dir/u8g2/u8g2_buffer.c.obj
                0x08004814                u8g2_SendBuffer
 .text.u8g2_SetBufferCurrTileRow
                0x08004824       0x18 CMakeFiles/STM32_CAR.elf.dir/u8g2/u8g2_buffer.c.obj
                0x08004824                u8g2_SetBufferCurrTileRow
 .text.u8g2_FirstPage
                0x0800483c       0x1a CMakeFiles/STM32_CAR.elf.dir/u8g2/u8g2_buffer.c.obj
                0x0800483c                u8g2_FirstPage
 .text.u8g2_NextPage
                0x08004856       0x40 CMakeFiles/STM32_CAR.elf.dir/u8g2/u8g2_buffer.c.obj
                0x08004856                u8g2_NextPage
 .text.u8g2_draw_circle_section
                0x08004896       0xb4 CMakeFiles/STM32_CAR.elf.dir/u8g2/u8g2_circle.c.obj
 .text.u8g2_draw_circle
                0x0800494a       0x80 CMakeFiles/STM32_CAR.elf.dir/u8g2/u8g2_circle.c.obj
 .text.u8g2_DrawCircle
                0x080049ca       0x48 CMakeFiles/STM32_CAR.elf.dir/u8g2/u8g2_circle.c.obj
                0x080049ca                u8g2_DrawCircle
 *fill*         0x08004a12        0x2 
 .text.u8g2_m_16_8_f
                0x08004a14        0xc CMakeFiles/STM32_CAR.elf.dir/u8g2/u8g2_d_memory.c.obj
                0x08004a14                u8g2_m_16_8_f
 .text.u8g2_Setup_ssd1306_i2c_128x64_noname_f
                0x08004a20       0x3c CMakeFiles/STM32_CAR.elf.dir/u8g2/u8g2_d_setup.c.obj
                0x08004a20                u8g2_Setup_ssd1306_i2c_128x64_noname_f
 .text.u8g2_font_get_byte
                0x08004a5c        0x4 CMakeFiles/STM32_CAR.elf.dir/u8g2/u8g2_font.c.obj
 .text.u8g2_font_get_word
                0x08004a60        0xe CMakeFiles/STM32_CAR.elf.dir/u8g2/u8g2_font.c.obj
 .text.u8g2_font_calc_vref_font
                0x08004a6e        0x4 CMakeFiles/STM32_CAR.elf.dir/u8g2/u8g2_font.c.obj
                0x08004a6e                u8g2_font_calc_vref_font
 .text.u8g2_read_font_info
                0x08004a72       0xd0 CMakeFiles/STM32_CAR.elf.dir/u8g2/u8g2_font.c.obj
                0x08004a72                u8g2_read_font_info
 .text.u8g2_font_decode_get_unsigned_bits
                0x08004b42       0x48 CMakeFiles/STM32_CAR.elf.dir/u8g2/u8g2_font.c.obj
                0x08004b42                u8g2_font_decode_get_unsigned_bits
 .text.u8g2_font_setup_decode
                0x08004b8a       0x40 CMakeFiles/STM32_CAR.elf.dir/u8g2/u8g2_font.c.obj
 .text.u8g2_font_decode_get_signed_bits
                0x08004bca       0x18 CMakeFiles/STM32_CAR.elf.dir/u8g2/u8g2_font.c.obj
                0x08004bca                u8g2_font_decode_get_signed_bits
 .text.u8g2_add_vector_y
                0x08004be2       0x22 CMakeFiles/STM32_CAR.elf.dir/u8g2/u8g2_font.c.obj
                0x08004be2                u8g2_add_vector_y
 .text.u8g2_add_vector_x
                0x08004c04       0x22 CMakeFiles/STM32_CAR.elf.dir/u8g2/u8g2_font.c.obj
                0x08004c04                u8g2_add_vector_x
 .text.u8g2_font_decode_len
                0x08004c26       0xca CMakeFiles/STM32_CAR.elf.dir/u8g2/u8g2_font.c.obj
                0x08004c26                u8g2_font_decode_len
 .text.u8g2_font_decode_glyph
                0x08004cf0      0x152 CMakeFiles/STM32_CAR.elf.dir/u8g2/u8g2_font.c.obj
                0x08004cf0                u8g2_font_decode_glyph
 .text.u8g2_font_get_glyph_data
                0x08004e42       0x74 CMakeFiles/STM32_CAR.elf.dir/u8g2/u8g2_font.c.obj
                0x08004e42                u8g2_font_get_glyph_data
 .text.u8g2_font_draw_glyph
                0x08004eb6       0x24 CMakeFiles/STM32_CAR.elf.dir/u8g2/u8g2_font.c.obj
 .text.u8g2_DrawGlyph
                0x08004eda       0x4e CMakeFiles/STM32_CAR.elf.dir/u8g2/u8g2_font.c.obj
                0x08004eda                u8g2_DrawGlyph
 .text.u8g2_draw_string
                0x08004f28       0x7c CMakeFiles/STM32_CAR.elf.dir/u8g2/u8g2_font.c.obj
 .text.u8g2_DrawStr
                0x08004fa4       0x10 CMakeFiles/STM32_CAR.elf.dir/u8g2/u8g2_font.c.obj
                0x08004fa4                u8g2_DrawStr
 .text.u8g2_UpdateRefHeight
                0x08004fb4       0x64 CMakeFiles/STM32_CAR.elf.dir/u8g2/u8g2_font.c.obj
                0x08004fb4                u8g2_UpdateRefHeight
 .text.u8g2_SetFontPosBaseline
                0x08005018        0xc CMakeFiles/STM32_CAR.elf.dir/u8g2/u8g2_font.c.obj
                0x08005018                u8g2_SetFontPosBaseline
 .text.u8g2_SetFont
                0x08005024       0x1c CMakeFiles/STM32_CAR.elf.dir/u8g2/u8g2_font.c.obj
                0x08005024                u8g2_SetFont
 .text.u8g2_clip_intersection2
                0x08005040       0x4c CMakeFiles/STM32_CAR.elf.dir/u8g2/u8g2_hvline.c.obj
 .text.u8g2_draw_hv_line_2dir
                0x0800508c       0x18 CMakeFiles/STM32_CAR.elf.dir/u8g2/u8g2_hvline.c.obj
                0x0800508c                u8g2_draw_hv_line_2dir
 .text.u8g2_DrawHVLine
                0x080050a4       0xca CMakeFiles/STM32_CAR.elf.dir/u8g2/u8g2_hvline.c.obj
                0x080050a4                u8g2_DrawHVLine
 .text.u8g2_DrawPixel
                0x0800516e       0x36 CMakeFiles/STM32_CAR.elf.dir/u8g2/u8g2_hvline.c.obj
                0x0800516e                u8g2_DrawPixel
 .text.u8g2_is_intersection_decision_tree
                0x080051a4       0x2c CMakeFiles/STM32_CAR.elf.dir/u8g2/u8g2_intersection.c.obj
                0x080051a4                u8g2_is_intersection_decision_tree
 .text.u8g2_IsIntersection
                0x080051d0       0x2c CMakeFiles/STM32_CAR.elf.dir/u8g2/u8g2_intersection.c.obj
                0x080051d0                u8g2_IsIntersection
 .text.u8g2_ll_hvline_vertical_top_lsb
                0x080051fc       0xa4 CMakeFiles/STM32_CAR.elf.dir/u8g2/u8g2_ll_hvline.c.obj
                0x080051fc                u8g2_ll_hvline_vertical_top_lsb
 .text.u8g2_update_dimension_common
                0x080052a0       0x52 CMakeFiles/STM32_CAR.elf.dir/u8g2/u8g2_setup.c.obj
 .text.u8g2_update_dimension_r0
                0x080052f2        0x8 CMakeFiles/STM32_CAR.elf.dir/u8g2/u8g2_setup.c.obj
                0x080052f2                u8g2_update_dimension_r0
 .text.u8g2_apply_clip_window
                0x080052fa       0x70 CMakeFiles/STM32_CAR.elf.dir/u8g2/u8g2_setup.c.obj
 .text.u8g2_update_page_win_r0
                0x0800536a       0x26 CMakeFiles/STM32_CAR.elf.dir/u8g2/u8g2_setup.c.obj
                0x0800536a                u8g2_update_page_win_r0
 .text.u8g2_draw_l90_r0
                0x08005390       0x12 CMakeFiles/STM32_CAR.elf.dir/u8g2/u8g2_setup.c.obj
                0x08005390                u8g2_draw_l90_r0
 .text.u8g2_SetMaxClipWindow
                0x080053a2       0x20 CMakeFiles/STM32_CAR.elf.dir/u8g2/u8g2_setup.c.obj
                0x080053a2                u8g2_SetMaxClipWindow
 .text.u8g2_SetupBuffer
                0x080053c2       0x44 CMakeFiles/STM32_CAR.elf.dir/u8g2/u8g2_setup.c.obj
                0x080053c2                u8g2_SetupBuffer
 .text.u8x8_ascii_next
                0x08005406       0x16 CMakeFiles/STM32_CAR.elf.dir/u8g2/u8x8_8x8.c.obj
                0x08005406                u8x8_ascii_next
 .text.u8x8_utf8_init
                0x0800541c        0x8 CMakeFiles/STM32_CAR.elf.dir/u8g2/u8x8_8x8.c.obj
                0x0800541c                u8x8_utf8_init
 .text.i2c_delay
                0x08005424        0xe CMakeFiles/STM32_CAR.elf.dir/u8g2/u8x8_byte.c.obj
 .text.i2c_init
                0x08005432       0x1e CMakeFiles/STM32_CAR.elf.dir/u8g2/u8x8_byte.c.obj
 .text.i2c_read_scl_and_delay
                0x08005450       0x14 CMakeFiles/STM32_CAR.elf.dir/u8g2/u8x8_byte.c.obj
 .text.i2c_read_sda
                0x08005464        0xc CMakeFiles/STM32_CAR.elf.dir/u8g2/u8x8_byte.c.obj
 .text.i2c_clear_sda
                0x08005470        0xc CMakeFiles/STM32_CAR.elf.dir/u8g2/u8x8_byte.c.obj
 .text.i2c_stop
                0x0800547c       0x28 CMakeFiles/STM32_CAR.elf.dir/u8g2/u8x8_byte.c.obj
 .text.i2c_clear_scl
                0x080054a4        0xc CMakeFiles/STM32_CAR.elf.dir/u8g2/u8x8_byte.c.obj
 .text.i2c_start
                0x080054b0       0x3c CMakeFiles/STM32_CAR.elf.dir/u8g2/u8x8_byte.c.obj
 .text.i2c_write_bit
                0x080054ec       0x24 CMakeFiles/STM32_CAR.elf.dir/u8g2/u8x8_byte.c.obj
 .text.i2c_read_bit
                0x08005510       0x28 CMakeFiles/STM32_CAR.elf.dir/u8g2/u8x8_byte.c.obj
 .text.i2c_write_byte
                0x08005538       0x5c CMakeFiles/STM32_CAR.elf.dir/u8g2/u8x8_byte.c.obj
 .text.u8x8_byte_SendBytes
                0x08005594        0xe CMakeFiles/STM32_CAR.elf.dir/u8g2/u8x8_byte.c.obj
                0x08005594                u8x8_byte_SendBytes
 .text.u8x8_byte_SendByte
                0x080055a2       0x18 CMakeFiles/STM32_CAR.elf.dir/u8g2/u8x8_byte.c.obj
                0x080055a2                u8x8_byte_SendByte
 .text.u8x8_byte_StartTransfer
                0x080055ba        0xe CMakeFiles/STM32_CAR.elf.dir/u8g2/u8x8_byte.c.obj
                0x080055ba                u8x8_byte_StartTransfer
 .text.u8x8_byte_EndTransfer
                0x080055c8        0xe CMakeFiles/STM32_CAR.elf.dir/u8g2/u8x8_byte.c.obj
                0x080055c8                u8x8_byte_EndTransfer
 .text.u8x8_byte_sw_i2c
                0x080055d6       0x60 CMakeFiles/STM32_CAR.elf.dir/u8g2/u8x8_byte.c.obj
                0x080055d6                u8x8_byte_sw_i2c
 .text.u8x8_i2c_data_transfer
                0x08005636       0x28 CMakeFiles/STM32_CAR.elf.dir/u8g2/u8x8_cad.c.obj
 .text.u8x8_cad_SendCmd
                0x0800565e        0xe CMakeFiles/STM32_CAR.elf.dir/u8g2/u8x8_cad.c.obj
                0x0800565e                u8x8_cad_SendCmd
 .text.u8x8_cad_SendArg
                0x0800566c        0xe CMakeFiles/STM32_CAR.elf.dir/u8g2/u8x8_cad.c.obj
                0x0800566c                u8x8_cad_SendArg
 .text.u8x8_cad_SendData
                0x0800567a        0xe CMakeFiles/STM32_CAR.elf.dir/u8g2/u8x8_cad.c.obj
                0x0800567a                u8x8_cad_SendData
 .text.u8x8_cad_StartTransfer
                0x08005688        0xe CMakeFiles/STM32_CAR.elf.dir/u8g2/u8x8_cad.c.obj
                0x08005688                u8x8_cad_StartTransfer
 .text.u8x8_cad_EndTransfer
                0x08005696        0xe CMakeFiles/STM32_CAR.elf.dir/u8g2/u8x8_cad.c.obj
                0x08005696                u8x8_cad_EndTransfer
 .text.u8x8_cad_SendSequence
                0x080056a4       0x72 CMakeFiles/STM32_CAR.elf.dir/u8g2/u8x8_cad.c.obj
                0x080056a4                u8x8_cad_SendSequence
 *fill*         0x08005716        0x2 
 .text.u8x8_cad_ssd13xx_fast_i2c
                0x08005718       0xc8 CMakeFiles/STM32_CAR.elf.dir/u8g2/u8x8_cad.c.obj
                0x08005718                u8x8_cad_ssd13xx_fast_i2c
 .text.u8x8_d_ssd1306_sh1106_generic
                0x080057e0       0xe4 CMakeFiles/STM32_CAR.elf.dir/u8g2/u8x8_d_ssd1306_128x64_noname.c.obj
 .text.u8x8_d_ssd1306_128x64_noname
                0x080058c4       0x40 CMakeFiles/STM32_CAR.elf.dir/u8g2/u8x8_d_ssd1306_128x64_noname.c.obj
                0x080058c4                u8x8_d_ssd1306_128x64_noname
 .text.u8x8_d_helper_display_setup_memory
                0x08005904        0xa CMakeFiles/STM32_CAR.elf.dir/u8g2/u8x8_display.c.obj
                0x08005904                u8x8_d_helper_display_setup_memory
 .text.u8x8_d_helper_display_init
                0x0800590e       0x62 CMakeFiles/STM32_CAR.elf.dir/u8g2/u8x8_display.c.obj
                0x0800590e                u8x8_d_helper_display_init
 .text.u8x8_DrawTile
                0x08005970       0x22 CMakeFiles/STM32_CAR.elf.dir/u8g2/u8x8_display.c.obj
                0x08005970                u8x8_DrawTile
 .text.u8x8_SetupMemory
                0x08005992        0xe CMakeFiles/STM32_CAR.elf.dir/u8g2/u8x8_display.c.obj
                0x08005992                u8x8_SetupMemory
 .text.u8x8_InitDisplay
                0x080059a0        0xe CMakeFiles/STM32_CAR.elf.dir/u8g2/u8x8_display.c.obj
                0x080059a0                u8x8_InitDisplay
 .text.u8x8_SetPowerSave
                0x080059ae        0xe CMakeFiles/STM32_CAR.elf.dir/u8g2/u8x8_display.c.obj
                0x080059ae                u8x8_SetPowerSave
 .text.u8x8_RefreshDisplay
                0x080059bc        0xe CMakeFiles/STM32_CAR.elf.dir/u8g2/u8x8_display.c.obj
                0x080059bc                u8x8_RefreshDisplay
 .text.u8x8_gpio_call
                0x080059ca        0xa CMakeFiles/STM32_CAR.elf.dir/u8g2/u8x8_gpio.c.obj
                0x080059ca                u8x8_gpio_call
 .text.u8x8_dummy_cb
                0x080059d4        0x4 CMakeFiles/STM32_CAR.elf.dir/u8g2/u8x8_setup.c.obj
                0x080059d4                u8x8_dummy_cb
 .text.u8x8_SetupDefaults
                0x080059d8       0x28 CMakeFiles/STM32_CAR.elf.dir/u8g2/u8x8_setup.c.obj
                0x080059d8                u8x8_SetupDefaults
 .text.u8x8_Setup
                0x08005a00       0x20 CMakeFiles/STM32_CAR.elf.dir/u8g2/u8x8_setup.c.obj
                0x08005a00                u8x8_Setup
 .text.__errno  0x08005a20        0xc d:/clion_stm32/gcc-arm-none-eabi-10.3-2021.10/bin/../lib/gcc/arm-none-eabi/10.3.1/../../../../arm-none-eabi/lib/thumb/v7-m/nofp\libg.a(lib_a-errno.o)
                0x08005a20                __errno
 .text.__libc_init_array
                0x08005a2c       0x48 d:/clion_stm32/gcc-arm-none-eabi-10.3-2021.10/bin/../lib/gcc/arm-none-eabi/10.3.1/../../../../arm-none-eabi/lib/thumb/v7-m/nofp\libg.a(lib_a-init.o)
                0x08005a2c                __libc_init_array
 .text.memset   0x08005a74       0xa4 d:/clion_stm32/gcc-arm-none-eabi-10.3-2021.10/bin/../lib/gcc/arm-none-eabi/10.3.1/../../../../arm-none-eabi/lib/thumb/v7-m/nofp\libg.a(lib_a-memset.o)
                0x08005a74                memset
 .text.sprintf  0x08005b18       0x44 d:/clion_stm32/gcc-arm-none-eabi-10.3-2021.10/bin/../lib/gcc/arm-none-eabi/10.3.1/../../../../arm-none-eabi/lib/thumb/v7-m/nofp\libg.a(lib_a-sprintf.o)
                0x08005b18                sprintf
 .text._svfprintf_r
                0x08005b5c     0x1aa4 d:/clion_stm32/gcc-arm-none-eabi-10.3-2021.10/bin/../lib/gcc/arm-none-eabi/10.3.1/../../../../arm-none-eabi/lib/thumb/v7-m/nofp\libg.a(lib_a-svfprintf.o)
                0x08005b5c                _svfprintf_r
 .text.startup.register_fini
                0x08007600       0x14 d:/clion_stm32/gcc-arm-none-eabi-10.3-2021.10/bin/../lib/gcc/arm-none-eabi/10.3.1/../../../../arm-none-eabi/lib/thumb/v7-m/nofp\libg.a(lib_a-__call_atexit.o)
 .text.atexit   0x08007614        0xc d:/clion_stm32/gcc-arm-none-eabi-10.3-2021.10/bin/../lib/gcc/arm-none-eabi/10.3.1/../../../../arm-none-eabi/lib/thumb/v7-m/nofp\libg.a(lib_a-atexit.o)
                0x08007614                atexit
 .text.quorem   0x08007620      0x12c d:/clion_stm32/gcc-arm-none-eabi-10.3-2021.10/bin/../lib/gcc/arm-none-eabi/10.3.1/../../../../arm-none-eabi/lib/thumb/v7-m/nofp\libg.a(lib_a-dtoa.o)
 *fill*         0x0800774c        0x4 
 .text._dtoa_r  0x08007750      0xecc d:/clion_stm32/gcc-arm-none-eabi-10.3-2021.10/bin/../lib/gcc/arm-none-eabi/10.3.1/../../../../arm-none-eabi/lib/thumb/v7-m/nofp\libg.a(lib_a-dtoa.o)
                0x08007750                _dtoa_r
 .text.__libc_fini_array
                0x0800861c       0x2c d:/clion_stm32/gcc-arm-none-eabi-10.3-2021.10/bin/../lib/gcc/arm-none-eabi/10.3.1/../../../../arm-none-eabi/lib/thumb/v7-m/nofp\libg.a(lib_a-fini.o)
                0x0800861c                __libc_fini_array
 .text._malloc_trim_r
                0x08008648       0xa0 d:/clion_stm32/gcc-arm-none-eabi-10.3-2021.10/bin/../lib/gcc/arm-none-eabi/10.3.1/../../../../arm-none-eabi/lib/thumb/v7-m/nofp\libg.a(lib_a-freer.o)
                0x08008648                _malloc_trim_r
 .text._free_r  0x080086e8      0x200 d:/clion_stm32/gcc-arm-none-eabi-10.3-2021.10/bin/../lib/gcc/arm-none-eabi/10.3.1/../../../../arm-none-eabi/lib/thumb/v7-m/nofp\libg.a(lib_a-freer.o)
                0x080086e8                _free_r
 .text._localeconv_r
                0x080088e8        0x8 d:/clion_stm32/gcc-arm-none-eabi-10.3-2021.10/bin/../lib/gcc/arm-none-eabi/10.3.1/../../../../arm-none-eabi/lib/thumb/v7-m/nofp\libg.a(lib_a-localeconv.o)
                0x080088e8                _localeconv_r
 .text.__retarget_lock_init_recursive
                0x080088f0        0x4 d:/clion_stm32/gcc-arm-none-eabi-10.3-2021.10/bin/../lib/gcc/arm-none-eabi/10.3.1/../../../../arm-none-eabi/lib/thumb/v7-m/nofp\libg.a(lib_a-lock.o)
                0x080088f0                __retarget_lock_init_recursive
 .text.__retarget_lock_close_recursive
                0x080088f4        0x4 d:/clion_stm32/gcc-arm-none-eabi-10.3-2021.10/bin/../lib/gcc/arm-none-eabi/10.3.1/../../../../arm-none-eabi/lib/thumb/v7-m/nofp\libg.a(lib_a-lock.o)
                0x080088f4                __retarget_lock_close_recursive
 .text.__retarget_lock_acquire_recursive
                0x080088f8        0x4 d:/clion_stm32/gcc-arm-none-eabi-10.3-2021.10/bin/../lib/gcc/arm-none-eabi/10.3.1/../../../../arm-none-eabi/lib/thumb/v7-m/nofp\libg.a(lib_a-lock.o)
                0x080088f8                __retarget_lock_acquire_recursive
 .text.__retarget_lock_release_recursive
                0x080088fc        0x4 d:/clion_stm32/gcc-arm-none-eabi-10.3-2021.10/bin/../lib/gcc/arm-none-eabi/10.3.1/../../../../arm-none-eabi/lib/thumb/v7-m/nofp\libg.a(lib_a-lock.o)
                0x080088fc                __retarget_lock_release_recursive
 .text._malloc_r
                0x08008900      0x558 d:/clion_stm32/gcc-arm-none-eabi-10.3-2021.10/bin/../lib/gcc/arm-none-eabi/10.3.1/../../../../arm-none-eabi/lib/thumb/v7-m/nofp\libg.a(lib_a-mallocr.o)
                0x08008900                _malloc_r
 .text.memchr   0x08008e58       0x90 d:/clion_stm32/gcc-arm-none-eabi-10.3-2021.10/bin/../lib/gcc/arm-none-eabi/10.3.1/../../../../arm-none-eabi/lib/thumb/v7-m/nofp\libg.a(lib_a-memchr-stub.o)
                0x08008e58                memchr
 .text.__malloc_lock
                0x08008ee8        0xc d:/clion_stm32/gcc-arm-none-eabi-10.3-2021.10/bin/../lib/gcc/arm-none-eabi/10.3.1/../../../../arm-none-eabi/lib/thumb/v7-m/nofp\libg.a(lib_a-mlock.o)
                0x08008ee8                __malloc_lock
 .text.__malloc_unlock
                0x08008ef4        0xc d:/clion_stm32/gcc-arm-none-eabi-10.3-2021.10/bin/../lib/gcc/arm-none-eabi/10.3.1/../../../../arm-none-eabi/lib/thumb/v7-m/nofp\libg.a(lib_a-mlock.o)
                0x08008ef4                __malloc_unlock
 .text._Balloc  0x08008f00       0x4c d:/clion_stm32/gcc-arm-none-eabi-10.3-2021.10/bin/../lib/gcc/arm-none-eabi/10.3.1/../../../../arm-none-eabi/lib/thumb/v7-m/nofp\libg.a(lib_a-mprec.o)
                0x08008f00                _Balloc
 .text._Bfree   0x08008f4c       0x14 d:/clion_stm32/gcc-arm-none-eabi-10.3-2021.10/bin/../lib/gcc/arm-none-eabi/10.3.1/../../../../arm-none-eabi/lib/thumb/v7-m/nofp\libg.a(lib_a-mprec.o)
                0x08008f4c                _Bfree
 .text.__multadd
                0x08008f60       0xa4 d:/clion_stm32/gcc-arm-none-eabi-10.3-2021.10/bin/../lib/gcc/arm-none-eabi/10.3.1/../../../../arm-none-eabi/lib/thumb/v7-m/nofp\libg.a(lib_a-mprec.o)
                0x08008f60                __multadd
 .text.__hi0bits
                0x08009004       0x40 d:/clion_stm32/gcc-arm-none-eabi-10.3-2021.10/bin/../lib/gcc/arm-none-eabi/10.3.1/../../../../arm-none-eabi/lib/thumb/v7-m/nofp\libg.a(lib_a-mprec.o)
                0x08009004                __hi0bits
 .text.__lo0bits
                0x08009044       0x58 d:/clion_stm32/gcc-arm-none-eabi-10.3-2021.10/bin/../lib/gcc/arm-none-eabi/10.3.1/../../../../arm-none-eabi/lib/thumb/v7-m/nofp\libg.a(lib_a-mprec.o)
                0x08009044                __lo0bits
 .text.__i2b    0x0800909c       0x5c d:/clion_stm32/gcc-arm-none-eabi-10.3-2021.10/bin/../lib/gcc/arm-none-eabi/10.3.1/../../../../arm-none-eabi/lib/thumb/v7-m/nofp\libg.a(lib_a-mprec.o)
                0x0800909c                __i2b
 .text.__multiply
                0x080090f8      0x15c d:/clion_stm32/gcc-arm-none-eabi-10.3-2021.10/bin/../lib/gcc/arm-none-eabi/10.3.1/../../../../arm-none-eabi/lib/thumb/v7-m/nofp\libg.a(lib_a-mprec.o)
                0x080090f8                __multiply
 .text.__pow5mult
                0x08009254       0xb8 d:/clion_stm32/gcc-arm-none-eabi-10.3-2021.10/bin/../lib/gcc/arm-none-eabi/10.3.1/../../../../arm-none-eabi/lib/thumb/v7-m/nofp\libg.a(lib_a-mprec.o)
                0x08009254                __pow5mult
 .text.__lshift
                0x0800930c       0xec d:/clion_stm32/gcc-arm-none-eabi-10.3-2021.10/bin/../lib/gcc/arm-none-eabi/10.3.1/../../../../arm-none-eabi/lib/thumb/v7-m/nofp\libg.a(lib_a-mprec.o)
                0x0800930c                __lshift
 .text.__mcmp   0x080093f8       0x40 d:/clion_stm32/gcc-arm-none-eabi-10.3-2021.10/bin/../lib/gcc/arm-none-eabi/10.3.1/../../../../arm-none-eabi/lib/thumb/v7-m/nofp\libg.a(lib_a-mprec.o)
                0x080093f8                __mcmp
 .text.__mdiff  0x08009438      0x14c d:/clion_stm32/gcc-arm-none-eabi-10.3-2021.10/bin/../lib/gcc/arm-none-eabi/10.3.1/../../../../arm-none-eabi/lib/thumb/v7-m/nofp\libg.a(lib_a-mprec.o)
                0x08009438                __mdiff
 .text.__d2b    0x08009584       0xc4 d:/clion_stm32/gcc-arm-none-eabi-10.3-2021.10/bin/../lib/gcc/arm-none-eabi/10.3.1/../../../../arm-none-eabi/lib/thumb/v7-m/nofp\libg.a(lib_a-mprec.o)
                0x08009584                __d2b
 .text.frexp    0x08009648       0x70 d:/clion_stm32/gcc-arm-none-eabi-10.3-2021.10/bin/../lib/gcc/arm-none-eabi/10.3.1/../../../../arm-none-eabi/lib/thumb/v7-m/nofp\libg.a(lib_a-s_frexp.o)
                0x08009648                frexp
 .text._sbrk_r  0x080096b8       0x24 d:/clion_stm32/gcc-arm-none-eabi-10.3-2021.10/bin/../lib/gcc/arm-none-eabi/10.3.1/../../../../arm-none-eabi/lib/thumb/v7-m/nofp\libg.a(lib_a-sbrkr.o)
                0x080096b8                _sbrk_r
 .text.strlen   0x080096dc       0x5c d:/clion_stm32/gcc-arm-none-eabi-10.3-2021.10/bin/../lib/gcc/arm-none-eabi/10.3.1/../../../../arm-none-eabi/lib/thumb/v7-m/nofp\libg.a(lib_a-strlen-stub.o)
                0x080096dc                strlen
 .text.strncpy  0x08009738       0x68 d:/clion_stm32/gcc-arm-none-eabi-10.3-2021.10/bin/../lib/gcc/arm-none-eabi/10.3.1/../../../../arm-none-eabi/lib/thumb/v7-m/nofp\libg.a(lib_a-strncpy.o)
                0x08009738                strncpy
 .text.__ssprint_r
                0x080097a0       0xfc d:/clion_stm32/gcc-arm-none-eabi-10.3-2021.10/bin/../lib/gcc/arm-none-eabi/10.3.1/../../../../arm-none-eabi/lib/thumb/v7-m/nofp\libg.a(lib_a-svfiprintf.o)
                0x080097a0                __ssprint_r
 .text.__register_exitproc
                0x0800989c       0x8c d:/clion_stm32/gcc-arm-none-eabi-10.3-2021.10/bin/../lib/gcc/arm-none-eabi/10.3.1/../../../../arm-none-eabi/lib/thumb/v7-m/nofp\libg.a(lib_a-__atexit.o)
                0x0800989c                __register_exitproc
 .text.__assert_func
                0x08009928       0x40 d:/clion_stm32/gcc-arm-none-eabi-10.3-2021.10/bin/../lib/gcc/arm-none-eabi/10.3.1/../../../../arm-none-eabi/lib/thumb/v7-m/nofp\libg.a(lib_a-assert.o)
                0x08009928                __assert_func
 .text._calloc_r
                0x08009968       0x78 d:/clion_stm32/gcc-arm-none-eabi-10.3-2021.10/bin/../lib/gcc/arm-none-eabi/10.3.1/../../../../arm-none-eabi/lib/thumb/v7-m/nofp\libg.a(lib_a-callocr.o)
                0x08009968                _calloc_r
 .text.fiprintf
                0x080099e0       0x28 d:/clion_stm32/gcc-arm-none-eabi-10.3-2021.10/bin/../lib/gcc/arm-none-eabi/10.3.1/../../../../arm-none-eabi/lib/thumb/v7-m/nofp\libg.a(lib_a-fiprintf.o)
                0x080099e0                fiprintf
 .text.__locale_mb_cur_max
                0x08009a08        0xc d:/clion_stm32/gcc-arm-none-eabi-10.3-2021.10/bin/../lib/gcc/arm-none-eabi/10.3.1/../../../../arm-none-eabi/lib/thumb/v7-m/nofp\libg.a(lib_a-locale.o)
                0x08009a08                __locale_mb_cur_max
 .text.__ascii_mbtowc
                0x08009a14       0x2c d:/clion_stm32/gcc-arm-none-eabi-10.3-2021.10/bin/../lib/gcc/arm-none-eabi/10.3.1/../../../../arm-none-eabi/lib/thumb/v7-m/nofp\libg.a(lib_a-mbtowc_r.o)
                0x08009a14                __ascii_mbtowc
 .text.memmove  0x08009a40       0xf8 d:/clion_stm32/gcc-arm-none-eabi-10.3-2021.10/bin/../lib/gcc/arm-none-eabi/10.3.1/../../../../arm-none-eabi/lib/thumb/v7-m/nofp\libg.a(lib_a-memmove.o)
                0x08009a40                memmove
 .text._realloc_r
                0x08009b38      0x3dc d:/clion_stm32/gcc-arm-none-eabi-10.3-2021.10/bin/../lib/gcc/arm-none-eabi/10.3.1/../../../../arm-none-eabi/lib/thumb/v7-m/nofp\libg.a(lib_a-reallocr.o)
                0x08009b38                _realloc_r
 .text.__sprint_r.part.0
                0x08009f14       0x78 d:/clion_stm32/gcc-arm-none-eabi-10.3-2021.10/bin/../lib/gcc/arm-none-eabi/10.3.1/../../../../arm-none-eabi/lib/thumb/v7-m/nofp\libg.a(lib_a-vfiprintf.o)
 .text._vfiprintf_r
                0x08009f8c      0xd98 d:/clion_stm32/gcc-arm-none-eabi-10.3-2021.10/bin/../lib/gcc/arm-none-eabi/10.3.1/../../../../arm-none-eabi/lib/thumb/v7-m/nofp\libg.a(lib_a-vfiprintf.o)
                0x08009f8c                _vfiprintf_r
 .text.__sbprintf
                0x0800ad24       0x84 d:/clion_stm32/gcc-arm-none-eabi-10.3-2021.10/bin/../lib/gcc/arm-none-eabi/10.3.1/../../../../arm-none-eabi/lib/thumb/v7-m/nofp\libg.a(lib_a-vfiprintf.o)
 .text.__ascii_wctomb
                0x0800ada8       0x1c d:/clion_stm32/gcc-arm-none-eabi-10.3-2021.10/bin/../lib/gcc/arm-none-eabi/10.3.1/../../../../arm-none-eabi/lib/thumb/v7-m/nofp\libg.a(lib_a-wctomb_r.o)
                0x0800ada8                __ascii_wctomb
 .text.__swsetup_r
                0x0800adc4       0xd4 d:/clion_stm32/gcc-arm-none-eabi-10.3-2021.10/bin/../lib/gcc/arm-none-eabi/10.3.1/../../../../arm-none-eabi/lib/thumb/v7-m/nofp\libg.a(lib_a-wsetup.o)
                0x0800adc4                __swsetup_r
 .text.abort    0x0800ae98       0x10 d:/clion_stm32/gcc-arm-none-eabi-10.3-2021.10/bin/../lib/gcc/arm-none-eabi/10.3.1/../../../../arm-none-eabi/lib/thumb/v7-m/nofp\libg.a(lib_a-abort.o)
                0x0800ae98                abort
 .text.__sflush_r
                0x0800aea8      0x124 d:/clion_stm32/gcc-arm-none-eabi-10.3-2021.10/bin/../lib/gcc/arm-none-eabi/10.3.1/../../../../arm-none-eabi/lib/thumb/v7-m/nofp\libg.a(lib_a-fflush.o)
                0x0800aea8                __sflush_r
 .text._fflush_r
                0x0800afcc       0x5c d:/clion_stm32/gcc-arm-none-eabi-10.3-2021.10/bin/../lib/gcc/arm-none-eabi/10.3.1/../../../../arm-none-eabi/lib/thumb/v7-m/nofp\libg.a(lib_a-fflush.o)
                0x0800afcc                _fflush_r
 .text._cleanup_r
                0x0800b028        0xc d:/clion_stm32/gcc-arm-none-eabi-10.3-2021.10/bin/../lib/gcc/arm-none-eabi/10.3.1/../../../../arm-none-eabi/lib/thumb/v7-m/nofp\libg.a(lib_a-findfp.o)
                0x0800b028                _cleanup_r
 .text.__sinit  0x0800b034      0x10c d:/clion_stm32/gcc-arm-none-eabi-10.3-2021.10/bin/../lib/gcc/arm-none-eabi/10.3.1/../../../../arm-none-eabi/lib/thumb/v7-m/nofp\libg.a(lib_a-findfp.o)
                0x0800b034                __sinit
 .text.__sfp_lock_acquire
                0x0800b140        0xc d:/clion_stm32/gcc-arm-none-eabi-10.3-2021.10/bin/../lib/gcc/arm-none-eabi/10.3.1/../../../../arm-none-eabi/lib/thumb/v7-m/nofp\libg.a(lib_a-findfp.o)
                0x0800b140                __sfp_lock_acquire
 .text.__sfp_lock_release
                0x0800b14c        0xc d:/clion_stm32/gcc-arm-none-eabi-10.3-2021.10/bin/../lib/gcc/arm-none-eabi/10.3.1/../../../../arm-none-eabi/lib/thumb/v7-m/nofp\libg.a(lib_a-findfp.o)
                0x0800b14c                __sfp_lock_release
 .text.__fputwc
                0x0800b158       0xa0 d:/clion_stm32/gcc-arm-none-eabi-10.3-2021.10/bin/../lib/gcc/arm-none-eabi/10.3.1/../../../../arm-none-eabi/lib/thumb/v7-m/nofp\libg.a(lib_a-fputwc.o)
                0x0800b158                __fputwc
 .text._fputwc_r
                0x0800b1f8       0x68 d:/clion_stm32/gcc-arm-none-eabi-10.3-2021.10/bin/../lib/gcc/arm-none-eabi/10.3.1/../../../../arm-none-eabi/lib/thumb/v7-m/nofp\libg.a(lib_a-fputwc.o)
                0x0800b1f8                _fputwc_r
 .text.__sfvwrite_r
                0x0800b260      0x2f0 d:/clion_stm32/gcc-arm-none-eabi-10.3-2021.10/bin/../lib/gcc/arm-none-eabi/10.3.1/../../../../arm-none-eabi/lib/thumb/v7-m/nofp\libg.a(lib_a-fvwrite.o)
                0x0800b260                __sfvwrite_r
 .text._fwalk_reent
                0x0800b550       0x48 d:/clion_stm32/gcc-arm-none-eabi-10.3-2021.10/bin/../lib/gcc/arm-none-eabi/10.3.1/../../../../arm-none-eabi/lib/thumb/v7-m/nofp\libg.a(lib_a-fwalk.o)
                0x0800b550                _fwalk_reent
 .text.__smakebuf_r
                0x0800b598       0xe0 d:/clion_stm32/gcc-arm-none-eabi-10.3-2021.10/bin/../lib/gcc/arm-none-eabi/10.3.1/../../../../arm-none-eabi/lib/thumb/v7-m/nofp\libg.a(lib_a-makebuf.o)
                0x0800b598                __smakebuf_r
 .text.raise    0x0800b678       0x5c d:/clion_stm32/gcc-arm-none-eabi-10.3-2021.10/bin/../lib/gcc/arm-none-eabi/10.3.1/../../../../arm-none-eabi/lib/thumb/v7-m/nofp\libg.a(lib_a-signal.o)
                0x0800b678                raise
 .text._kill_r  0x0800b6d4       0x28 d:/clion_stm32/gcc-arm-none-eabi-10.3-2021.10/bin/../lib/gcc/arm-none-eabi/10.3.1/../../../../arm-none-eabi/lib/thumb/v7-m/nofp\libg.a(lib_a-signalr.o)
                0x0800b6d4                _kill_r
 .text._getpid_r
                0x0800b6fc        0x4 d:/clion_stm32/gcc-arm-none-eabi-10.3-2021.10/bin/../lib/gcc/arm-none-eabi/10.3.1/../../../../arm-none-eabi/lib/thumb/v7-m/nofp\libg.a(lib_a-signalr.o)
                0x0800b6fc                _getpid_r
 .text.__sread  0x0800b700       0x24 d:/clion_stm32/gcc-arm-none-eabi-10.3-2021.10/bin/../lib/gcc/arm-none-eabi/10.3.1/../../../../arm-none-eabi/lib/thumb/v7-m/nofp\libg.a(lib_a-stdio.o)
                0x0800b700                __sread
 .text.__swrite
                0x0800b724       0x40 d:/clion_stm32/gcc-arm-none-eabi-10.3-2021.10/bin/../lib/gcc/arm-none-eabi/10.3.1/../../../../arm-none-eabi/lib/thumb/v7-m/nofp\libg.a(lib_a-stdio.o)
                0x0800b724                __swrite
 .text.__sseek  0x0800b764       0x20 d:/clion_stm32/gcc-arm-none-eabi-10.3-2021.10/bin/../lib/gcc/arm-none-eabi/10.3.1/../../../../arm-none-eabi/lib/thumb/v7-m/nofp\libg.a(lib_a-stdio.o)
                0x0800b764                __sseek
 .text.__sclose
                0x0800b784        0x8 d:/clion_stm32/gcc-arm-none-eabi-10.3-2021.10/bin/../lib/gcc/arm-none-eabi/10.3.1/../../../../arm-none-eabi/lib/thumb/v7-m/nofp\libg.a(lib_a-stdio.o)
                0x0800b784                __sclose
 .text.__swbuf_r
                0x0800b78c       0xb0 d:/clion_stm32/gcc-arm-none-eabi-10.3-2021.10/bin/../lib/gcc/arm-none-eabi/10.3.1/../../../../arm-none-eabi/lib/thumb/v7-m/nofp\libg.a(lib_a-wbuf.o)
                0x0800b78c                __swbuf_r
 .text._wcrtomb_r
                0x0800b83c       0x3c d:/clion_stm32/gcc-arm-none-eabi-10.3-2021.10/bin/../lib/gcc/arm-none-eabi/10.3.1/../../../../arm-none-eabi/lib/thumb/v7-m/nofp\libg.a(lib_a-wcrtomb.o)
                0x0800b83c                _wcrtomb_r
 .text._write_r
                0x0800b878       0x2c d:/clion_stm32/gcc-arm-none-eabi-10.3-2021.10/bin/../lib/gcc/arm-none-eabi/10.3.1/../../../../arm-none-eabi/lib/thumb/v7-m/nofp\libg.a(lib_a-writer.o)
                0x0800b878                _write_r
 .text._close_r
                0x0800b8a4       0x24 d:/clion_stm32/gcc-arm-none-eabi-10.3-2021.10/bin/../lib/gcc/arm-none-eabi/10.3.1/../../../../arm-none-eabi/lib/thumb/v7-m/nofp\libg.a(lib_a-closer.o)
                0x0800b8a4                _close_r
 .text._fclose_r
                0x0800b8c8       0xcc d:/clion_stm32/gcc-arm-none-eabi-10.3-2021.10/bin/../lib/gcc/arm-none-eabi/10.3.1/../../../../arm-none-eabi/lib/thumb/v7-m/nofp\libg.a(lib_a-fclose.o)
                0x0800b8c8                _fclose_r
 .text._fstat_r
                0x0800b994       0x28 d:/clion_stm32/gcc-arm-none-eabi-10.3-2021.10/bin/../lib/gcc/arm-none-eabi/10.3.1/../../../../arm-none-eabi/lib/thumb/v7-m/nofp\libg.a(lib_a-fstatr.o)
                0x0800b994                _fstat_r
 .text._isatty_r
                0x0800b9bc       0x24 d:/clion_stm32/gcc-arm-none-eabi-10.3-2021.10/bin/../lib/gcc/arm-none-eabi/10.3.1/../../../../arm-none-eabi/lib/thumb/v7-m/nofp\libg.a(lib_a-isattyr.o)
                0x0800b9bc                _isatty_r
 .text._lseek_r
                0x0800b9e0       0x2c d:/clion_stm32/gcc-arm-none-eabi-10.3-2021.10/bin/../lib/gcc/arm-none-eabi/10.3.1/../../../../arm-none-eabi/lib/thumb/v7-m/nofp\libg.a(lib_a-lseekr.o)
                0x0800b9e0                _lseek_r
 .text._read_r  0x0800ba0c       0x2c d:/clion_stm32/gcc-arm-none-eabi-10.3-2021.10/bin/../lib/gcc/arm-none-eabi/10.3.1/../../../../arm-none-eabi/lib/thumb/v7-m/nofp\libg.a(lib_a-readr.o)
                0x0800ba0c                _read_r
 *(.glue_7)
 .glue_7        0x0800ba38        0x0 linker stubs
 *(.glue_7t)
 .glue_7t       0x0800ba38        0x0 linker stubs
 *(.eh_frame)
 .eh_frame      0x0800ba38        0x0 d:/clion_stm32/gcc-arm-none-eabi-10.3-2021.10/bin/../lib/gcc/arm-none-eabi/10.3.1/thumb/v7-m/nofp/crtbegin.o
 *(.init)
 .init          0x0800ba38        0x4 d:/clion_stm32/gcc-arm-none-eabi-10.3-2021.10/bin/../lib/gcc/arm-none-eabi/10.3.1/thumb/v7-m/nofp/crti.o
                0x0800ba38                _init
 .init          0x0800ba3c        0x8 d:/clion_stm32/gcc-arm-none-eabi-10.3-2021.10/bin/../lib/gcc/arm-none-eabi/10.3.1/thumb/v7-m/nofp/crtn.o
 *(.fini)
 .fini          0x0800ba44        0x4 d:/clion_stm32/gcc-arm-none-eabi-10.3-2021.10/bin/../lib/gcc/arm-none-eabi/10.3.1/thumb/v7-m/nofp/crti.o
                0x0800ba44                _fini
 .fini          0x0800ba48        0x8 d:/clion_stm32/gcc-arm-none-eabi-10.3-2021.10/bin/../lib/gcc/arm-none-eabi/10.3.1/thumb/v7-m/nofp/crtn.o
                0x0800ba50                . = ALIGN (0x4)
                0x0800ba50                _etext = .

.vfp11_veneer   0x0800ba50        0x0
 .vfp11_veneer  0x0800ba50        0x0 linker stubs

.v4_bx          0x0800ba50        0x0
 .v4_bx         0x0800ba50        0x0 linker stubs

.iplt           0x0800ba50        0x0
 .iplt          0x0800ba50        0x0 d:/clion_stm32/gcc-arm-none-eabi-10.3-2021.10/bin/../lib/gcc/arm-none-eabi/10.3.1/thumb/v7-m/nofp/crtbegin.o

.rodata         0x0800ba50     0x18d8
                0x0800ba50                . = ALIGN (0x4)
 *(.rodata)
 *(.rodata*)
 .rodata.Recive_task.str1.4
                0x0800ba50       0x12 CMakeFiles/STM32_CAR.elf.dir/Core/Src/freertos.c.obj
 *fill*         0x0800ba62        0x2 
 .rodata.str1.4
                0x0800ba64        0xc CMakeFiles/STM32_CAR.elf.dir/Core/Src/freertos.c.obj
 .rodata.Recive_Task_attributes
                0x0800ba70       0x24 CMakeFiles/STM32_CAR.elf.dir/Core/Src/freertos.c.obj
                0x0800ba70                Recive_Task_attributes
 .rodata.AHBPrescTable
                0x0800ba94       0x10 CMakeFiles/STM32_CAR.elf.dir/Core/Src/system_stm32f1xx.c.obj
                0x0800ba94                AHBPrescTable
 .rodata.APBPrescTable
                0x0800baa4        0x8 CMakeFiles/STM32_CAR.elf.dir/Core/Src/system_stm32f1xx.c.obj
                0x0800baa4                APBPrescTable
 .rodata.aPLLMULFactorTable.1
                0x0800baac       0x10 CMakeFiles/STM32_CAR.elf.dir/Drivers/STM32F1xx_HAL_Driver/Src/stm32f1xx_hal_rcc.c.obj
 .rodata.aPredivFactorTable.0
                0x0800babc        0x2 CMakeFiles/STM32_CAR.elf.dir/Drivers/STM32F1xx_HAL_Driver/Src/stm32f1xx_hal_rcc.c.obj
 *fill*         0x0800babe        0x2 
 .rodata.vTaskStartScheduler.str1.4
                0x0800bac0        0x5 CMakeFiles/STM32_CAR.elf.dir/Middlewares/Third_Party/FreeRTOS/Source/tasks.c.obj
 *fill*         0x0800bac5        0x3 
 .rodata.prvCheckForValidListAndQueue.str1.4
                0x0800bac8        0x5 CMakeFiles/STM32_CAR.elf.dir/Middlewares/Third_Party/FreeRTOS/Source/timers.c.obj
 *fill*         0x0800bacd        0x3 
 .rodata.xTimerCreateTimerTask.str1.4
                0x0800bad0        0x8 CMakeFiles/STM32_CAR.elf.dir/Middlewares/Third_Party/FreeRTOS/Source/timers.c.obj
 .rodata.PrintVarFormat.str1.4
                0x0800bad8        0x4 CMakeFiles/STM32_CAR.elf.dir/OLED/my_menu.c.obj
 .rodata.wall_e_bmp01
                0x0800badc      0x400 CMakeFiles/STM32_CAR.elf.dir/OLED/my_menu.c.obj
 .rodata.u8g2_font_helvR12_tf
                0x0800bedc      0xc71 CMakeFiles/STM32_CAR.elf.dir/u8g2/u8g2_fonts.c.obj
                0x0800bedc                u8g2_font_helvR12_tf
 *fill*         0x0800cb4d        0x3 
 .rodata.u8g2_font_sirclivethebold_tr
                0x0800cb50      0x35c CMakeFiles/STM32_CAR.elf.dir/u8g2/u8g2_fonts.c.obj
                0x0800cb50                u8g2_font_sirclivethebold_tr
 .rodata.u8g2_cb_r0
                0x0800ceac        0xc CMakeFiles/STM32_CAR.elf.dir/u8g2/u8g2_setup.c.obj
                0x0800ceac                u8g2_cb_r0
 .rodata.u8x8_d_ssd1306_128x64_noname_flip0_seq
                0x0800ceb8        0x7 CMakeFiles/STM32_CAR.elf.dir/u8g2/u8x8_d_ssd1306_128x64_noname.c.obj
 *fill*         0x0800cebf        0x1 
 .rodata.u8x8_d_ssd1306_128x64_noname_flip1_seq
                0x0800cec0        0x7 CMakeFiles/STM32_CAR.elf.dir/u8g2/u8x8_d_ssd1306_128x64_noname.c.obj
 *fill*         0x0800cec7        0x1 
 .rodata.u8x8_d_ssd1306_128x64_noname_init_seq
                0x0800cec8       0x35 CMakeFiles/STM32_CAR.elf.dir/u8g2/u8x8_d_ssd1306_128x64_noname.c.obj
 *fill*         0x0800cefd        0x3 
 .rodata.u8x8_d_ssd1306_128x64_noname_powersave0_seq
                0x0800cf00        0x5 CMakeFiles/STM32_CAR.elf.dir/u8g2/u8x8_d_ssd1306_128x64_noname.c.obj
 *fill*         0x0800cf05        0x3 
 .rodata.u8x8_d_ssd1306_128x64_noname_powersave1_seq
                0x0800cf08        0x5 CMakeFiles/STM32_CAR.elf.dir/u8g2/u8x8_d_ssd1306_128x64_noname.c.obj
 *fill*         0x0800cf0d        0x3 
 .rodata.u8x8_ssd1306_128x64_noname_display_info
                0x0800cf10       0x18 CMakeFiles/STM32_CAR.elf.dir/u8g2/u8x8_d_ssd1306_128x64_noname.c.obj
 .rodata._global_impure_ptr
                0x0800cf28        0x4 d:/clion_stm32/gcc-arm-none-eabi-10.3-2021.10/bin/../lib/gcc/arm-none-eabi/10.3.1/../../../../arm-none-eabi/lib/thumb/v7-m/nofp\libg.a(lib_a-impure.o)
                0x0800cf28                _global_impure_ptr
 .rodata._svfprintf_r.str1.4
                0x0800cf2c       0x42 d:/clion_stm32/gcc-arm-none-eabi-10.3-2021.10/bin/../lib/gcc/arm-none-eabi/10.3.1/../../../../arm-none-eabi/lib/thumb/v7-m/nofp\libg.a(lib_a-svfprintf.o)
 *fill*         0x0800cf6e        0x2 
 .rodata.blanks.1
                0x0800cf70       0x10 d:/clion_stm32/gcc-arm-none-eabi-10.3-2021.10/bin/../lib/gcc/arm-none-eabi/10.3.1/../../../../arm-none-eabi/lib/thumb/v7-m/nofp\libg.a(lib_a-svfprintf.o)
 .rodata.zeroes.0
                0x0800cf80       0x10 d:/clion_stm32/gcc-arm-none-eabi-10.3-2021.10/bin/../lib/gcc/arm-none-eabi/10.3.1/../../../../arm-none-eabi/lib/thumb/v7-m/nofp\libg.a(lib_a-svfprintf.o)
 .rodata._dtoa_r.str1.4
                0x0800cf90       0xa2 d:/clion_stm32/gcc-arm-none-eabi-10.3-2021.10/bin/../lib/gcc/arm-none-eabi/10.3.1/../../../../arm-none-eabi/lib/thumb/v7-m/nofp\libg.a(lib_a-dtoa.o)
                                 0xa6 (size before relaxing)
 *fill*         0x0800d032        0x2 
 .rodata.__multadd.str1.4
                0x0800d034       0x7f d:/clion_stm32/gcc-arm-none-eabi-10.3-2021.10/bin/../lib/gcc/arm-none-eabi/10.3.1/../../../../arm-none-eabi/lib/thumb/v7-m/nofp\libg.a(lib_a-mprec.o)
                                 0x93 (size before relaxing)
 *fill*         0x0800d0b3        0x5 
 .rodata.__mprec_bigtens
                0x0800d0b8       0x28 d:/clion_stm32/gcc-arm-none-eabi-10.3-2021.10/bin/../lib/gcc/arm-none-eabi/10.3.1/../../../../arm-none-eabi/lib/thumb/v7-m/nofp\libg.a(lib_a-mprec.o)
                0x0800d0b8                __mprec_bigtens
 .rodata.__mprec_tens
                0x0800d0e0       0xc8 d:/clion_stm32/gcc-arm-none-eabi-10.3-2021.10/bin/../lib/gcc/arm-none-eabi/10.3.1/../../../../arm-none-eabi/lib/thumb/v7-m/nofp\libg.a(lib_a-mprec.o)
                0x0800d0e0                __mprec_tens
 .rodata.p05.0  0x0800d1a8        0xc d:/clion_stm32/gcc-arm-none-eabi-10.3-2021.10/bin/../lib/gcc/arm-none-eabi/10.3.1/../../../../arm-none-eabi/lib/thumb/v7-m/nofp\libg.a(lib_a-mprec.o)
 .rodata.__assert_func.str1.4
                0x0800d1b4       0x3f d:/clion_stm32/gcc-arm-none-eabi-10.3-2021.10/bin/../lib/gcc/arm-none-eabi/10.3.1/../../../../arm-none-eabi/lib/thumb/v7-m/nofp\libg.a(lib_a-assert.o)
                                 0x43 (size before relaxing)
 *fill*         0x0800d1f3        0x1 
 .rodata._setlocale_r.str1.4
                0x0800d1f4        0xa d:/clion_stm32/gcc-arm-none-eabi-10.3-2021.10/bin/../lib/gcc/arm-none-eabi/10.3.1/../../../../arm-none-eabi/lib/thumb/v7-m/nofp\libg.a(lib_a-locale.o)
                                  0xd (size before relaxing)
 *fill*         0x0800d1fe        0x2 
 .rodata.str1.4
                0x0800d200        0x2 d:/clion_stm32/gcc-arm-none-eabi-10.3-2021.10/bin/../lib/gcc/arm-none-eabi/10.3.1/../../../../arm-none-eabi/lib/thumb/v7-m/nofp\libg.a(lib_a-locale.o)
 .rodata._vfiprintf_r.str1.4
                0x0800d202       0x2f d:/clion_stm32/gcc-arm-none-eabi-10.3-2021.10/bin/../lib/gcc/arm-none-eabi/10.3.1/../../../../arm-none-eabi/lib/thumb/v7-m/nofp\libg.a(lib_a-vfiprintf.o)
 *fill*         0x0800d202        0x2 
 .rodata.blanks.1
                0x0800d204       0x10 d:/clion_stm32/gcc-arm-none-eabi-10.3-2021.10/bin/../lib/gcc/arm-none-eabi/10.3.1/../../../../arm-none-eabi/lib/thumb/v7-m/nofp\libg.a(lib_a-vfiprintf.o)
 .rodata.zeroes.0
                0x0800d214       0x10 d:/clion_stm32/gcc-arm-none-eabi-10.3-2021.10/bin/../lib/gcc/arm-none-eabi/10.3.1/../../../../arm-none-eabi/lib/thumb/v7-m/nofp\libg.a(lib_a-vfiprintf.o)
 .rodata._ctype_
                0x0800d224      0x101 d:/clion_stm32/gcc-arm-none-eabi-10.3-2021.10/bin/../lib/gcc/arm-none-eabi/10.3.1/../../../../arm-none-eabi/lib/thumb/v7-m/nofp\libg.a(lib_a-ctype_.o)
                0x0800d224                _ctype_
                0x0800d328                . = ALIGN (0x4)
 *fill*         0x0800d325        0x3 

.ARM.extab
 *(.ARM.extab* .gnu.linkonce.armextab.*)

.ARM            0x0800d328        0x8
                0x0800d328                __exidx_start = .
 *(.ARM.exidx*)
 .ARM.exidx     0x0800d328        0x8 d:/clion_stm32/gcc-arm-none-eabi-10.3-2021.10/bin/../lib/gcc/arm-none-eabi/10.3.1/thumb/v7-m/nofp\libgcc.a(_udivmoddi4.o)
                0x0800d330                __exidx_end = .

.rel.dyn        0x0800d330        0x0
 .rel.iplt      0x0800d330        0x0 d:/clion_stm32/gcc-arm-none-eabi-10.3-2021.10/bin/../lib/gcc/arm-none-eabi/10.3.1/thumb/v7-m/nofp/crtbegin.o

.preinit_array  0x0800d330        0x0
                0x0800d330                PROVIDE (__preinit_array_start = .)
 *(.preinit_array*)
                0x0800d330                PROVIDE (__preinit_array_end = .)

.init_array     0x0800d330        0x8
                0x0800d330                PROVIDE (__init_array_start = .)
 *(SORT_BY_NAME(.init_array.*))
 .init_array.00000
                0x0800d330        0x4 d:/clion_stm32/gcc-arm-none-eabi-10.3-2021.10/bin/../lib/gcc/arm-none-eabi/10.3.1/../../../../arm-none-eabi/lib/thumb/v7-m/nofp\libg.a(lib_a-__call_atexit.o)
 *(.init_array*)
 .init_array    0x0800d334        0x4 d:/clion_stm32/gcc-arm-none-eabi-10.3-2021.10/bin/../lib/gcc/arm-none-eabi/10.3.1/thumb/v7-m/nofp/crtbegin.o
                0x0800d338                PROVIDE (__init_array_end = .)

.fini_array     0x0800d338        0x4
                0x0800d338                PROVIDE (__fini_array_start = .)
 *(SORT_BY_NAME(.fini_array.*))
 *(.fini_array*)
 .fini_array    0x0800d338        0x4 d:/clion_stm32/gcc-arm-none-eabi-10.3-2021.10/bin/../lib/gcc/arm-none-eabi/10.3.1/thumb/v7-m/nofp/crtbegin.o
                0x0800d33c                PROVIDE (__fini_array_end = .)
                0x0800d33c                _sidata = LOADADDR (.data)

.data           0x20000000      0x9c0 load address 0x0800d33c
                0x20000000                . = ALIGN (0x4)
                0x20000000                _sdata = .
 *(.data)
 *(.data*)
 .data.SystemCoreClock
                0x20000000        0x4 CMakeFiles/STM32_CAR.elf.dir/Core/Src/system_stm32f1xx.c.obj
                0x20000000                SystemCoreClock
 .data.uwTickFreq
                0x20000004        0x1 CMakeFiles/STM32_CAR.elf.dir/Drivers/STM32F1xx_HAL_Driver/Src/stm32f1xx_hal.c.obj
                0x20000004                uwTickFreq
 *fill*         0x20000005        0x3 
 .data.uwTickPrio
                0x20000008        0x4 CMakeFiles/STM32_CAR.elf.dir/Drivers/STM32F1xx_HAL_Driver/Src/stm32f1xx_hal.c.obj
                0x20000008                uwTickPrio
 .data.uxCriticalNesting
                0x2000000c        0x4 CMakeFiles/STM32_CAR.elf.dir/Middlewares/Third_Party/FreeRTOS/Source/portable/GCC/ARM_CM3/port.c.obj
 .data._impure_ptr
                0x20000010        0x4 d:/clion_stm32/gcc-arm-none-eabi-10.3-2021.10/bin/../lib/gcc/arm-none-eabi/10.3.1/../../../../arm-none-eabi/lib/thumb/v7-m/nofp\libg.a(lib_a-impure.o)
                0x20000010                _impure_ptr
 *fill*         0x20000014        0x4 
 .data.impure_data
                0x20000018      0x428 d:/clion_stm32/gcc-arm-none-eabi-10.3-2021.10/bin/../lib/gcc/arm-none-eabi/10.3.1/../../../../arm-none-eabi/lib/thumb/v7-m/nofp\libg.a(lib_a-impure.o)
 .data.__atexit_recursive_mutex
                0x20000440        0x4 d:/clion_stm32/gcc-arm-none-eabi-10.3-2021.10/bin/../lib/gcc/arm-none-eabi/10.3.1/../../../../arm-none-eabi/lib/thumb/v7-m/nofp\libg.a(lib_a-__call_atexit.o)
                0x20000440                __atexit_recursive_mutex
 .data.__malloc_av_
                0x20000444      0x408 d:/clion_stm32/gcc-arm-none-eabi-10.3-2021.10/bin/../lib/gcc/arm-none-eabi/10.3.1/../../../../arm-none-eabi/lib/thumb/v7-m/nofp\libg.a(lib_a-mallocr.o)
                0x20000444                __malloc_av_
 .data.__malloc_sbrk_base
                0x2000084c        0x4 d:/clion_stm32/gcc-arm-none-eabi-10.3-2021.10/bin/../lib/gcc/arm-none-eabi/10.3.1/../../../../arm-none-eabi/lib/thumb/v7-m/nofp\libg.a(lib_a-mallocr.o)
                0x2000084c                __malloc_sbrk_base
 .data.__malloc_trim_threshold
                0x20000850        0x4 d:/clion_stm32/gcc-arm-none-eabi-10.3-2021.10/bin/../lib/gcc/arm-none-eabi/10.3.1/../../../../arm-none-eabi/lib/thumb/v7-m/nofp\libg.a(lib_a-mallocr.o)
                0x20000850                __malloc_trim_threshold
 .data.__global_locale
                0x20000854      0x16c d:/clion_stm32/gcc-arm-none-eabi-10.3-2021.10/bin/../lib/gcc/arm-none-eabi/10.3.1/../../../../arm-none-eabi/lib/thumb/v7-m/nofp\libg.a(lib_a-locale.o)
                0x20000854                __global_locale
                0x200009c0                . = ALIGN (0x4)
                0x200009c0                _edata = .

.igot.plt       0x200009c0        0x0 load address 0x0800dcfc
 .igot.plt      0x200009c0        0x0 d:/clion_stm32/gcc-arm-none-eabi-10.3-2021.10/bin/../lib/gcc/arm-none-eabi/10.3.1/thumb/v7-m/nofp/crtbegin.o
                0x200009c0                . = ALIGN (0x4)

.bss            0x200009c0     0x1f38 load address 0x0800dcfc
                0x200009c0                _sbss = .
                0x200009c0                __bss_start__ = _sbss
 *(.bss)
 .bss           0x200009c0       0x1c d:/clion_stm32/gcc-arm-none-eabi-10.3-2021.10/bin/../lib/gcc/arm-none-eabi/10.3.1/thumb/v7-m/nofp/crtbegin.o
 *(.bss*)
 .bss.Recive_TaskHandle
                0x200009dc        0x4 CMakeFiles/STM32_CAR.elf.dir/Core/Src/freertos.c.obj
                0x200009dc                Recive_TaskHandle
 .bss.htim2     0x200009e0       0x48 CMakeFiles/STM32_CAR.elf.dir/Core/Src/stm32f1xx_hal_timebase_tim.c.obj
                0x200009e0                htim2
 .bss.heap_end.0
                0x20000a28        0x4 CMakeFiles/STM32_CAR.elf.dir/Core/Src/syscalls.c.obj
 .bss.huart1    0x20000a2c       0x48 CMakeFiles/STM32_CAR.elf.dir/Core/Src/usart.c.obj
                0x20000a2c                huart1
 .bss.huart3    0x20000a74       0x48 CMakeFiles/STM32_CAR.elf.dir/Core/Src/usart.c.obj
                0x20000a74                huart3
 .bss.uwTick    0x20000abc        0x4 CMakeFiles/STM32_CAR.elf.dir/Drivers/STM32F1xx_HAL_Driver/Src/stm32f1xx_hal.c.obj
                0x20000abc                uwTick
 .bss.Idle_Stack