Archive member included to satisfy reference by file (symbol)

d:/clion_stm32/gcc-arm-none-eabi-10.3-2021.10/bin/../lib/gcc/arm-none-eabi/10.3.1/../../../../arm-none-eabi/lib/thumb/v7-m/nofp\libg.a(lib_a-errno.o)
                              CMakeFiles/yaokong.elf.dir/Core/Src/syscalls.c.obj (__errno)
d:/clion_stm32/gcc-arm-none-eabi-10.3-2021.10/bin/../lib/gcc/arm-none-eabi/10.3.1/../../../../arm-none-eabi/lib/thumb/v7-m/nofp\libg.a(lib_a-exit.o)
                              d:/clion_stm32/gcc-arm-none-eabi-10.3-2021.10/bin/../lib/gcc/arm-none-eabi/10.3.1/../../../../arm-none-eabi/lib/thumb/v7-m/nofp/crt0.o (exit)
d:/clion_stm32/gcc-arm-none-eabi-10.3-2021.10/bin/../lib/gcc/arm-none-eabi/10.3.1/../../../../arm-none-eabi/lib/thumb/v7-m/nofp\libg.a(lib_a-impure.o)
                              d:/clion_stm32/gcc-arm-none-eabi-10.3-2021.10/bin/../lib/gcc/arm-none-eabi/10.3.1/../../../../arm-none-eabi/lib/thumb/v7-m/nofp\libg.a(lib_a-exit.o) (_global_impure_ptr)
d:/clion_stm32/gcc-arm-none-eabi-10.3-2021.10/bin/../lib/gcc/arm-none-eabi/10.3.1/../../../../arm-none-eabi/lib/thumb/v7-m/nofp\libg.a(lib_a-init.o)
                              d:/clion_stm32/gcc-arm-none-eabi-10.3-2021.10/bin/../lib/gcc/arm-none-eabi/10.3.1/../../../../arm-none-eabi/lib/thumb/v7-m/nofp/crt0.o (__libc_init_array)
d:/clion_stm32/gcc-arm-none-eabi-10.3-2021.10/bin/../lib/gcc/arm-none-eabi/10.3.1/../../../../arm-none-eabi/lib/thumb/v7-m/nofp\libg.a(lib_a-memcpy.o)
                              CMakeFiles/yaokong.elf.dir/Middlewares/Third_Party/FreeRTOS/Source/CMSIS_RTOS_V2/cmsis_os2.c.obj (memcpy)
d:/clion_stm32/gcc-arm-none-eabi-10.3-2021.10/bin/../lib/gcc/arm-none-eabi/10.3.1/../../../../arm-none-eabi/lib/thumb/v7-m/nofp\libg.a(lib_a-memset.o)
                              d:/clion_stm32/gcc-arm-none-eabi-10.3-2021.10/bin/../lib/gcc/arm-none-eabi/10.3.1/../../../../arm-none-eabi/lib/thumb/v7-m/nofp/crt0.o (memset)
d:/clion_stm32/gcc-arm-none-eabi-10.3-2021.10/bin/../lib/gcc/arm-none-eabi/10.3.1/../../../../arm-none-eabi/lib/thumb/v7-m/nofp\libg.a(lib_a-puts.o)
                              CMakeFiles/yaokong.elf.dir/yaogan/yaogan.c.obj (puts)
d:/clion_stm32/gcc-arm-none-eabi-10.3-2021.10/bin/../lib/gcc/arm-none-eabi/10.3.1/../../../../arm-none-eabi/lib/thumb/v7-m/nofp\libg.a(lib_a-strlen-stub.o)
                              d:/clion_stm32/gcc-arm-none-eabi-10.3-2021.10/bin/../lib/gcc/arm-none-eabi/10.3.1/../../../../arm-none-eabi/lib/thumb/v7-m/nofp\libg.a(lib_a-puts.o) (strlen)
d:/clion_stm32/gcc-arm-none-eabi-10.3-2021.10/bin/../lib/gcc/arm-none-eabi/10.3.1/../../../../arm-none-eabi/lib/thumb/v7-m/nofp\libg.a(lib_a-__call_atexit.o)
                              d:/clion_stm32/gcc-arm-none-eabi-10.3-2021.10/bin/../lib/gcc/arm-none-eabi/10.3.1/../../../../arm-none-eabi/lib/thumb/v7-m/nofp\libg.a(lib_a-exit.o) (__call_exitprocs)
d:/clion_stm32/gcc-arm-none-eabi-10.3-2021.10/bin/../lib/gcc/arm-none-eabi/10.3.1/../../../../arm-none-eabi/lib/thumb/v7-m/nofp\libg.a(lib_a-atexit.o)
                              d:/clion_stm32/gcc-arm-none-eabi-10.3-2021.10/bin/../lib/gcc/arm-none-eabi/10.3.1/../../../../arm-none-eabi/lib/thumb/v7-m/nofp\libg.a(lib_a-__call_atexit.o) (atexit)
d:/clion_stm32/gcc-arm-none-eabi-10.3-2021.10/bin/../lib/gcc/arm-none-eabi/10.3.1/../../../../arm-none-eabi/lib/thumb/v7-m/nofp\libg.a(lib_a-findfp.o)
                              d:/clion_stm32/gcc-arm-none-eabi-10.3-2021.10/bin/../lib/gcc/arm-none-eabi/10.3.1/../../../../arm-none-eabi/lib/thumb/v7-m/nofp\libg.a(lib_a-puts.o) (__sinit)
d:/clion_stm32/gcc-arm-none-eabi-10.3-2021.10/bin/../lib/gcc/arm-none-eabi/10.3.1/../../../../arm-none-eabi/lib/thumb/v7-m/nofp\libg.a(lib_a-fini.o)
                              d:/clion_stm32/gcc-arm-none-eabi-10.3-2021.10/bin/../lib/gcc/arm-none-eabi/10.3.1/../../../../arm-none-eabi/lib/thumb/v7-m/nofp\libg.a(lib_a-__call_atexit.o) (__libc_fini_array)
d:/clion_stm32/gcc-arm-none-eabi-10.3-2021.10/bin/../lib/gcc/arm-none-eabi/10.3.1/../../../../arm-none-eabi/lib/thumb/v7-m/nofp\libg.a(lib_a-fvwrite.o)
                              d:/clion_stm32/gcc-arm-none-eabi-10.3-2021.10/bin/../lib/gcc/arm-none-eabi/10.3.1/../../../../arm-none-eabi/lib/thumb/v7-m/nofp\libg.a(lib_a-puts.o) (__sfvwrite_r)
d:/clion_stm32/gcc-arm-none-eabi-10.3-2021.10/bin/../lib/gcc/arm-none-eabi/10.3.1/../../../../arm-none-eabi/lib/thumb/v7-m/nofp\libg.a(lib_a-fwalk.o)
                              d:/clion_stm32/gcc-arm-none-eabi-10.3-2021.10/bin/../lib/gcc/arm-none-eabi/10.3.1/../../../../arm-none-eabi/lib/thumb/v7-m/nofp\libg.a(lib_a-findfp.o) (_fwalk)
d:/clion_stm32/gcc-arm-none-eabi-10.3-2021.10/bin/../lib/gcc/arm-none-eabi/10.3.1/../../../../arm-none-eabi/lib/thumb/v7-m/nofp\libg.a(lib_a-lock.o)
                              d:/clion_stm32/gcc-arm-none-eabi-10.3-2021.10/bin/../lib/gcc/arm-none-eabi/10.3.1/../../../../arm-none-eabi/lib/thumb/v7-m/nofp\libg.a(lib_a-findfp.o) (__retarget_lock_init_recursive)
[...]
Memory Configuration

Name             Origin             Length             Attributes
RAM              0x20000000         0x00005000         xrw
FLASH            0x08000000         0x00010000         xr
*default*        0x00000000         0xffffffff

Linker script and memory map

LOAD d:/clion_stm32/gcc-arm-none-eabi-10.3-2021.10/bin/../lib/gcc/arm-none-eabi/10.3.1/thumb/v7-m/nofp/crti.o
LOAD d:/clion_stm32/gcc-arm-none-eabi-10.3-2021.10/bin/../lib/gcc/arm-none-eabi/10.3.1/thumb/v7-m/nofp/crtbegin.o
LOAD d:/clion_stm32/gcc-arm-none-eabi-10.3-2021.10/bin/../lib/gcc/arm-none-eabi/10.3.1/../../../../arm-none-eabi/lib/thumb/v7-m/nofp/crt0.o
LOAD CMakeFiles/yaokong.elf.dir/Core/Src/adc.c.obj
LOAD CMakeFiles/yaokong.elf.dir/Core/Src/freertos.c.obj
LOAD CMakeFiles/yaokong.elf.dir/Core/Src/gpio.c.obj
LOAD CMakeFiles/yaokong.elf.dir/Core/Src/main.c.obj
LOAD CMakeFiles/yaokong.elf.dir/Core/Src/stm32f1xx_hal_msp.c.obj
LOAD CMakeFiles/yaokong.elf.dir/Core/Src/stm32f1xx_hal_timebase_tim.c.obj
LOAD CMakeFiles/yaokong.elf.dir/Core/Src/stm32f1xx_it.c.obj
LOAD CMakeFiles/yaokong.elf.dir/Core/Src/syscalls.c.obj
LOAD CMakeFiles/yaokong.elf.dir/Core/Src/system_stm32f1xx.c.obj
LOAD CMakeFiles/yaokong.elf.dir/Core/Src/tim.c.obj
LOAD CMakeFiles/yaokong.elf.dir/Core/Src/usart.c.obj
LOAD CMakeFiles/yaokong.elf.dir/Drivers/STM32F1xx_HAL_Driver/Src/stm32f1xx_hal.c.obj
LOAD CMakeFiles/yaokong.elf.dir/Drivers/STM32F1xx_HAL_Driver/Src/stm32f1xx_hal_adc.c.obj
LOAD CMakeFiles/yaokong.elf.dir/Drivers/STM32F1xx_HAL_Driver/Src/stm32f1xx_hal_adc_ex.c.obj
LOAD CMakeFiles/yaokong.elf.dir/Drivers/STM32F1xx_HAL_Driver/Src/stm32f1xx_hal_cortex.c.obj
LOAD CMakeFiles/yaokong.elf.dir/Drivers/STM32F1xx_HAL_Driver/Src/stm32f1xx_hal_dma.c.obj
LOAD CMakeFiles/yaokong.elf.dir/Drivers/STM32F1xx_HAL_Driver/Src/stm32f1xx_hal_exti.c.obj
LOAD CMakeFiles/yaokong.elf.dir/Drivers/STM32F1xx_HAL_Driver/Src/stm32f1xx_hal_flash.c.obj
LOAD CMakeFiles/yaokong.elf.dir/Drivers/STM32F1xx_HAL_Driver/Src/stm32f1xx_hal_flash_ex.c.obj
LOAD CMakeFiles/yaokong.elf.dir/Drivers/STM32F1xx_HAL_Driver/Src/stm32f1xx_hal_gpio.c.obj
LOAD CMakeFiles/yaokong.elf.dir/Drivers/STM32F1xx_HAL_Driver/Src/stm32f1xx_hal_gpio_ex.c.obj
LOAD CMakeFiles/yaokong.elf.dir/Drivers/STM32F1xx_HAL_Driver/Src/stm32f1xx_hal_pwr.c.obj
LOAD CMakeFiles/yaokong.elf.dir/Drivers/STM32F1xx_HAL_Driver/Src/stm32f1xx_hal_rcc.c.obj
LOAD CMakeFiles/yaokong.elf.dir/Drivers/STM32F1xx_HAL_Driver/Src/stm32f1xx_hal_rcc_ex.c.obj
LOAD CMakeFiles/yaokong.elf.dir/Drivers/STM32F1xx_HAL_Driver/Src/stm32f1xx_hal_tim.c.obj
LOAD CMakeFiles/yaokong.elf.dir/Drivers/STM32F1xx_HAL_Driver/Src/stm32f1xx_hal_tim_ex.c.obj
LOAD CMakeFiles/yaokong.elf.dir/Drivers/STM32F1xx_HAL_Driver/Src/stm32f1xx_hal_uart.c.obj
LOAD CMakeFiles/yaokong.elf.dir/Middlewares/Third_Party/FreeRTOS/Source/CMSIS_RTOS_V2/cmsis_os2.c.obj
LOAD CMakeFiles/yaokong.elf.dir/Middlewares/Third_Party/FreeRTOS/Source/croutine.c.obj
LOAD CMakeFiles/yaokong.elf.dir/Middlewares/Third_Party/FreeRTOS/Source/event_groups.c.obj
LOAD CMakeFiles/yaokong.elf.dir/Middlewares/Third_Party/FreeRTOS/Source/list.c.obj
LOAD CMakeFiles/yaokong.elf.dir/Middlewares/Third_Party/FreeRTOS/Source/portable/GCC/ARM_CM3/port.c.obj
LOAD CMakeFiles/yaokong.elf.dir/Middlewares/Third_Party/FreeRTOS/Source/portable/MemMang/heap_4.c.obj
LOAD CMakeFiles/yaokong.elf.dir/Middlewares/Third_Party/FreeRTOS/Source/queue.c.obj
LOAD CMakeFiles/yaokong.elf.dir/Middlewares/Third_Party/FreeRTOS/Source/stream_buffer.c.obj
LOAD CMakeFiles/yaokong.elf.dir/Middlewares/Third_Party/FreeRTOS/Source/tasks.c.obj
LOAD CMakeFiles/yaokong.elf.dir/Middlewares/Third_Party/FreeRTOS/Source/timers.c.obj
LOAD CMakeFiles/yaokong.elf.dir/OLED/my_menu.c.obj
LOAD CMakeFiles/yaokong.elf.dir/OLED/oled.c.obj
LOAD CMakeFiles/yaokong.elf.dir/startup/startup_stm32f103xb.s.obj
LOAD CMakeFiles/yaokong.elf.dir/u8g2/mui.c.obj
LOAD CMakeFiles/yaokong.elf.dir/u8g2/mui_u8g2.c.obj
LOAD CMakeFiles/yaokong.elf.dir/u8g2/u8g2_arc.c.obj
LOAD CMakeFiles/yaokong.elf.dir/u8g2/u8g2_bitmap.c.obj
LOAD CMakeFiles/yaokong.elf.dir/u8g2/u8g2_box.c.obj
LOAD CMakeFiles/yaokong.elf.dir/u8g2/u8g2_buffer.c.obj
LOAD CMakeFiles/yaokong.elf.dir/u8g2/u8g2_button.c.obj
LOAD CMakeFiles/yaokong.elf.dir/u8g2/u8g2_circle.c.obj
LOAD CMakeFiles/yaokong.elf.dir/u8g2/u8g2_cleardisplay.c.obj
LOAD CMakeFiles/yaokong.elf.dir/u8g2/u8g2_d_memory.c.obj
LOAD CMakeFiles/yaokong.elf.dir/u8g2/u8g2_d_setup.c.obj
LOAD CMakeFiles/yaokong.elf.dir/u8g2/u8g2_font.c.obj
LOAD CMakeFiles/yaokong.elf.dir/u8g2/u8g2_fonts.c.obj
LOAD CMakeFiles/yaokong.elf.dir/u8g2/u8g2_hvline.c.obj
LOAD CMakeFiles/yaokong.elf.dir/u8g2/u8g2_input_value.c.obj
LOAD CMakeFiles/yaokong.elf.dir/u8g2/u8g2_intersection.c.obj
LOAD CMakeFiles/yaokong.elf.dir/u8g2/u8g2_kerning.c.obj
LOAD CMakeFiles/yaokong.elf.dir/u8g2/u8g2_line.c.obj
LOAD CMakeFiles/yaokong.elf.dir/u8g2/u8g2_ll_hvline.c.obj
LOAD CMakeFiles/yaokong.elf.dir/u8g2/u8g2_message.c.obj
LOAD CMakeFiles/yaokong.elf.dir/u8g2/u8g2_polygon.c.obj
LOAD CMakeFiles/yaokong.elf.dir/u8g2/u8g2_selection_list.c.obj
LOAD CMakeFiles/yaokong.elf.dir/u8g2/u8g2_setup.c.obj
LOAD CMakeFiles/yaokong.elf.dir/u8g2/u8log.c.obj
LOAD CMakeFiles/yaokong.elf.dir/u8g2/u8log_u8g2.c.obj
LOAD CMakeFiles/yaokong.elf.dir/u8g2/u8log_u8x8.c.obj
LOAD CMakeFiles/yaokong.elf.dir/u8g2/u8x8_8x8.c.obj
LOAD CMakeFiles/yaokong.elf.dir/u8g2/u8x8_byte.c.obj
LOAD CMakeFiles/yaokong.elf.dir/u8g2/u8x8_cad.c.obj
LOAD CMakeFiles/yaokong.elf.dir/u8g2/u8x8_capture.c.obj
LOAD CMakeFiles/yaokong.elf.dir/u8g2/u8x8_d_ssd1306_128x64_noname.c.obj
LOAD CMakeFiles/yaokong.elf.dir/u8g2/u8x8_debounce.c.obj
LOAD CMakeFiles/yaokong.elf.dir/u8g2/u8x8_display.c.obj
LOAD CMakeFiles/yaokong.elf.dir/u8g2/u8x8_fonts.c.obj
LOAD CMakeFiles/yaokong.elf.dir/u8g2/u8x8_gpio.c.obj
LOAD CMakeFiles/yaokong.elf.dir/u8g2/u8x8_input_value.c.obj
LOAD CMakeFiles/yaokong.elf.dir/u8g2/u8x8_message.c.obj
LOAD CMakeFiles/yaokong.elf.dir/u8g2/u8x8_selection_list.c.obj
LOAD CMakeFiles/yaokong.elf.dir/u8g2/u8x8_setup.c.obj
LOAD CMakeFiles/yaokong.elf.dir/u8g2/u8x8_string.c.obj
LOAD CMakeFiles/yaokong.elf.dir/u8g2/u8x8_u16toa.c.obj
LOAD CMakeFiles/yaokong.elf.dir/u8g2/u8x8_u8toa.c.obj
LOAD CMakeFiles/yaokong.elf.dir/yaogan/yaogan.c.obj
START GROUP
LOAD d:/clion_stm32/gcc-arm-none-eabi-10.3-2021.10/bin/../lib/gcc/arm-none-eabi/10.3.1/thumb/v7-m/nofp\libgcc.a
LOAD d:/clion_stm32/gcc-arm-none-eabi-10.3-2021.10/bin/../lib/gcc/arm-none-eabi/10.3.1/../../../../arm-none-eabi/lib/thumb/v7-m/nofp\libg.a
LOAD d:/clion_stm32/gcc-arm-none-eabi-10.3-2021.10/bin/../lib/gcc/arm-none-eabi/10.3.1/../../../../arm-none-eabi/lib/thumb/v7-m/nofp\libc.a
END GROUP
LOAD d:/clion_stm32/gcc-arm-none-eabi-10.3-2021.10/bin/../lib/gcc/arm-none-eabi/10.3.1/thumb/v7-m/nofp/crtend.o
LOAD d:/clion_stm32/gcc-arm-none-eabi-10.3-2021.10/bin/../lib/gcc/arm-none-eabi/10.3.1/thumb/v7-m/nofp/crtn.o
                0x20005000                _estack = 0x20005000
                0x00000200                _Min_Heap_Size = 0x200
                0x00000400                _Min_Stack_Size = 0x400

.isr_vector     0x08000000      0x10c
                0x08000000                . = ALIGN (0x4)
 *(.isr_vector)
 .isr_vector    0x08000000      0x10c CMakeFiles/yaokong.elf.dir/startup/startup_stm32f103xb.s.obj
                0x08000000                g_pfnVectors
                0x0800010c                . = ALIGN (0x4)

.text           0x08000110     0x6c18
                0x08000110                . = ALIGN (0x4)
 *(.text)
 .text          0x08000110       0x40 d:/clion_stm32/gcc-arm-none-eabi-10.3-2021.10/bin/../lib/gcc/arm-none-eabi/10.3.1/thumb/v7-m/nofp/crtbegin.o
 .text          0x08000150       0xec d:/clion_stm32/gcc-arm-none-eabi-10.3-2021.10/bin/../lib/gcc/arm-none-eabi/10.3.1/../../../../arm-none-eabi/lib/thumb/v7-m/nofp\libg.a(lib_a-memcpy.o)
                0x08000150                memcpy
 *(.text*)
 .text.MX_ADC1_Init
                0x0800023c       0x58 CMakeFiles/yaokong.elf.dir/Core/Src/adc.c.obj
                0x0800023c                MX_ADC1_Init
 .text.MX_ADC2_Init
                0x08000294       0x5c CMakeFiles/yaokong.elf.dir/Core/Src/adc.c.obj
                0x08000294                MX_ADC2_Init
 .text.HAL_ADC_MspInit
                0x080002f0       0xa4 CMakeFiles/yaokong.elf.dir/Core/Src/adc.c.obj
                0x080002f0                HAL_ADC_MspInit
 .text.controlTask
                0x08000394       0x12 CMakeFiles/yaokong.elf.dir/Core/Src/freertos.c.obj
                0x08000394                controlTask
 *fill*         0x080003a6        0x2 
 .text.OLEDshow
                0x080003a8       0x58 CMakeFiles/yaokong.elf.dir/Core/Src/freertos.c.obj
                0x080003a8                OLEDshow
 .text.MX_FREERTOS_Init
                0x08000400       0x38 CMakeFiles/yaokong.elf.dir/Core/Src/freertos.c.obj
                0x08000400                MX_FREERTOS_Init
 .text.MX_GPIO_Init
                0x08000438       0x54 CMakeFiles/yaokong.elf.dir/Core/Src/gpio.c.obj
                0x08000438                MX_GPIO_Init
 .text.HAL_TIM_PeriodElapsedCallback
                0x0800048c       0x18 CMakeFiles/yaokong.elf.dir/Core/Src/main.c.obj
                0x0800048c                HAL_TIM_PeriodElapsedCallback
 .text.Error_Handler
                0x080004a4        0x4 CMakeFiles/yaokong.elf.dir/Core/Src/main.c.obj
                0x080004a4                Error_Handler
 .text.SystemClock_Config
                0x080004a8       0x84 CMakeFiles/yaokong.elf.dir/Core/Src/main.c.obj
                0x080004a8                SystemClock_Config
 .text.main     0x0800052c       0x2c CMakeFiles/yaokong.elf.dir/Core/Src/main.c.obj
                0x0800052c                main
 .text.HAL_MspInit
                0x08000558       0x54 CMakeFiles/yaokong.elf.dir/Core/Src/stm32f1xx_hal_msp.c.obj
                0x08000558                HAL_MspInit
 .text.HAL_InitTick
                0x080005ac       0x78 CMakeFiles/yaokong.elf.dir/Core/Src/stm32f1xx_hal_timebase_tim.c.obj
                0x080005ac                HAL_InitTick
 .text.NMI_Handler
                0x08000624        0x2 CMakeFiles/yaokong.elf.dir/Core/Src/stm32f1xx_it.c.obj
                0x08000624                NMI_Handler
 .text.HardFault_Handler
                0x08000626        0x2 CMakeFiles/yaokong.elf.dir/Core/Src/stm32f1xx_it.c.obj
                0x08000626                HardFault_Handler
 .text.MemManage_Handler
                0x08000628        0x2 CMakeFiles/yaokong.elf.dir/Core/Src/stm32f1xx_it.c.obj
                0x08000628                MemManage_Handler
 .text.BusFault_Handler
                0x0800062a        0x2 CMakeFiles/yaokong.elf.dir/Core/Src/stm32f1xx_it.c.obj
                0x0800062a                BusFault_Handler
 .text.UsageFault_Handler
                0x0800062c        0x2 CMakeFiles/yaokong.elf.dir/Core/Src/stm32f1xx_it.c.obj
                0x0800062c                UsageFault_Handler
 .text.DebugMon_Handler
                0x0800062e        0x2 CMakeFiles/yaokong.elf.dir/Core/Src/stm32f1xx_it.c.obj
                0x0800062e                DebugMon_Handler
 .text.TIM1_UP_IRQHandler
                0x08000630       0x10 CMakeFiles/yaokong.elf.dir/Core/Src/stm32f1xx_it.c.obj
                0x08000630                TIM1_UP_IRQHandler
 .text._read    0x08000640       0x20 CMakeFiles/yaokong.elf.dir/Core/Src/syscalls.c.obj
                0x08000640                _read
 .text._write   0x08000660       0x1c CMakeFiles/yaokong.elf.dir/Core/Src/syscalls.c.obj
                0x08000660                _write
 .text._sbrk    0x0800067c       0x3c CMakeFiles/yaokong.elf.dir/Core/Src/syscalls.c.obj
                0x0800067c                _sbrk
 .text._close   0x080006b8        0x6 CMakeFiles/yaokong.elf.dir/Core/Src/syscalls.c.obj
                0x080006b8                _close
 .text._fstat   0x080006be        0xa CMakeFiles/yaokong.elf.dir/Core/Src/syscalls.c.obj
                0x080006be                _fstat
 .text._isatty  0x080006c8        0x4 CMakeFiles/yaokong.elf.dir/Core/Src/syscalls.c.obj
                0x080006c8                _isatty
 .text._lseek   0x080006cc        0x4 CMakeFiles/yaokong.elf.dir/Core/Src/syscalls.c.obj
                0x080006cc                _lseek
 .text.SystemInit
                0x080006d0        0x2 CMakeFiles/yaokong.elf.dir/Core/Src/system_stm32f1xx.c.obj
                0x080006d0                SystemInit
 *fill*         0x080006d2        0x2 
 .text.MX_TIM2_Init
                0x080006d4       0x6c CMakeFiles/yaokong.elf.dir/Core/Src/tim.c.obj
                0x080006d4                MX_TIM2_Init
 .text.HAL_TIM_Base_MspInit
                0x08000740       0x26 CMakeFiles/yaokong.elf.dir/Core/Src/tim.c.obj
                0x08000740                HAL_TIM_Base_MspInit
 *fill*         0x08000766        0x2 
 .text.MX_USART1_UART_Init
                0x08000768       0x34 CMakeFiles/yaokong.elf.dir/Core/Src/usart.c.obj
                0x08000768                MX_USART1_UART_Init
 .text.HAL_UART_MspInit
                0x0800079c       0x78 CMakeFiles/yaokong.elf.dir/Core/Src/usart.c.obj
                0x0800079c                HAL_UART_MspInit
 .text.HAL_Init
                0x08000814       0x24 CMakeFiles/yaokong.elf.dir/Drivers/STM32F1xx_HAL_Driver/Src/stm32f1xx_hal.c.obj
                0x08000814                HAL_Init
 .text.HAL_IncTick
                0x08000838       0x18 CMakeFiles/yaokong.elf.dir/Drivers/STM32F1xx_HAL_Driver/Src/stm32f1xx_hal.c.obj
                0x08000838                HAL_IncTick
 .text.HAL_GetTick
                0x08000850        0xc CMakeFiles/yaokong.elf.dir/Drivers/STM32F1xx_HAL_Driver/Src/stm32f1xx_hal.c.obj
                0x08000850                HAL_GetTick
 .text.HAL_Delay
                0x0800085c       0x28 CMakeFiles/yaokong.elf.dir/Drivers/STM32F1xx_HAL_Driver/Src/stm32f1xx_hal.c.obj
                0x0800085c                HAL_Delay
 .text.HAL_ADC_GetValue
                0x08000884        0x6 CMakeFiles/yaokong.elf.dir/Drivers/STM32F1xx_HAL_Driver/Src/stm32f1xx_hal_adc.c.obj
                0x08000884                HAL_ADC_GetValue
 *fill*         0x0800088a        0x2 
 .text.HAL_ADC_ConfigChannel
                0x0800088c      0x144 CMakeFiles/yaokong.elf.dir/Drivers/STM32F1xx_HAL_Driver/Src/stm32f1xx_hal_adc.c.obj
                0x0800088c                HAL_ADC_ConfigChannel
 .text.ADC_Enable
                0x080009d0       0x88 CMakeFiles/yaokong.elf.dir/Drivers/STM32F1xx_HAL_Driver/Src/stm32f1xx_hal_adc.c.obj
                0x080009d0                ADC_Enable
 .text.HAL_ADC_Start
                0x08000a58       0xe8 CMakeFiles/yaokong.elf.dir/Drivers/STM32F1xx_HAL_Driver/Src/stm32f1xx_hal_adc.c.obj
                0x08000a58                HAL_ADC_Start
 .text.ADC_ConversionStop_Disable
                0x08000b40       0x56 CMakeFiles/yaokong.elf.dir/Drivers/STM32F1xx_HAL_Driver/Src/stm32f1xx_hal_adc.c.obj
                0x08000b40                ADC_ConversionStop_Disable
 *fill*         0x08000b96        0x2 
 .text.HAL_ADC_Init
                0x08000b98      0x108 CMakeFiles/yaokong.elf.dir/Drivers/STM32F1xx_HAL_Driver/Src/stm32f1xx_hal_adc.c.obj
                0x08000b98                HAL_ADC_Init
 .text.HAL_ADC_Stop
                0x08000ca0       0x34 CMakeFiles/yaokong.elf.dir/Drivers/STM32F1xx_HAL_Driver/Src/stm32f1xx_hal_adc.c.obj
                0x08000ca0                HAL_ADC_Stop
 .text.HAL_NVIC_SetPriorityGrouping
                0x08000cd4       0x24 CMakeFiles/yaokong.elf.dir/Drivers/STM32F1xx_HAL_Driver/Src/stm32f1xx_hal_cortex.c.obj
                0x08000cd4                HAL_NVIC_SetPriorityGrouping
 .text.HAL_NVIC_SetPriority
                0x08000cf8       0x70 CMakeFiles/yaokong.elf.dir/Drivers/STM32F1xx_HAL_Driver/Src/stm32f1xx_hal_cortex.c.obj
                0x08000cf8                HAL_NVIC_SetPriority
 .text.HAL_NVIC_EnableIRQ
                0x08000d68       0x1c CMakeFiles/yaokong.elf.dir/Drivers/STM32F1xx_HAL_Driver/Src/stm32f1xx_hal_cortex.c.obj
                0x08000d68                HAL_NVIC_EnableIRQ
 .text.HAL_GPIO_Init
                0x08000d84      0x224 CMakeFiles/yaokong.elf.dir/Drivers/STM32F1xx_HAL_Driver/Src/stm32f1xx_hal_gpio.c.obj
                0x08000d84                HAL_GPIO_Init
 .text.HAL_GPIO_WritePin
                0x08000fa8        0xc CMakeFiles/yaokong.elf.dir/Drivers/STM32F1xx_HAL_Driver/Src/stm32f1xx_hal_gpio.c.obj
                0x08000fa8                HAL_GPIO_WritePin
 .text.RCC_Delay
                0x08000fb4       0x2c CMakeFiles/yaokong.elf.dir/Drivers/STM32F1xx_HAL_Driver/Src/stm32f1xx_hal_rcc.c.obj
 .text.HAL_RCC_OscConfig
                0x08000fe0      0x410 CMakeFiles/yaokong.elf.dir/Drivers/STM32F1xx_HAL_Driver/Src/stm32f1xx_hal_rcc.c.obj
                0x08000fe0                HAL_RCC_OscConfig
 .text.HAL_RCC_GetSysClockFreq
                0x080013f0       0x54 CMakeFiles/yaokong.elf.dir/Drivers/STM32F1xx_HAL_Driver/Src/stm32f1xx_hal_rcc.c.obj
                0x080013f0                HAL_RCC_GetSysClockFreq
 .text.HAL_RCC_ClockConfig
                0x08001444      0x16c CMakeFiles/yaokong.elf.dir/Drivers/STM32F1xx_HAL_Driver/Src/stm32f1xx_hal_rcc.c.obj
                0x08001444                HAL_RCC_ClockConfig
 .text.HAL_RCC_GetHCLKFreq
                0x080015b0        0xc CMakeFiles/yaokong.elf.dir/Drivers/STM32F1xx_HAL_Driver/Src/stm32f1xx_hal_rcc.c.obj
                0x080015b0                HAL_RCC_GetHCLKFreq
 .text.HAL_RCC_GetPCLK1Freq
                0x080015bc       0x20 CMakeFiles/yaokong.elf.dir/Drivers/STM32F1xx_HAL_Driver/Src/stm32f1xx_hal_rcc.c.obj
                0x080015bc                HAL_RCC_GetPCLK1Freq
 .text.HAL_RCC_GetPCLK2Freq
                0x080015dc       0x20 CMakeFiles/yaokong.elf.dir/Drivers/STM32F1xx_HAL_Driver/Src/stm32f1xx_hal_rcc.c.obj
                0x080015dc                HAL_RCC_GetPCLK2Freq
 .text.HAL_RCC_GetClockConfig
                0x080015fc       0x3c CMakeFiles/yaokong.elf.dir/Drivers/STM32F1xx_HAL_Driver/Src/stm32f1xx_hal_rcc.c.obj
                0x080015fc                HAL_RCC_GetClockConfig
 .text.HAL_RCCEx_PeriphCLKConfig
                0x08001638      0x118 CMakeFiles/yaokong.elf.dir/Drivers/STM32F1xx_HAL_Driver/Src/stm32f1xx_hal_rcc_ex.c.obj
                0x08001638                HAL_RCCEx_PeriphCLKConfig
 .text.TIM_TI1_ConfigInputStage
                0x08001750       0x24 CMakeFiles/yaokong.elf.dir/Drivers/STM32F1xx_HAL_Driver/Src/stm32f1xx_hal_tim.c.obj
 .text.TIM_TI2_ConfigInputStage
                0x08001774       0x26 CMakeFiles/yaokong.elf.dir/Drivers/STM32F1xx_HAL_Driver/Src/stm32f1xx_hal_tim.c.obj
 .text.TIM_ITRx_SetConfig
                0x0800179a       0x10 CMakeFiles/yaokong.elf.dir/Drivers/STM32F1xx_HAL_Driver/Src/stm32f1xx_hal_tim.c.obj
 *fill*         0x080017aa        0x2 
 .text.HAL_TIM_Base_Start_IT
                0x080017ac       0x68 CMakeFiles/yaokong.elf.dir/Drivers/STM32F1xx_HAL_Driver/Src/stm32f1xx_hal_tim.c.obj
                0x080017ac                HAL_TIM_Base_Start_IT
 .text.HAL_TIM_OC_DelayElapsedCallback
                0x08001814        0x2 CMakeFiles/yaokong.elf.dir/Drivers/STM32F1xx_HAL_Driver/Src/stm32f1xx_hal_tim.c.obj
                0x08001814                HAL_TIM_OC_DelayElapsedCallback
 .text.HAL_TIM_IC_CaptureCallback
                0x08001816        0x2 CMakeFiles/yaokong.elf.dir/Drivers/STM32F1xx_HAL_Driver/Src/stm32f1xx_hal_tim.c.obj
                0x08001816                HAL_TIM_IC_CaptureCallback
 .text.HAL_TIM_PWM_PulseFinishedCallback
                0x08001818        0x2 CMakeFiles/yaokong.elf.dir/Drivers/STM32F1xx_HAL_Driver/Src/stm32f1xx_hal_tim.c.obj
                0x08001818                HAL_TIM_PWM_PulseFinishedCallback
 .text.HAL_TIM_TriggerCallback
                0x0800181a        0x2 CMakeFiles/yaokong.elf.dir/Drivers/STM32F1xx_HAL_Driver/Src/stm32f1xx_hal_tim.c.obj
                0x0800181a                HAL_TIM_TriggerCallback
 .text.HAL_TIM_IRQHandler
                0x0800181c      0x17a CMakeFiles/yaokong.elf.dir/Drivers/STM32F1xx_HAL_Driver/Src/stm32f1xx_hal_tim.c.obj
                0x0800181c                HAL_TIM_IRQHandler
 *fill*         0x08001996        0x2 
 .text.TIM_Base_SetConfig
                0x08001998       0x74 CMakeFiles/yaokong.elf.dir/Drivers/STM32F1xx_HAL_Driver/Src/stm32f1xx_hal_tim.c.obj
                0x08001998                TIM_Base_SetConfig
 .text.HAL_TIM_Base_Init
                0x08001a0c       0x58 CMakeFiles/yaokong.elf.dir/Drivers/STM32F1xx_HAL_Driver/Src/stm32f1xx_hal_tim.c.obj
                0x08001a0c                HAL_TIM_Base_Init
 .text.TIM_ETR_SetConfig
                0x08001a64       0x18 CMakeFiles/yaokong.elf.dir/Drivers/STM32F1xx_HAL_Driver/Src/stm32f1xx_hal_tim.c.obj
                0x08001a64                TIM_ETR_SetConfig
 .text.HAL_TIM_ConfigClockSource
                0x08001a7c       0xfe CMakeFiles/yaokong.elf.dir/Drivers/STM32F1xx_HAL_Driver/Src/stm32f1xx_hal_tim.c.obj
                0x08001a7c                HAL_TIM_ConfigClockSource
 *fill*         0x08001b7a        0x2 
 .text.HAL_TIMEx_MasterConfigSynchronization
                0x08001b7c       0x6c CMakeFiles/yaokong.elf.dir/Drivers/STM32F1xx_HAL_Driver/Src/stm32f1xx_hal_tim_ex.c.obj
                0x08001b7c                HAL_TIMEx_MasterConfigSynchronization
 .text.HAL_TIMEx_CommutCallback
                0x08001be8        0x2 CMakeFiles/yaokong.elf.dir/Drivers/STM32F1xx_HAL_Driver/Src/stm32f1xx_hal_tim_ex.c.obj
                0x08001be8                HAL_TIMEx_CommutCallback
 .text.HAL_TIMEx_BreakCallback
                0x08001bea        0x2 CMakeFiles/yaokong.elf.dir/Drivers/STM32F1xx_HAL_Driver/Src/stm32f1xx_hal_tim_ex.c.obj
                0x08001bea                HAL_TIMEx_BreakCallback
 .text.UART_SetConfig
                0x08001bec       0x94 CMakeFiles/yaokong.elf.dir/Drivers/STM32F1xx_HAL_Driver/Src/stm32f1xx_hal_uart.c.obj
 .text.UART_WaitOnFlagUntilTimeout
                0x08001c80       0x88 CMakeFiles/yaokong.elf.dir/Drivers/STM32F1xx_HAL_Driver/Src/stm32f1xx_hal_uart.c.obj
 .text.HAL_UART_Init
                0x08001d08       0x60 CMakeFiles/yaokong.elf.dir/Drivers/STM32F1xx_HAL_Driver/Src/stm32f1xx_hal_uart.c.obj
                0x08001d08                HAL_UART_Init
 .text.HAL_UART_Transmit
                0x08001d68       0xbe CMakeFiles/yaokong.elf.dir/Drivers/STM32F1xx_HAL_Driver/Src/stm32f1xx_hal_uart.c.obj
                0x08001d68                HAL_UART_Transmit
 *fill*         0x08001e26        0x2 
 .text.osKernelInitialize
                0x08001e28       0x44 CMakeFiles/yaokong.elf.dir/Middlewares/Third_Party/FreeRTOS/Source/CMSIS_RTOS_V2/cmsis_os2.c.obj
                0x08001e28                osKernelInitialize
 .text.osKernelStart
                0x08001e6c       0x4c CMakeFiles/yaokong.elf.dir/Middlewares/Third_Party/FreeRTOS/Source/CMSIS_RTOS_V2/cmsis_os2.c.obj
                0x08001e6c                osKernelStart
 .text.osThreadNew
                0x08001eb8       0xec CMakeFiles/yaokong.elf.dir/Middlewares/Third_Party/FreeRTOS/Source/CMSIS_RTOS_V2/cmsis_os2.c.obj
                0x08001eb8                osThreadNew
 .text.osDelay  0x08001fa4       0x44 CMakeFiles/yaokong.elf.dir/Middlewares/Third_Party/FreeRTOS/Source/CMSIS_RTOS_V2/cmsis_os2.c.obj
                0x08001fa4                osDelay
 .text.vApplicationGetIdleTaskMemory
                0x08001fe8       0x18 CMakeFiles/yaokong.elf.dir/Middlewares/Third_Party/FreeRTOS/Source/CMSIS_RTOS_V2/cmsis_os2.c.obj
                0x08001fe8                vApplicationGetIdleTaskMemory
 .text.vApplicationGetTimerTaskMemory
                0x08002000       0x18 CMakeFiles/yaokong.elf.dir/Middlewares/Third_Party/FreeRTOS/Source/CMSIS_RTOS_V2/cmsis_os2.c.obj
                0x08002000                vApplicationGetTimerTaskMemory
 .text.vListInitialise
                0x08002018       0x16 CMakeFiles/yaokong.elf.dir/Middlewares/Third_Party/FreeRTOS/Source/list.c.obj
                0x08002018                vListInitialise
 .text.vListInitialiseItem
                0x0800202e        0x6 CMakeFiles/yaokong.elf.dir/Middlewares/Third_Party/FreeRTOS/Source/list.c.obj
                0x0800202e                vListInitialiseItem
 .text.vListInsertEnd
                0x08002034       0x16 CMakeFiles/yaokong.elf.dir/Middlewares/Third_Party/FreeRTOS/Source/list.c.obj
                0x08002034                vListInsertEnd
 .text.vListInsert
                0x0800204a       0x32 CMakeFiles/yaokong.elf.dir/Middlewares/Third_Party/FreeRTOS/Source/list.c.obj
                0x0800204a                vListInsert
 .text.uxListRemove
                0x0800207c       0x26 CMakeFiles/yaokong.elf.dir/Middlewares/Third_Party/FreeRTOS/Source/list.c.obj
                0x0800207c                uxListRemove
 *fill*         0x080020a2        0x2 
 .text.prvTaskExitError
                0x080020a4       0x40 CMakeFiles/yaokong.elf.dir/Middlewares/Third_Party/FreeRTOS/Source/portable/GCC/ARM_CM3/port.c.obj
 .text.prvPortStartFirstTask
                0x080020e4       0x20 CMakeFiles/yaokong.elf.dir/Middlewares/Third_Party/FreeRTOS/Source/portable/GCC/ARM_CM3/port.c.obj
 .text.pxPortInitialiseStack
                0x08002104       0x24 CMakeFiles/yaokong.elf.dir/Middlewares/Third_Party/FreeRTOS/Source/portable/GCC/ARM_CM3/port.c.obj
                0x08002104                pxPortInitialiseStack
 *fill*         0x08002128        0x8 
 .text.SVC_Handler
                0x08002130       0x24 CMakeFiles/yaokong.elf.dir/Middlewares/Third_Party/FreeRTOS/Source/portable/GCC/ARM_CM3/port.c.obj
                0x08002130                SVC_Handler
 .text.vPortEnterCritical
                0x08002154       0x44 CMakeFiles/yaokong.elf.dir/Middlewares/Third_Party/FreeRTOS/Source/portable/GCC/ARM_CM3/port.c.obj
                0x08002154                vPortEnterCritical
 .text.vPortExitCritical
                0x08002198       0x2c CMakeFiles/yaokong.elf.dir/Middlewares/Third_Party/FreeRTOS/Source/portable/GCC/ARM_CM3/port.c.obj
                0x08002198                vPortExitCritical
 *fill*         0x080021c4        0xc 
 .text.PendSV_Handler
                0x080021d0       0x44 CMakeFiles/yaokong.elf.dir/Middlewares/Third_Party/FreeRTOS/Source/portable/GCC/ARM_CM3/port.c.obj
                0x080021d0                PendSV_Handler
 .text.SysTick_Handler
                0x08002214       0x2c CMakeFiles/yaokong.elf.dir/Middlewares/Third_Party/FreeRTOS/Source/portable/GCC/ARM_CM3/port.c.obj
                0x08002214                SysTick_Handler
 .text.vPortSetupTimerInterrupt
                0x08002240       0x28 CMakeFiles/yaokong.elf.dir/Middlewares/Third_Party/FreeRTOS/Source/portable/GCC/ARM_CM3/port.c.obj
                0x08002240                vPortSetupTimerInterrupt
 .text.xPortStartScheduler
                0x08002268       0xc0 CMakeFiles/yaokong.elf.dir/Middlewares/Third_Party/FreeRTOS/Source/portable/GCC/ARM_CM3/port.c.obj
                0x08002268                xPortStartScheduler
 .text.vPortValidateInterruptPriority
                0x08002328       0x5c CMakeFiles/yaokong.elf.dir/Middlewares/Third_Party/FreeRTOS/Source/portable/GCC/ARM_CM3/port.c.obj
                0x08002328                vPortValidateInterruptPriority
 .text.prvHeapInit
                0x08002384       0x64 CMakeFiles/yaokong.elf.dir/Middlewares/Third_Party/FreeRTOS/Source/portable/MemMang/heap_4.c.obj
 .text.prvInsertBlockIntoFreeList
                0x080023e8       0x60 CMakeFiles/yaokong.elf.dir/Middlewares/Third_Party/FreeRTOS/Source/portable/MemMang/heap_4.c.obj
 .text.pvPortMalloc
                0x08002448       0xf0 CMakeFiles/yaokong.elf.dir/Middlewares/Third_Party/FreeRTOS/Source/portable/MemMang/heap_4.c.obj
                0x08002448                pvPortMalloc
 .text.vPortFree
                0x08002538       0x70 CMakeFiles/yaokong.elf.dir/Middlewares/Third_Party/FreeRTOS/Source/portable/MemMang/heap_4.c.obj
                0x08002538                vPortFree
 .text.prvIsQueueFull
                0x080025a8       0x1e CMakeFiles/yaokong.elf.dir/Middlewares/Third_Party/FreeRTOS/Source/queue.c.obj
 .text.prvIsQueueEmpty
                0x080025c6       0x1a CMakeFiles/yaokong.elf.dir/Middlewares/Third_Party/FreeRTOS/Source/queue.c.obj
 .text.prvCopyDataToQueue
                0x080025e0       0x76 CMakeFiles/yaokong.elf.dir/Middlewares/Third_Party/FreeRTOS/Source/queue.c.obj
 .text.prvCopyDataFromQueue
                0x08002656       0x24 CMakeFiles/yaokong.elf.dir/Middlewares/Third_Party/FreeRTOS/Source/queue.c.obj
 .text.prvUnlockQueue
                0x0800267a       0x6e CMakeFiles/yaokong.elf.dir/Middlewares/Third_Party/FreeRTOS/Source/queue.c.obj
 .text.xQueueGenericReset
                0x080026e8       0x84 CMakeFiles/yaokong.elf.dir/Middlewares/Third_Party/FreeRTOS/Source/queue.c.obj
                0x080026e8                xQueueGenericReset
 .text.prvInitialiseNewQueue
                0x0800276c       0x22 CMakeFiles/yaokong.elf.dir/Middlewares/Third_Party/FreeRTOS/Source/queue.c.obj
 .text.xQueueGenericCreateStatic
                0x0800278e       0x92 CMakeFiles/yaokong.elf.dir/Middlewares/Third_Party/FreeRTOS/Source/queue.c.obj
                0x0800278e                xQueueGenericCreateStatic
 .text.xQueueGenericSend
                0x08002820      0x188 CMakeFiles/yaokong.elf.dir/Middlewares/Third_Party/FreeRTOS/Source/queue.c.obj
                0x08002820                xQueueGenericSend
 .text.xQueueGenericSendFromISR
                0x080029a8       0xcc CMakeFiles/yaokong.elf.dir/Middlewares/Third_Party/FreeRTOS/Source/queue.c.obj
                0x080029a8                xQueueGenericSendFromISR
 .text.xQueueReceive
                0x08002a74      0x15e CMakeFiles/yaokong.elf.dir/Middlewares/Third_Party/FreeRTOS/Source/queue.c.obj
                0x08002a74                xQueueReceive
 *fill*         0x08002bd2        0x2 
 .text.vQueueAddToRegistry
                0x08002bd4       0x28 CMakeFiles/yaokong.elf.dir/Middlewares/Third_Party/FreeRTOS/Source/queue.c.obj
                0x08002bd4                vQueueAddToRegistry
 .text.vQueueWaitForMessageRestricted
                0x08002bfc       0x52 CMakeFiles/yaokong.elf.dir/Middlewares/Third_Party/FreeRTOS/Source/queue.c.obj
                0x08002bfc                vQueueWaitForMessageRestricted
 *fill*         0x08002c4e        0x2 
 .text.prvResetNextTaskUnblockTime
                0x08002c50       0x2c CMakeFiles/yaokong.elf.dir/Middlewares/Third_Party/FreeRTOS/Source/tasks.c.obj
 .text.prvInitialiseNewTask
                0x08002c7c       0x9c CMakeFiles/yaokong.elf.dir/Middlewares/Third_Party/FreeRTOS/Source/tasks.c.obj
 .text.prvInitialiseTaskLists
                0x08002d18       0x68 CMakeFiles/yaokong.elf.dir/Middlewares/Third_Party/FreeRTOS/Source/tasks.c.obj
 .text.prvAddNewTaskToReadyList
                0x08002d80       0xac CMakeFiles/yaokong.elf.dir/Middlewares/Third_Party/FreeRTOS/Source/tasks.c.obj
 .text.prvDeleteTCB
                0x08002e2c       0x38 CMakeFiles/yaokong.elf.dir/Middlewares/Third_Party/FreeRTOS/Source/tasks.c.obj
 .text.prvCheckTasksWaitingTermination
                0x08002e64       0x4c CMakeFiles/yaokong.elf.dir/Middlewares/Third_Party/FreeRTOS/Source/tasks.c.obj
 .text.prvIdleTask
                0x08002eb0       0x28 CMakeFiles/yaokong.elf.dir/Middlewares/Third_Party/FreeRTOS/Source/tasks.c.obj
 .text.prvAddCurrentTaskToDelayedList
                0x08002ed8       0x7c CMakeFiles/yaokong.elf.dir/Middlewares/Third_Party/FreeRTOS/Source/tasks.c.obj
 .text.xTaskCreateStatic
                0x08002f54       0x74 CMakeFiles/yaokong.elf.dir/Middlewares/Third_Party/FreeRTOS/Source/tasks.c.obj
                0x08002f54                xTaskCreateStatic
 .text.xTaskCreate
                0x08002fc8       0x68 CMakeFiles/yaokong.elf.dir/Middlewares/Third_Party/FreeRTOS/Source/tasks.c.obj
                0x08002fc8                xTaskCreate
 .text.vTaskStartScheduler
                0x08003030       0x9c CMakeFiles/yaokong.elf.dir/Middlewares/Third_Party/FreeRTOS/Source/tasks.c.obj
                0x08003030                vTaskStartScheduler
 .text.vTaskSuspendAll
                0x080030cc       0x10 CMakeFiles/yaokong.elf.dir/Middlewares/Third_Party/FreeRTOS/Source/tasks.c.obj
                0x080030cc                vTaskSuspendAll
 .text.xTaskGetTickCount
                0x080030dc        0xc CMakeFiles/yaokong.elf.dir/Middlewares/Third_Party/FreeRTOS/Source/tasks.c.obj
                0x080030dc                xTaskGetTickCount
 .text.xTaskIncrementTick
                0x080030e8      0x118 CMakeFiles/yaokong.elf.dir/Middlewares/Third_Party/FreeRTOS/Source/tasks.c.obj
                0x080030e8                xTaskIncrementTick
 .text.xTaskResumeAll
                0x08003200       0xf8 CMakeFiles/yaokong.elf.dir/Middlewares/Third_Party/FreeRTOS/Source/tasks.c.obj
                0x08003200                xTaskResumeAll
 .text.vTaskDelay
                0x080032f8       0x4c CMakeFiles/yaokong.elf.dir/Middlewares/Third_Party/FreeRTOS/Source/tasks.c.obj
                0x080032f8                vTaskDelay
 .text.vTaskSwitchContext
                0x08003344       0x94 CMakeFiles/yaokong.elf.dir/Middlewares/Third_Party/FreeRTOS/Source/tasks.c.obj
                0x08003344                vTaskSwitchContext
 .text.vTaskPlaceOnEventList
                0x080033d8       0x30 CMakeFiles/yaokong.elf.dir/Middlewares/Third_Party/FreeRTOS/Source/tasks.c.obj
                0x080033d8                vTaskPlaceOnEventList
 .text.vTaskPlaceOnEventListRestricted
                0x08003408       0x38 CMakeFiles/yaokong.elf.dir/Middlewares/Third_Party/FreeRTOS/Source/tasks.c.obj
                0x08003408                vTaskPlaceOnEventListRestricted
 .text.xTaskRemoveFromEventList
                0x08003440       0x8c CMakeFiles/yaokong.elf.dir/Middlewares/Third_Party/FreeRTOS/Source/tasks.c.obj
                0x08003440                xTaskRemoveFromEventList
 .text.vTaskInternalSetTimeOutState
                0x080034cc       0x18 CMakeFiles/yaokong.elf.dir/Middlewares/Third_Party/FreeRTOS/Source/tasks.c.obj
                0x080034cc                vTaskInternalSetTimeOutState
 .text.xTaskCheckForTimeOut
                0x080034e4       0x84 CMakeFiles/yaokong.elf.dir/Middlewares/Third_Party/FreeRTOS/Source/tasks.c.obj
                0x080034e4                xTaskCheckForTimeOut
 .text.vTaskMissedYield
                0x08003568        0xc CMakeFiles/yaokong.elf.dir/Middlewares/Third_Party/FreeRTOS/Source/tasks.c.obj
                0x08003568                vTaskMissedYield
 .text.xTaskGetSchedulerState
                0x08003574       0x20 CMakeFiles/yaokong.elf.dir/Middlewares/Third_Party/FreeRTOS/Source/tasks.c.obj
                0x08003574                xTaskGetSchedulerState
 .text.xTaskPriorityDisinherit
                0x08003594       0x90 CMakeFiles/yaokong.elf.dir/Middlewares/Third_Party/FreeRTOS/Source/tasks.c.obj
                0x08003594                xTaskPriorityDisinherit
 .text.prvGetNextExpireTime
                0x08003624       0x20 CMakeFiles/yaokong.elf.dir/Middlewares/Third_Party/FreeRTOS/Source/timers.c.obj
 .text.prvInsertTimerInActiveList
                0x08003644       0x48 CMakeFiles/yaokong.elf.dir/Middlewares/Third_Party/FreeRTOS/Source/timers.c.obj
 .text.prvCheckForValidListAndQueue
                0x0800368c       0x70 CMakeFiles/yaokong.elf.dir/Middlewares/Third_Party/FreeRTOS/Source/timers.c.obj
 .text.xTimerCreateTimerTask
                0x080036fc       0x64 CMakeFiles/yaokong.elf.dir/Middlewares/Third_Party/FreeRTOS/Source/timers.c.obj
                0x080036fc                xTimerCreateTimerTask
 .text.xTimerGenericCommand
                0x08003760       0x6c CMakeFiles/yaokong.elf.dir/Middlewares/Third_Party/FreeRTOS/Source/timers.c.obj
                0x08003760                xTimerGenericCommand
 .text.prvSwitchTimerLists
                0x080037cc       0x78 CMakeFiles/yaokong.elf.dir/Middlewares/Third_Party/FreeRTOS/Source/timers.c.obj
 .text.prvSampleTimeNow
                0x08003844       0x2c CMakeFiles/yaokong.elf.dir/Middlewares/Third_Party/FreeRTOS/Source/timers.c.obj
 .text.prvProcessExpiredTimer
                0x08003870       0x60 CMakeFiles/yaokong.elf.dir/Middlewares/Third_Party/FreeRTOS/Source/timers.c.obj
 .text.prvProcessTimerOrBlockTask
                0x080038d0       0x74 CMakeFiles/yaokong.elf.dir/Middlewares/Third_Party/FreeRTOS/Source/timers.c.obj
 .text.prvProcessReceivedCommands
                0x08003944       0xf8 CMakeFiles/yaokong.elf.dir/Middlewares/Third_Party/FreeRTOS/Source/timers.c.obj
 .text.prvTimerTask
                0x08003a3c       0x16 CMakeFiles/yaokong.elf.dir/Middlewares/Third_Party/FreeRTOS/Source/timers.c.obj
 *fill*         0x08003a52        0x2 
 .text.my_u8g2_init
                0x08003a54       0xa8 CMakeFiles/yaokong.elf.dir/OLED/my_menu.c.obj
                0x08003a54                my_u8g2_init
 .text.Pin_init
                0x08003afc       0x54 CMakeFiles/yaokong.elf.dir/OLED/oled.c.obj
                0x08003afc                Pin_init
 .text.HAL_Delay_us
                0x08003b50       0x3c CMakeFiles/yaokong.elf.dir/OLED/oled.c.obj
                0x08003b50                HAL_Delay_us
 .text.u8x8_gpio_and_delay
                0x08003b8c       0x98 CMakeFiles/yaokong.elf.dir/OLED/oled.c.obj
                0x08003b8c                u8x8_gpio_and_delay
 .text.u8g2_init
                0x08003c24       0x30 CMakeFiles/yaokong.elf.dir/OLED/oled.c.obj
                0x08003c24                u8g2_init
 .text.Reset_Handler
                0x08003c54       0x48 CMakeFiles/yaokong.elf.dir/startup/startup_stm32f103xb.s.obj
                0x08003c54                Reset_Handler
 .text.Default_Handler
                0x08003c9c        0x2 CMakeFiles/yaokong.elf.dir/startup/startup_stm32f103xb.s.obj
                0x08003c9c                DMA1_Channel4_IRQHandler
                0x08003c9c                EXTI1_IRQHandler
                0x08003c9c                SPI2_IRQHandler
                0x08003c9c                EXTI9_5_IRQHandler
                0x08003c9c                SPI1_IRQHandler
                0x08003c9c                PVD_IRQHandler
                0x08003c9c                USBWakeUp_IRQHandler
                0x08003c9c                WWDG_IRQHandler
                0x08003c9c                ADC1_2_IRQHandler
                0x08003c9c                DMA1_Channel5_IRQHandler
                0x08003c9c                RCC_IRQHandler
                0x08003c9c                I2C1_ER_IRQHandler
                0x08003c9c                RTC_IRQHandler
                0x08003c9c                DMA1_Channel6_IRQHandler
                0x08003c9c                DMA1_Channel2_IRQHandler
                0x08003c9c                I2C2_EV_IRQHandler
                0x08003c9c                TIM3_IRQHandler
                0x08003c9c                DMA1_Channel7_IRQHandler
                0x08003c9c                USB_LP_CAN1_RX0_IRQHandler
                0x08003c9c                USART2_IRQHandler
                0x08003c9c                FLASH_IRQHandler
                0x08003c9c                EXTI15_10_IRQHandler
                0x08003c9c                TIM1_BRK_IRQHandler
                0x08003c9c                USART1_IRQHandler
                0x08003c9c                TAMPER_IRQHandler
                0x08003c9c                TIM2_IRQHandler
                0x08003c9c                CAN1_SCE_IRQHandler
                0x08003c9c                Default_Handler
                0x08003c9c                EXTI2_IRQHandler
                0x08003c9c                DMA1_Channel3_IRQHandler
                0x08003c9c                TIM4_IRQHandler
                0x08003c9c                USART3_IRQHandler
                0x08003c9c                EXTI3_IRQHandler
                0x08003c9c                I2C2_ER_IRQHandler
                0x08003c9c                TIM1_TRG_COM_IRQHandler
                0x08003c9c                I2C1_EV_IRQHandler
                0x08003c9c                TIM1_CC_IRQHandler
                0x08003c9c                DMA1_Channel1_IRQHandler
                0x08003c9c                EXTI0_IRQHandler
                0x08003c9c                RTC_Alarm_IRQHandler
                0x08003c9c                EXTI4_IRQHandler
                0x08003c9c                CAN1_RX1_IRQHandler
                0x08003c9c                USB_HP_CAN1_TX_IRQHandler
 .text.u8g2_DrawHXBMP
                0x08003c9e       0x8c CMakeFiles/yaokong.elf.dir/u8g2/u8g2_bitmap.c.obj
                0x08003c9e                u8g2_DrawHXBMP
 .text.u8g2_DrawXBMP
                0x08003d2a       0x54 CMakeFiles/yaokong.elf.dir/u8g2/u8g2_bitmap.c.obj
                0x08003d2a                u8g2_DrawXBMP
 .text.u8g2_send_tile_row
                0x08003d7e       0x20 CMakeFiles/yaokong.elf.dir/u8g2/u8g2_buffer.c.obj
 .text.u8g2_send_buffer
                0x08003d9e       0x34 CMakeFiles/yaokong.elf.dir/u8g2/u8g2_buffer.c.obj
 .text.u8g2_ClearBuffer
                0x08003dd2       0x1a CMakeFiles/yaokong.elf.dir/u8g2/u8g2_buffer.c.obj
                0x08003dd2                u8g2_ClearBuffer
 .text.u8g2_SendBuffer
                0x08003dec       0x10 CMakeFiles/yaokong.elf.dir/u8g2/u8g2_buffer.c.obj
                0x08003dec                u8g2_SendBuffer
 .text.u8g2_SetBufferCurrTileRow
                0x08003dfc       0x18 CMakeFiles/yaokong.elf.dir/u8g2/u8g2_buffer.c.obj
                0x08003dfc                u8g2_SetBufferCurrTileRow
 .text.u8g2_FirstPage
                0x08003e14       0x1a CMakeFiles/yaokong.elf.dir/u8g2/u8g2_buffer.c.obj
                0x08003e14                u8g2_FirstPage
 .text.u8g2_NextPage
                0x08003e2e       0x40 CMakeFiles/yaokong.elf.dir/u8g2/u8g2_buffer.c.obj
                0x08003e2e                u8g2_NextPage
 .text.u8g2_draw_circle_section
                0x08003e6e       0xb4 CMakeFiles/yaokong.elf.dir/u8g2/u8g2_circle.c.obj
 .text.u8g2_draw_circle
                0x08003f22       0x80 CMakeFiles/yaokong.elf.dir/u8g2/u8g2_circle.c.obj
 .text.u8g2_draw_disc_section
                0x08003fa2       0xc6 CMakeFiles/yaokong.elf.dir/u8g2/u8g2_circle.c.obj
 .text.u8g2_draw_disc
                0x08004068       0x80 CMakeFiles/yaokong.elf.dir/u8g2/u8g2_circle.c.obj
 .text.u8g2_DrawCircle
                0x080040e8       0x48 CMakeFiles/yaokong.elf.dir/u8g2/u8g2_circle.c.obj
                0x080040e8                u8g2_DrawCircle
 .text.u8g2_DrawDisc
                0x08004130       0x48 CMakeFiles/yaokong.elf.dir/u8g2/u8g2_circle.c.obj
                0x08004130                u8g2_DrawDisc
 .text.u8g2_m_16_8_f
                0x08004178        0xc CMakeFiles/yaokong.elf.dir/u8g2/u8g2_d_memory.c.obj
                0x08004178                u8g2_m_16_8_f
 .text.u8g2_Setup_ssd1306_i2c_128x64_noname_f
                0x08004184       0x3c CMakeFiles/yaokong.elf.dir/u8g2/u8g2_d_setup.c.obj
                0x08004184                u8g2_Setup_ssd1306_i2c_128x64_noname_f
 .text.u8g2_font_get_byte
                0x080041c0        0x4 CMakeFiles/yaokong.elf.dir/u8g2/u8g2_font.c.obj
 .text.u8g2_font_get_word
                0x080041c4        0xe CMakeFiles/yaokong.elf.dir/u8g2/u8g2_font.c.obj
 .text.u8g2_font_calc_vref_font
                0x080041d2        0x4 CMakeFiles/yaokong.elf.dir/u8g2/u8g2_font.c.obj
                0x080041d2                u8g2_font_calc_vref_font
 .text.u8g2_read_font_info
                0x080041d6       0xd0 CMakeFiles/yaokong.elf.dir/u8g2/u8g2_font.c.obj
                0x080041d6                u8g2_read_font_info
 .text.u8g2_font_decode_get_unsigned_bits
                0x080042a6       0x48 CMakeFiles/yaokong.elf.dir/u8g2/u8g2_font.c.obj
                0x080042a6                u8g2_font_decode_get_unsigned_bits
 .text.u8g2_font_setup_decode
                0x080042ee       0x40 CMakeFiles/yaokong.elf.dir/u8g2/u8g2_font.c.obj
 .text.u8g2_font_decode_get_signed_bits
                0x0800432e       0x18 CMakeFiles/yaokong.elf.dir/u8g2/u8g2_font.c.obj
                0x0800432e                u8g2_font_decode_get_signed_bits
 .text.u8g2_add_vector_y
                0x08004346       0x22 CMakeFiles/yaokong.elf.dir/u8g2/u8g2_font.c.obj
                0x08004346                u8g2_add_vector_y
 .text.u8g2_add_vector_x
                0x08004368       0x22 CMakeFiles/yaokong.elf.dir/u8g2/u8g2_font.c.obj
                0x08004368                u8g2_add_vector_x
 .text.u8g2_font_decode_len
                0x0800438a       0xca CMakeFiles/yaokong.elf.dir/u8g2/u8g2_font.c.obj
                0x0800438a                u8g2_font_decode_len
 .text.u8g2_font_decode_glyph
                0x08004454      0x152 CMakeFiles/yaokong.elf.dir/u8g2/u8g2_font.c.obj
                0x08004454                u8g2_font_decode_glyph
 .text.u8g2_font_get_glyph_data
                0x080045a6       0x74 CMakeFiles/yaokong.elf.dir/u8g2/u8g2_font.c.obj
                0x080045a6                u8g2_font_get_glyph_data
 .text.u8g2_font_draw_glyph
                0x0800461a       0x24 CMakeFiles/yaokong.elf.dir/u8g2/u8g2_font.c.obj
 .text.u8g2_DrawGlyph
                0x0800463e       0x4e CMakeFiles/yaokong.elf.dir/u8g2/u8g2_font.c.obj
                0x0800463e                u8g2_DrawGlyph
 .text.u8g2_draw_string
                0x0800468c       0x7c CMakeFiles/yaokong.elf.dir/u8g2/u8g2_font.c.obj
 .text.u8g2_DrawStr
                0x08004708       0x10 CMakeFiles/yaokong.elf.dir/u8g2/u8g2_font.c.obj
                0x08004708                u8g2_DrawStr
 .text.u8g2_UpdateRefHeight
                0x08004718       0x64 CMakeFiles/yaokong.elf.dir/u8g2/u8g2_font.c.obj
                0x08004718                u8g2_UpdateRefHeight
 .text.u8g2_SetFontPosBaseline
                0x0800477c        0xc CMakeFiles/yaokong.elf.dir/u8g2/u8g2_font.c.obj
                0x0800477c                u8g2_SetFontPosBaseline
 .text.u8g2_SetFont
                0x08004788       0x1c CMakeFiles/yaokong.elf.dir/u8g2/u8g2_font.c.obj
                0x08004788                u8g2_SetFont
 .text.u8g2_clip_intersection2
                0x080047a4       0x4c CMakeFiles/yaokong.elf.dir/u8g2/u8g2_hvline.c.obj
 .text.u8g2_draw_hv_line_2dir
                0x080047f0       0x18 CMakeFiles/yaokong.elf.dir/u8g2/u8g2_hvline.c.obj
                0x080047f0                u8g2_draw_hv_line_2dir
 .text.u8g2_DrawHVLine
                0x08004808       0xca CMakeFiles/yaokong.elf.dir/u8g2/u8g2_hvline.c.obj
                0x08004808                u8g2_DrawHVLine
 .text.u8g2_DrawVLine
                0x080048d2       0x10 CMakeFiles/yaokong.elf.dir/u8g2/u8g2_hvline.c.obj
                0x080048d2                u8g2_DrawVLine
 .text.u8g2_DrawPixel
                0x080048e2       0x36 CMakeFiles/yaokong.elf.dir/u8g2/u8g2_hvline.c.obj
                0x080048e2                u8g2_DrawPixel
 .text.u8g2_is_intersection_decision_tree
                0x08004918       0x2c CMakeFiles/yaokong.elf.dir/u8g2/u8g2_intersection.c.obj
                0x08004918                u8g2_is_intersection_decision_tree
 .text.u8g2_IsIntersection
                0x08004944       0x2c CMakeFiles/yaokong.elf.dir/u8g2/u8g2_intersection.c.obj
                0x08004944                u8g2_IsIntersection
 .text.u8g2_ll_hvline_vertical_top_lsb
                0x08004970       0xa4 CMakeFiles/yaokong.elf.dir/u8g2/u8g2_ll_hvline.c.obj
                0x08004970                u8g2_ll_hvline_vertical_top_lsb
 .text.u8g2_update_dimension_common
                0x08004a14       0x52 CMakeFiles/yaokong.elf.dir/u8g2/u8g2_setup.c.obj
 .text.u8g2_update_dimension_r0
                0x08004a66        0x8 CMakeFiles/yaokong.elf.dir/u8g2/u8g2_setup.c.obj
                0x08004a66                u8g2_update_dimension_r0
 .text.u8g2_apply_clip_window
                0x08004a6e       0x70 CMakeFiles/yaokong.elf.dir/u8g2/u8g2_setup.c.obj
 .text.u8g2_update_page_win_r0
                0x08004ade       0x26 CMakeFiles/yaokong.elf.dir/u8g2/u8g2_setup.c.obj
                0x08004ade                u8g2_update_page_win_r0
 .text.u8g2_draw_l90_r0
                0x08004b04       0x12 CMakeFiles/yaokong.elf.dir/u8g2/u8g2_setup.c.obj
                0x08004b04                u8g2_draw_l90_r0
 .text.u8g2_SetMaxClipWindow
                0x08004b16       0x20 CMakeFiles/yaokong.elf.dir/u8g2/u8g2_setup.c.obj
                0x08004b16                u8g2_SetMaxClipWindow
 .text.u8g2_SetupBuffer
                0x08004b36       0x44 CMakeFiles/yaokong.elf.dir/u8g2/u8g2_setup.c.obj
                0x08004b36                u8g2_SetupBuffer
 .text.u8x8_ascii_next
                0x08004b7a       0x16 CMakeFiles/yaokong.elf.dir/u8g2/u8x8_8x8.c.obj
                0x08004b7a                u8x8_ascii_next
 .text.u8x8_utf8_init
                0x08004b90        0x8 CMakeFiles/yaokong.elf.dir/u8g2/u8x8_8x8.c.obj
                0x08004b90                u8x8_utf8_init
 .text.i2c_delay
                0x08004b98        0xe CMakeFiles/yaokong.elf.dir/u8g2/u8x8_byte.c.obj
 .text.i2c_init
                0x08004ba6       0x1e CMakeFiles/yaokong.elf.dir/u8g2/u8x8_byte.c.obj
 .text.i2c_read_scl_and_delay
                0x08004bc4       0x14 CMakeFiles/yaokong.elf.dir/u8g2/u8x8_byte.c.obj
 .text.i2c_read_sda
                0x08004bd8        0xc CMakeFiles/yaokong.elf.dir/u8g2/u8x8_byte.c.obj
 .text.i2c_clear_sda
                0x08004be4        0xc CMakeFiles/yaokong.elf.dir/u8g2/u8x8_byte.c.obj
 .text.i2c_stop
                0x08004bf0       0x28 CMakeFiles/yaokong.elf.dir/u8g2/u8x8_byte.c.obj
 .text.i2c_clear_scl
                0x08004c18        0xc CMakeFiles/yaokong.elf.dir/u8g2/u8x8_byte.c.obj
 .text.i2c_start
                0x08004c24       0x3c CMakeFiles/yaokong.elf.dir/u8g2/u8x8_byte.c.obj
 .text.i2c_write_bit
                0x08004c60       0x24 CMakeFiles/yaokong.elf.dir/u8g2/u8x8_byte.c.obj
 .text.i2c_read_bit
                0x08004c84       0x28 CMakeFiles/yaokong.elf.dir/u8g2/u8x8_byte.c.obj
 .text.i2c_write_byte
                0x08004cac       0x5c CMakeFiles/yaokong.elf.dir/u8g2/u8x8_byte.c.obj
 .text.u8x8_byte_SendBytes
                0x08004d08        0xe CMakeFiles/yaokong.elf.dir/u8g2/u8x8_byte.c.obj
                0x08004d08                u8x8_byte_SendBytes
 .text.u8x8_byte_SendByte
                0x08004d16       0x18 CMakeFiles/yaokong.elf.dir/u8g2/u8x8_byte.c.obj
                0x08004d16                u8x8_byte_SendByte
 .text.u8x8_byte_StartTransfer
                0x08004d2e        0xe CMakeFiles/yaokong.elf.dir/u8g2/u8x8_byte.c.obj
                0x08004d2e                u8x8_byte_StartTransfer
 .text.u8x8_byte_EndTransfer
                0x08004d3c        0xe CMakeFiles/yaokong.elf.dir/u8g2/u8x8_byte.c.obj
                0x08004d3c                u8x8_byte_EndTransfer
 .text.u8x8_byte_sw_i2c
                0x08004d4a       0x60 CMakeFiles/yaokong.elf.dir/u8g2/u8x8_byte.c.obj
                0x08004d4a                u8x8_byte_sw_i2c
 .text.u8x8_i2c_data_transfer
                0x08004daa       0x28 CMakeFiles/yaokong.elf.dir/u8g2/u8x8_cad.c.obj
 .text.u8x8_cad_SendCmd
                0x08004dd2        0xe CMakeFiles/yaokong.elf.dir/u8g2/u8x8_cad.c.obj
                0x08004dd2                u8x8_cad_SendCmd
 .text.u8x8_cad_SendArg
                0x08004de0        0xe CMakeFiles/yaokong.elf.dir/u8g2/u8x8_cad.c.obj
                0x08004de0                u8x8_cad_SendArg
 .text.u8x8_cad_SendData
                0x08004dee        0xe CMakeFiles/yaokong.elf.dir/u8g2/u8x8_cad.c.obj
                0x08004dee                u8x8_cad_SendData
 .text.u8x8_cad_StartTransfer
                0x08004dfc        0xe CMakeFiles/yaokong.elf.dir/u8g2/u8x8_cad.c.obj
                0x08004dfc                u8x8_cad_StartTransfer
 .text.u8x8_cad_EndTransfer
                0x08004e0a        0xe CMakeFiles/yaokong.elf.dir/u8g2/u8x8_cad.c.obj
                0x08004e0a                u8x8_cad_EndTransfer
 .text.u8x8_cad_SendSequence
                0x08004e18       0x72 CMakeFiles/yaokong.elf.dir/u8g2/u8x8_cad.c.obj
                0x08004e18                u8x8_cad_SendSequence
 *fill*         0x08004e8a        0x2 
 .text.u8x8_cad_ssd13xx_fast_i2c
                0x08004e8c       0xc8 CMakeFiles/yaokong.elf.dir/u8g2/u8x8_cad.c.obj
                0x08004e8c                u8x8_cad_ssd13xx_fast_i2c
 .text.u8x8_d_ssd1306_sh1106_generic
                0x08004f54       0xe4 CMakeFiles/yaokong.elf.dir/u8g2/u8x8_d_ssd1306_128x64_noname.c.obj
 .text.u8x8_d_ssd1306_128x64_noname
                0x08005038       0x40 CMakeFiles/yaokong.elf.dir/u8g2/u8x8_d_ssd1306_128x64_noname.c.obj
                0x08005038                u8x8_d_ssd1306_128x64_noname
 .text.u8x8_d_helper_display_setup_memory
                0x08005078        0xa CMakeFiles/yaokong.elf.dir/u8g2/u8x8_display.c.obj
                0x08005078                u8x8_d_helper_display_setup_memory
 .text.u8x8_d_helper_display_init
                0x08005082       0x62 CMakeFiles/yaokong.elf.dir/u8g2/u8x8_display.c.obj
                0x08005082                u8x8_d_helper_display_init
 .text.u8x8_DrawTile
                0x080050e4       0x22 CMakeFiles/yaokong.elf.dir/u8g2/u8x8_display.c.obj
                0x080050e4                u8x8_DrawTile
 .text.u8x8_SetupMemory
                0x08005106        0xe CMakeFiles/yaokong.elf.dir/u8g2/u8x8_display.c.obj
                0x08005106                u8x8_SetupMemory
 .text.u8x8_InitDisplay
                0x08005114        0xe CMakeFiles/yaokong.elf.dir/u8g2/u8x8_display.c.obj
                0x08005114                u8x8_InitDisplay
 .text.u8x8_SetPowerSave
                0x08005122        0xe CMakeFiles/yaokong.elf.dir/u8g2/u8x8_display.c.obj
                0x08005122                u8x8_SetPowerSave
 .text.u8x8_RefreshDisplay
                0x08005130        0xe CMakeFiles/yaokong.elf.dir/u8g2/u8x8_display.c.obj
                0x08005130                u8x8_RefreshDisplay
 .text.u8x8_gpio_call
                0x0800513e        0xa CMakeFiles/yaokong.elf.dir/u8g2/u8x8_gpio.c.obj
                0x0800513e                u8x8_gpio_call
 .text.u8x8_dummy_cb
                0x08005148        0x4 CMakeFiles/yaokong.elf.dir/u8g2/u8x8_setup.c.obj
                0x08005148                u8x8_dummy_cb
 .text.u8x8_SetupDefaults
                0x0800514c       0x28 CMakeFiles/yaokong.elf.dir/u8g2/u8x8_setup.c.obj
                0x0800514c                u8x8_SetupDefaults
 .text.u8x8_Setup
                0x08005174       0x20 CMakeFiles/yaokong.elf.dir/u8g2/u8x8_setup.c.obj
                0x08005174                u8x8_Setup
 .text.__io_putchar
                0x08005194       0x20 CMakeFiles/yaokong.elf.dir/yaogan/yaogan.c.obj
                0x08005194                __io_putchar
 .text.scn_switch
                0x080051b4       0x74 CMakeFiles/yaokong.elf.dir/yaogan/yaogan.c.obj
                0x080051b4                scn_switch
 .text.switch_print
                0x08005228       0x80 CMakeFiles/yaokong.elf.dir/yaogan/yaogan.c.obj
                0x08005228                switch_print
 .text.__errno  0x080052a8        0xc d:/clion_stm32/gcc-arm-none-eabi-10.3-2021.10/bin/../lib/gcc/arm-none-eabi/10.3.1/../../../../arm-none-eabi/lib/thumb/v7-m/nofp\libg.a(lib_a-errno.o)
                0x080052a8                __errno
 .text.__libc_init_array
                0x080052b4       0x48 d:/clion_stm32/gcc-arm-none-eabi-10.3-2021.10/bin/../lib/gcc/arm-none-eabi/10.3.1/../../../../arm-none-eabi/lib/thumb/v7-m/nofp\libg.a(lib_a-init.o)
                0x080052b4                __libc_init_array
 .text.memset   0x080052fc       0xa4 d:/clion_stm32/gcc-arm-none-eabi-10.3-2021.10/bin/../lib/gcc/arm-none-eabi/10.3.1/../../../../arm-none-eabi/lib/thumb/v7-m/nofp\libg.a(lib_a-memset.o)
                0x080052fc                memset
 .text._puts_r  0x080053a0       0x9c d:/clion_stm32/gcc-arm-none-eabi-10.3-2021.10/bin/../lib/gcc/arm-none-eabi/10.3.1/../../../../arm-none-eabi/lib/thumb/v7-m/nofp\libg.a(lib_a-puts.o)
                0x080053a0                _puts_r
 .text.puts     0x0800543c       0x10 d:/clion_stm32/gcc-arm-none-eabi-10.3-2021.10/bin/../lib/gcc/arm-none-eabi/10.3.1/../../../../arm-none-eabi/lib/thumb/v7-m/nofp\libg.a(lib_a-puts.o)
                0x0800543c                puts
 .text.strlen   0x0800544c       0x5c d:/clion_stm32/gcc-arm-none-eabi-10.3-2021.10/bin/../lib/gcc/arm-none-eabi/10.3.1/../../../../arm-none-eabi/lib/thumb/v7-m/nofp\libg.a(lib_a-strlen-stub.o)
                0x0800544c                strlen
 .text.startup.register_fini
                0x080054a8       0x14 d:/clion_stm32/gcc-arm-none-eabi-10.3-2021.10/bin/../lib/gcc/arm-none-eabi/10.3.1/../../../../arm-none-eabi/lib/thumb/v7-m/nofp\libg.a(lib_a-__call_atexit.o)
 .text.atexit   0x080054bc        0xc d:/clion_stm32/gcc-arm-none-eabi-10.3-2021.10/bin/../lib/gcc/arm-none-eabi/10.3.1/../../../../arm-none-eabi/lib/thumb/v7-m/nofp\libg.a(lib_a-atexit.o)
                0x080054bc                atexit
 .text._cleanup_r
                0x080054c8        0xc d:/clion_stm32/gcc-arm-none-eabi-10.3-2021.10/bin/../lib/gcc/arm-none-eabi/10.3.1/../../../../arm-none-eabi/lib/thumb/v7-m/nofp\libg.a(lib_a-findfp.o)
                0x080054c8                _cleanup_r
 .text.__sinit  0x080054d4      0x10c d:/clion_stm32/gcc-arm-none-eabi-10.3-2021.10/bin/../lib/gcc/arm-none-eabi/10.3.1/../../../../arm-none-eabi/lib/thumb/v7-m/nofp\libg.a(lib_a-findfp.o)
                0x080054d4                __sinit
 .text.__sfp_lock_acquire
                0x080055e0        0xc d:/clion_stm32/gcc-arm-none-eabi-10.3-2021.10/bin/../lib/gcc/arm-none-eabi/10.3.1/../../../../arm-none-eabi/lib/thumb/v7-m/nofp\libg.a(lib_a-findfp.o)
                0x080055e0                __sfp_lock_acquire
 .text.__sfp_lock_release
                0x080055ec        0xc d:/clion_stm32/gcc-arm-none-eabi-10.3-2021.10/bin/../lib/gcc/arm-none-eabi/10.3.1/../../../../arm-none-eabi/lib/thumb/v7-m/nofp\libg.a(lib_a-findfp.o)
                0x080055ec                __sfp_lock_release
 .text.__libc_fini_array
                0x080055f8       0x2c d:/clion_stm32/gcc-arm-none-eabi-10.3-2021.10/bin/../lib/gcc/arm-none-eabi/10.3.1/../../../../arm-none-eabi/lib/thumb/v7-m/nofp\libg.a(lib_a-fini.o)
                0x080055f8                __libc_fini_array
 .text.__sfvwrite_r
                0x08005624      0x2f0 d:/clion_stm32/gcc-arm-none-eabi-10.3-2021.10/bin/../lib/gcc/arm-none-eabi/10.3.1/../../../../arm-none-eabi/lib/thumb/v7-m/nofp\libg.a(lib_a-fvwrite.o)
                0x08005624                __sfvwrite_r
 .text._fwalk_reent
                0x08005914       0x48 d:/clion_stm32/gcc-arm-none-eabi-10.3-2021.10/bin/../lib/gcc/arm-none-eabi/10.3.1/../../../../arm-none-eabi/lib/thumb/v7-m/nofp\libg.a(lib_a-fwalk.o)
                0x08005914                _fwalk_reent
 .text.__retarget_lock_init_recursive
                0x0800595c        0x4 d:/clion_stm32/gcc-arm-none-eabi-10.3-2021.10/bin/../lib/gcc/arm-none-eabi/10.3.1/../../../../arm-none-eabi/lib/thumb/v7-m/nofp\libg.a(lib_a-lock.o)
                0x0800595c                __retarget_lock_init_recursive
 .text.__retarget_lock_close_recursive
                0x08005960        0x4 d:/clion_stm32/gcc-arm-none-eabi-10.3-2021.10/bin/../lib/gcc/arm-none-eabi/10.3.1/../../../../arm-none-eabi/lib/thumb/v7-m/nofp\libg.a(lib_a-lock.o)
                0x08005960                __retarget_lock_close_recursive
 .text.__retarget_lock_acquire_recursive
                0x08005964        0x4 d:/clion_stm32/gcc-arm-none-eabi-10.3-2021.10/bin/../lib/gcc/arm-none-eabi/10.3.1/../../../../arm-none-eabi/lib/thumb/v7-m/nofp\libg.a(lib_a-lock.o)
                0x08005964                __retarget_lock_acquire_recursive
 .text.__retarget_lock_release_recursive
                0x08005968        0x4 d:/clion_stm32/gcc-arm-none-eabi-10.3-2021.10/bin/../lib/gcc/arm-none-eabi/10.3.1/../../../../arm-none-eabi/lib/thumb/v7-m/nofp\libg.a(lib_a-lock.o)
                0x08005968                __retarget_lock_release_recursive
 .text._malloc_r
                0x0800596c      0x558 d:/clion_stm32/gcc-arm-none-eabi-10.3-2021.10/bin/../lib/gcc/arm-none-eabi/10.3.1/../../../../arm-none-eabi/lib/thumb/v7-m/nofp\libg.a(lib_a-mallocr.o)
                0x0800596c                _malloc_r
 .text.memchr   0x08005ec4       0x90 d:/clion_stm32/gcc-arm-none-eabi-10.3-2021.10/bin/../lib/gcc/arm-none-eabi/10.3.1/../../../../arm-none-eabi/lib/thumb/v7-m/nofp\libg.a(lib_a-memchr-stub.o)
                0x08005ec4                memchr
 .text.memmove  0x08005f54       0xf8 d:/clion_stm32/gcc-arm-none-eabi-10.3-2021.10/bin/../lib/gcc/arm-none-eabi/10.3.1/../../../../arm-none-eabi/lib/thumb/v7-m/nofp\libg.a(lib_a-memmove.o)
                0x08005f54                memmove
 .text.__malloc_lock
                0x0800604c        0xc d:/clion_stm32/gcc-arm-none-eabi-10.3-2021.10/bin/../lib/gcc/arm-none-eabi/10.3.1/../../../../arm-none-eabi/lib/thumb/v7-m/nofp\libg.a(lib_a-mlock.o)
                0x0800604c                __malloc_lock
 .text.__malloc_unlock
                0x08006058        0xc d:/clion_stm32/gcc-arm-none-eabi-10.3-2021.10/bin/../lib/gcc/arm-none-eabi/10.3.1/../../../../arm-none-eabi/lib/thumb/v7-m/nofp\libg.a(lib_a-mlock.o)
                0x08006058                __malloc_unlock
 .text._realloc_r
                0x08006064      0x3dc d:/clion_stm32/gcc-arm-none-eabi-10.3-2021.10/bin/../lib/gcc/arm-none-eabi/10.3.1/../../../../arm-none-eabi/lib/thumb/v7-m/nofp\libg.a(lib_a-reallocr.o)
                0x08006064                _realloc_r
 .text._sbrk_r  0x08006440       0x24 d:/clion_stm32/gcc-arm-none-eabi-10.3-2021.10/bin/../lib/gcc/arm-none-eabi/10.3.1/../../../../arm-none-eabi/lib/thumb/v7-m/nofp\libg.a(lib_a-sbrkr.o)
                0x08006440                _sbrk_r
 .text.__sread  0x08006464       0x24 d:/clion_stm32/gcc-arm-none-eabi-10.3-2021.10/bin/../lib/gcc/arm-none-eabi/10.3.1/../../../../arm-none-eabi/lib/thumb/v7-m/nofp\libg.a(lib_a-stdio.o)
                0x08006464                __sread
 .text.__swrite
                0x08006488       0x40 d:/clion_stm32/gcc-arm-none-eabi-10.3-2021.10/bin/../lib/gcc/arm-none-eabi/10.3.1/../../../../arm-none-eabi/lib/thumb/v7-m/nofp\libg.a(lib_a-stdio.o)
                0x08006488                __swrite
 .text.__sseek  0x080064c8       0x20 d:/clion_stm32/gcc-arm-none-eabi-10.3-2021.10/bin/../lib/gcc/arm-none-eabi/10.3.1/../../../../arm-none-eabi/lib/thumb/v7-m/nofp\libg.a(lib_a-stdio.o)
                0x080064c8                __sseek
 .text.__sclose
                0x080064e8        0x8 d:/clion_stm32/gcc-arm-none-eabi-10.3-2021.10/bin/../lib/gcc/arm-none-eabi/10.3.1/../../../../arm-none-eabi/lib/thumb/v7-m/nofp\libg.a(lib_a-stdio.o)
                0x080064e8                __sclose
 .text._write_r
                0x080064f0       0x2c d:/clion_stm32/gcc-arm-none-eabi-10.3-2021.10/bin/../lib/gcc/arm-none-eabi/10.3.1/../../../../arm-none-eabi/lib/thumb/v7-m/nofp\libg.a(lib_a-writer.o)
                0x080064f0                _write_r
 .text.__swsetup_r
                0x0800651c       0xd4 d:/clion_stm32/gcc-arm-none-eabi-10.3-2021.10/bin/../lib/gcc/arm-none-eabi/10.3.1/../../../../arm-none-eabi/lib/thumb/v7-m/nofp\libg.a(lib_a-wsetup.o)
                0x0800651c                __swsetup_r
 .text.__register_exitproc
                0x080065f0       0x8c d:/clion_stm32/gcc-arm-none-eabi-10.3-2021.10/bin/../lib/gcc/arm-none-eabi/10.3.1/../../../../arm-none-eabi/lib/thumb/v7-m/nofp\libg.a(lib_a-__atexit.o)
                0x080065f0                __register_exitproc
 .text._close_r
                0x0800667c       0x24 d:/clion_stm32/gcc-arm-none-eabi-10.3-2021.10/bin/../lib/gcc/arm-none-eabi/10.3.1/../../../../arm-none-eabi/lib/thumb/v7-m/nofp\libg.a(lib_a-closer.o)
                0x0800667c                _close_r
 .text._fclose_r
                0x080066a0       0xcc d:/clion_stm32/gcc-arm-none-eabi-10.3-2021.10/bin/../lib/gcc/arm-none-eabi/10.3.1/../../../../arm-none-eabi/lib/thumb/v7-m/nofp\libg.a(lib_a-fclose.o)
                0x080066a0                _fclose_r
 .text.__sflush_r
                0x0800676c      0x124 d:/clion_stm32/gcc-arm-none-eabi-10.3-2021.10/bin/../lib/gcc/arm-none-eabi/10.3.1/../../../../arm-none-eabi/lib/thumb/v7-m/nofp\libg.a(lib_a-fflush.o)
                0x0800676c                __sflush_r
 .text._fflush_r
                0x08006890       0x5c d:/clion_stm32/gcc-arm-none-eabi-10.3-2021.10/bin/../lib/gcc/arm-none-eabi/10.3.1/../../../../arm-none-eabi/lib/thumb/v7-m/nofp\libg.a(lib_a-fflush.o)
                0x08006890                _fflush_r
 .text._malloc_trim_r
                0x080068ec       0xa0 d:/clion_stm32/gcc-arm-none-eabi-10.3-2021.10/bin/../lib/gcc/arm-none-eabi/10.3.1/../../../../arm-none-eabi/lib/thumb/v7-m/nofp\libg.a(lib_a-freer.o)
                0x080068ec                _malloc_trim_r
 .text._free_r  0x0800698c      0x200 d:/clion_stm32/gcc-arm-none-eabi-10.3-2021.10/bin/../lib/gcc/arm-none-eabi/10.3.1/../../../../arm-none-eabi/lib/thumb/v7-m/nofp\libg.a(lib_a-freer.o)
                0x0800698c                _free_r
 .text._lseek_r
                0x08006b8c       0x2c d:/clion_stm32/gcc-arm-none-eabi-10.3-2021.10/bin/../lib/gcc/arm-none-eabi/10.3.1/../../../../arm-none-eabi/lib/thumb/v7-m/nofp\libg.a(lib_a-lseekr.o)
                0x08006b8c                _lseek_r
 .text.__smakebuf_r
                0x08006bb8       0xe0 d:/clion_stm32/gcc-arm-none-eabi-10.3-2021.10/bin/../lib/gcc/arm-none-eabi/10.3.1/../../../../arm-none-eabi/lib/thumb/v7-m/nofp\libg.a(lib_a-makebuf.o)
                0x08006bb8                __smakebuf_r
 .text._read_r  0x08006c98       0x2c d:/clion_stm32/gcc-arm-none-eabi-10.3-2021.10/bin/../lib/gcc/arm-none-eabi/10.3.1/../../../../arm-none-eabi/lib/thumb/v7-m/nofp\libg.a(lib_a-readr.o)
                0x08006c98                _read_r
 .text._fstat_r
                0x08006cc4       0x28 d:/clion_stm32/gcc-arm-none-eabi-10.3-2021.10/bin/../lib/gcc/arm-none-eabi/10.3.1/../../../../arm-none-eabi/lib/thumb/v7-m/nofp\libg.a(lib_a-fstatr.o)
                0x08006cc4                _fstat_r
 .text._isatty_r
                0x08006cec       0x24 d:/clion_stm32/gcc-arm-none-eabi-10.3-2021.10/bin/../lib/gcc/arm-none-eabi/10.3.1/../../../../arm-none-eabi/lib/thumb/v7-m/nofp\libg.a(lib_a-isattyr.o)
                0x08006cec                _isatty_r
 *(.glue_7)
 .glue_7        0x08006d10        0x0 linker stubs
 *(.glue_7t)
 .glue_7t       0x08006d10        0x0 linker stubs
 *(.eh_frame)
 .eh_frame      0x08006d10        0x0 d:/clion_stm32/gcc-arm-none-eabi-10.3-2021.10/bin/../lib/gcc/arm-none-eabi/10.3.1/thumb/v7-m/nofp/crtbegin.o
 *(.init)
 .init          0x08006d10        0x4 d:/clion_stm32/gcc-arm-none-eabi-10.3-2021.10/bin/../lib/gcc/arm-none-eabi/10.3.1/thumb/v7-m/nofp/crti.o
                0x08006d10                _init
 .init          0x08006d14        0x8 d:/clion_stm32/gcc-arm-none-eabi-10.3-2021.10/bin/../lib/gcc/arm-none-eabi/10.3.1/thumb/v7-m/nofp/crtn.o
 *(.fini)
 .fini          0x08006d1c        0x4 d:/clion_stm32/gcc-arm-none-eabi-10.3-2021.10/bin/../lib/gcc/arm-none-eabi/10.3.1/thumb/v7-m/nofp/crti.o
                0x08006d1c                _fini
 .fini          0x08006d20        0x8 d:/clion_stm32/gcc-arm-none-eabi-10.3-2021.10/bin/../lib/gcc/arm-none-eabi/10.3.1/thumb/v7-m/nofp/crtn.o
                0x08006d28                . = ALIGN (0x4)
                0x08006d28                _etext = .

.vfp11_veneer   0x08006d28        0x0
 .vfp11_veneer  0x08006d28        0x0 linker stubs

.v4_bx          0x08006d28        0x0
 .v4_bx         0x08006d28        0x0 linker stubs

.iplt           0x08006d28        0x0
 .iplt          0x08006d28        0x0 d:/clion_stm32/gcc-arm-none-eabi-10.3-2021.10/bin/../lib/gcc/arm-none-eabi/10.3.1/thumb/v7-m/nofp/crtbegin.o

.rodata         0x08006d28      0xb78
                0x08006d28                . = ALIGN (0x4)
 *(.rodata)
 *(.rodata*)
 .rodata.str1.4
                0x08006d28       0x10 CMakeFiles/yaokong.elf.dir/Core/Src/freertos.c.obj
 .rodata.OLED_attributes
                0x08006d38       0x24 CMakeFiles/yaokong.elf.dir/Core/Src/freertos.c.obj
                0x08006d38                OLED_attributes
 .rodata.control_attributes
                0x08006d5c       0x24 CMakeFiles/yaokong.elf.dir/Core/Src/freertos.c.obj
                0x08006d5c                control_attributes
 .rodata.AHBPrescTable
                0x08006d80       0x10 CMakeFiles/yaokong.elf.dir/Core/Src/system_stm32f1xx.c.obj
                0x08006d80                AHBPrescTable
 .rodata.APBPrescTable
                0x08006d90        0x8 CMakeFiles/yaokong.elf.dir/Core/Src/system_stm32f1xx.c.obj
                0x08006d90                APBPrescTable
 .rodata.aPLLMULFactorTable.1
                0x08006d98       0x10 CMakeFiles/yaokong.elf.dir/Drivers/STM32F1xx_HAL_Driver/Src/stm32f1xx_hal_rcc.c.obj
 .rodata.aPredivFactorTable.0
                0x08006da8        0x2 CMakeFiles/yaokong.elf.dir/Drivers/STM32F1xx_HAL_Driver/Src/stm32f1xx_hal_rcc.c.obj
 *fill*         0x08006daa        0x2 
 .rodata.vTaskStartScheduler.str1.4
                0x08006dac        0x5 CMakeFiles/yaokong.elf.dir/Middlewares/Third_Party/FreeRTOS/Source/tasks.c.obj
 *fill*         0x08006db1        0x3 
 .rodata.prvCheckForValidListAndQueue.str1.4
                0x08006db4        0x5 CMakeFiles/yaokong.elf.dir/Middlewares/Third_Party/FreeRTOS/Source/timers.c.obj
 *fill*         0x08006db9        0x3 
 .rodata.xTimerCreateTimerTask.str1.4
                0x08006dbc        0x8 CMakeFiles/yaokong.elf.dir/Middlewares/Third_Party/FreeRTOS/Source/timers.c.obj
 .rodata.my_u8g2_init.str1.4
                0x08006dc4        0xe CMakeFiles/yaokong.elf.dir/OLED/my_menu.c.obj
 *fill*         0x08006dd2        0x2 
 .rodata.wall_e_bmp01
                0x08006dd4      0x400 CMakeFiles/yaokong.elf.dir/OLED/my_menu.c.obj
 .rodata.u8g2_font_ncenB10_tr
                0x080071d4      0x617 CMakeFiles/yaokong.elf.dir/u8g2/u8g2_fonts.c.obj
                0x080071d4                u8g2_font_ncenB10_tr
 *fill*         0x080077eb        0x1 
 .rodata.u8g2_cb_r0
                0x080077ec        0xc CMakeFiles/yaokong.elf.dir/u8g2/u8g2_setup.c.obj
                0x080077ec                u8g2_cb_r0
 .rodata.u8x8_d_ssd1306_128x64_noname_flip0_seq
                0x080077f8        0x7 CMakeFiles/yaokong.elf.dir/u8g2/u8x8_d_ssd1306_128x64_noname.c.obj
 *fill*         0x080077ff        0x1 
 .rodata.u8x8_d_ssd1306_128x64_noname_flip1_seq
                0x08007800        0x7 CMakeFiles/yaokong.elf.dir/u8g2/u8x8_d_ssd1306_128x64_noname.c.obj
 *fill*         0x08007807        0x1 
 .rodata.u8x8_d_ssd1306_128x64_noname_init_seq
                0x08007808       0x35 CMakeFiles/yaokong.elf.dir/u8g2/u8x8_d_ssd1306_128x64_noname.c.obj
 *fill*         0x0800783d        0x3 
 .rodata.u8x8_d_ssd1306_128x64_noname_powersave0_seq
                0x08007840        0x5 CMakeFiles/yaokong.elf.dir/u8g2/u8x8_d_ssd1306_128x64_noname.c.obj
 *fill*         0x08007845        0x3 
 .rodata.u8x8_d_ssd1306_128x64_noname_powersave1_seq
                0x08007848        0x5 CMakeFiles/yaokong.elf.dir/u8g2/u8x8_d_ssd1306_128x64_noname.c.obj
 *fill*         0x0800784d        0x3 
 .rodata.u8x8_ssd1306_128x64_noname_display_info
                0x08007850       0x18 CMakeFiles/yaokong.elf.dir/u8g2/u8x8_d_ssd1306_128x64_noname.c.obj
 .rodata.switch_print.str1.4
                0x08007868       0x2f CMakeFiles/yaokong.elf.dir/yaogan/yaogan.c.obj
 *fill*         0x08007897        0x1 
 .rodata._global_impure_ptr
                0x08007898        0x4 d:/clion_stm32/gcc-arm-none-eabi-10.3-2021.10/bin/../lib/gcc/arm-none-eabi/10.3.1/../../../../arm-none-eabi/lib/thumb/v7-m/nofp\libg.a(lib_a-impure.o)
                0x08007898                _global_impure_ptr
 .rodata._puts_r.str1.4
                0x0800789c        0x2 d:/clion_stm32/gcc-arm-none-eabi-10.3-2021.10/bin/../lib/gcc/arm-none-eabi/10.3.1/../../../../arm-none-eabi/lib/thumb/v7-m/nofp\libg.a(lib_a-puts.o)
                0x080078a0                . = ALIGN (0x4)
 *fill*         0x0800789e        0x2 

.rel.dyn        0x080078a0        0x0
 .rel.iplt      0x080078a0        0x0 d:/clion_stm32/gcc-arm-none-eabi-10.3-2021.10/bin/../lib/gcc/arm-none-eabi/10.3.1/thumb/v7-m/nofp/crtbegin.o

.ARM.extab
 *(.ARM.extab* .gnu.linkonce.armextab.*)

.ARM            0x080078a0        0x0
                0x080078a0                __exidx_start = .
 *(.ARM.exidx*)
                0x080078a0                __exidx_end = .

.preinit_array  0x080078a0        0x0
                0x080078a0                PROVIDE (__preinit_array_start = .)
 *(.preinit_array*)
                0x080078a0                PROVIDE (__preinit_array_end = .)

.init_array     0x080078a0        0x8
                0x080078a0                PROVIDE (__init_array_start = .)
 *(SORT_BY_NAME(.init_array.*))
 .init_array.00000
                0x080078a0        0x4 d:/clion_stm32/gcc-arm-none-eabi-10.3-2021.10/bin/../lib/gcc/arm-none-eabi/10.3.1/../../../../arm-none-eabi/lib/thumb/v7-m/nofp\libg.a(lib_a-__call_atexit.o)
 *(.init_array*)
 .init_array    0x080078a4        0x4 d:/clion_stm32/gcc-arm-none-eabi-10.3-2021.10/bin/../lib/gcc/arm-none-eabi/10.3.1/thumb/v7-m/nofp/crtbegin.o
                0x080078a8                PROVIDE (__init_array_end = .)

.fini_array     0x080078a8        0x4
                0x080078a8                PROVIDE (__fini_array_start = .)
 *(SORT_BY_NAME(.fini_array.*))
 *(.fini_array*)
 .fini_array    0x080078a8        0x4 d:/clion_stm32/gcc-arm-none-eabi-10.3-2021.10/bin/../lib/gcc/arm-none-eabi/10.3.1/thumb/v7-m/nofp/crtbegin.o
                0x080078ac                PROVIDE (__fini_array_end = .)
                0x080078ac                _sidata = LOADADDR (.data)

.data           0x20000000      0x854 load address 0x080078ac
                0x20000000                . = ALIGN (0x4)
                0x20000000                _sdata = .
 *(.data)
 *(.data*)
 .data.SystemCoreClock
                0x20000000        0x4 CMakeFiles/yaokong.elf.dir/Core/Src/system_stm32f1xx.c.obj
                0x20000000                SystemCoreClock
 .data.uwTickFreq
                0x20000004        0x1 CMakeFiles/yaokong.elf.dir/Drivers/STM32F1xx_HAL_Driver/Src/stm32f1xx_hal.c.obj
                0x20000004                uwTickFreq
 *fill*         0x20000005        0x3 
 .data.uwTickPrio
                0x20000008        0x4 CMakeFiles/yaokong.elf.dir/Drivers/STM32F1xx_HAL_Driver/Src/stm32f1xx_hal.c.obj
                0x20000008                uwTickPrio
 .data.uxCriticalNesting
                0x2000000c        0x4 CMakeFiles/yaokong.elf.dir/Middlewares/Third_Party/FreeRTOS/Source/portable/GCC/ARM_CM3/port.c.obj
 .data._impure_ptr
                0x20000010        0x4 d:/clion_stm32/gcc-arm-none-eabi-10.3-2021.10/bin/../lib/gcc/arm-none-eabi/10.3.1/../../../../arm-none-eabi/lib/thumb/v7-m/nofp\libg.a(lib_a-impure.o)
                0x20000010                _impure_ptr
 *fill*         0x20000014        0x4 
 .data.impure_data
                0x20000018      0x428 d:/clion_stm32/gcc-arm-none-eabi-10.3-2021.10/bin/../lib/gcc/arm-none-eabi/10.3.1/../../../../arm-none-eabi/lib/thumb/v7-m/nofp\libg.a(lib_a-impure.o)
 .data.__atexit_recursive_mutex
                0x20000440        0x4 d:/clion_stm32/gcc-arm-none-eabi-10.3-2021.10/bin/../lib/gcc/arm-none-eabi/10.3.1/../../../../arm-none-eabi/lib/thumb/v7-m/nofp\libg.a(lib_a-__call_atexit.o)
                0x20000440                __atexit_recursive_mutex
 .data.__malloc_av_
                0x20000444      0x408 d:/clion_stm32/gcc-arm-none-eabi-10.3-2021.10/bin/../lib/gcc/arm-none-eabi/10.3.1/../../../../arm-none-eabi/lib/thumb/v7-m/nofp\libg.a(lib_a-mallocr.o)
                0x20000444                __malloc_av_
 .data.__malloc_sbrk_base
                0x2000084c        0x4 d:/clion_stm32/gcc-arm-none-eabi-10.3-2021.10/bin/../lib/gcc/arm-none-eabi/10.3.1/../../../../arm-none-eabi/lib/thumb/v7-m/nofp\libg.a(lib_a-mallocr.o)
                0x2000084c                __malloc_sbrk_base
 .data.__malloc_trim_threshold
                0x20000850        0x4 d:/clion_stm32/gcc-arm-none-eabi-10.3-2021.10/bin/../lib/gcc/arm-none-eabi/10.3.1/../../../../arm-none-eabi/lib/thumb/v7-m/nofp\libg.a(lib_a-mallocr.o)
                0x20000850                __malloc_trim_threshold
                0x20000854                . = ALIGN (0x4)
                0x20000854                _edata = .

.igot.plt       0x20000854        0x0 load address 0x08008100
 .igot.plt      0x20000854        0x0 d:/clion_stm32/gcc-arm-none-eabi-10.3-2021.10/bin/../lib/gcc/arm-none-eabi/10.3.1/thumb/v7-m/nofp/crtbegin.o
                0x20000854                . = ALIGN (0x4)

.bss            0x20000854     0x1fa0 load address 0x08008100
                0x20000854                _sbss = .
                0x20000854                __bss_start__ = _sbss
 *(.bss)
 .bss           0x20000854       0x1c d:/clion_stm32/gcc-arm-none-eabi-10.3-2021.10/bin/../lib/gcc/arm-none-eabi/10.3.1/thumb/v7-m/nofp/crtbegin.o
 *(.bss*)
 .bss.hadc1     0x20000870       0x30 CMakeFiles/yaokong.elf.dir/Core/Src/adc.c.obj
                0x20000870                hadc1
 .bss.hadc2     0x200008a0       0x30 CMakeFiles/yaokong.elf.dir/Core/Src/adc.c.obj
                0x200008a0                hadc2
 .bss.OLEDHandle
                0x200008d0        0x4 CMakeFiles/yaokong.elf.dir/Core/Src/freertos.c.obj
                0x200008d0                OLEDHandle
 .bss.controlHandle
                0x200008d4        0x4 CMakeFiles/yaokong.elf.dir/Core/Src/freertos.c.obj
                0x200008d4                controlHandle
 .bss.htim1     0x200008d8       0x48 CMakeFiles/yaokong.elf.dir/Core/Src/stm32f1xx_hal_timebase_tim.c.obj
                0x200008d8                htim1
 .bss.heap_end.0
                0x20000920        0x4 CMakeFiles/yaokong.elf.dir/Core/Src/syscalls.c.obj
 .bss.htim2     0x20000924       0x48 CMakeFiles/yaokong.elf.dir/Core/Src/tim.c.obj
                0x20000924                htim2
 .bss.huart1    0x2000096c       0x48 CMakeFiles/yaokong.elf.dir/Core/Src/usart.c.obj
                0x2000096c                huart1
 .bss.uwTick    0x200009b4        0x4 CMakeFiles/yaokong.elf.dir/Drivers/STM32F1xx_HAL_Driver/Src/stm32f1xx_hal.c.obj
                0x200009b4                uwTick
 .bss.Idle_Stack
                0x200009b8      0x200 CMakeFiles/yaokong.elf.dir/Middlewares/Third_Party/FreeRTOS/Source/CMSIS_RTOS_V2/cmsis_os2.c.obj
 .bss.Idle_TCB  0x20000bb8       0x5c CMakeFiles/yaokong.elf.dir/Middlewares/Third_Party/FreeRTOS/Source/CMSIS_RTOS_V2/cmsis_os2.c.obj
 .bss.KernelState
                0x20000c14        0x4 CMakeFiles/yaokong.elf.dir/Middlewares/Third_Party/FreeRTOS/Source/CMSIS_RTOS_V2/cmsis_os2.c.obj
 .bss.Timer_Stack
                0x20000c18      0x400 CMakeFiles/yaokong.elf.dir/Middlewares/Third_Party/FreeRTOS/Source/CMSIS_RTOS_V2/cmsis_os2.c.obj
 .bss.Timer_TCB
                0x20001018       0x5c CMakeFiles/yaokong.elf.dir/Middlewares/Third_Party/FreeRTOS/Source/CMSIS_RTOS_V2/cmsis_os2.c.obj
 .bss.ucMaxSysCallPriority
                0x20001074        0x1 CMakeFiles/yaokong.elf.dir/Middlewares/Third_Party/FreeRTOS/Source/portable/GCC/ARM_CM3/port.c.obj
 *fill*         0x20001075        0x3 
 .bss.ulMaxPRIGROUPValue
                0x20001078        0x4 CMakeFiles/yaokong.elf.dir/Middlewares/Third_Party/FreeRTOS/Source/portable/GCC/ARM_CM3/port.c.obj
 .bss.pxEnd     0x2000107c        0x4 CMakeFiles/yaokong.elf.dir/Middlewares/Third_Party/FreeRTOS/Source/portable/MemMang/heap_4.c.obj
 .bss.ucHeap    0x20001080      0xc00 CMakeFiles/yaokong.elf.dir/Middlewares/Third_Party/FreeRTOS/Source/portable/MemMang/heap_4.c.obj
 .bss.xBlockAllocatedBit
                0x20001c80        0x4 CMakeFiles/yaokong.elf.dir/Middlewares/Third_Party/FreeRTOS/Source/portable/MemMang/heap_4.c.obj
 .bss.xFreeBytesRemaining
                0x20001c84        0x4 CMakeFiles/yaokong.elf.dir/Middlewares/Third_Party/FreeRTOS/Source/portable/MemMang/heap_4.c.obj
 .bss.xMinimumEverFreeBytesRemaining
                0x20001c88        0x4 CMakeFiles/yaokong.elf.dir/Middlewares/Third_Party/FreeRTOS/Source/portable/MemMang/heap_4.c.obj
 .bss.xStart    0x20001c8c        0x8 CMakeFiles/yaokong.elf.dir/Middlewares/Third_Party/FreeRTOS/Source/portable/MemMang/heap_4.c.obj
 .bss.xQueueRegistry
                0x20001c94       0x40 CMakeFiles/yaokong.elf.dir/Middlewares/Third_Party/FreeRTOS/Source/queue.c.obj
                0x20001c94                xQueueRegistry
 .bss.pxCurrentTCB
                0x20001cd4        0x4 CMakeFiles/yaokong.elf.dir/Middlewares/Third_Party/FreeRTOS/Source/tasks.c.obj
                0x20001cd4                pxCurrentTCB
 .bss.pxDelayedTaskList
                0x20001cd8        0x4 CMakeFiles/yaokong.elf.dir/Middlewares/Third_Party/FreeRTOS/Source/tasks.c.obj
 .bss.pxOverflowDelayedTaskList
                0x20001cdc        0x4 CMakeFiles/yaokong.elf.dir/Middlewares/Third_Party/FreeRTOS/Source/tasks.c.obj
 .bss.pxReadyTasksLists
                0x20001ce0      0x460 CMakeFiles/yaokong.elf.dir/Middlewares/Third_Party/FreeRTOS/Source/tasks.c.obj
 .bss.uxCurrentNumberOfTasks
                0x20002140        0x4 CMakeFiles/yaokong.elf.dir/Middlewares/Third_Party/FreeRTOS/Source/tasks.c.obj
 .bss.uxDeletedTasksWaitingCleanUp
                0x20002144        0x4 CMakeFiles/yaokong.elf.dir/Middlewares/Third_Party/FreeRTOS/Source/tasks.c.obj
 .bss.uxPendedTicks
                0x20002148        0x4 CMakeFiles/yaokong.elf.dir/Middlewares/Third_Party/FreeRTOS/Source/tasks.c.obj
 .bss.uxSchedulerSuspended
                0x2000214c        0x4 CMakeFiles/yaokong.elf.dir/Middlewares/Third_Party/FreeRTOS/Source/tasks.c.obj
 .bss.uxTaskNumber
                0x20002150        0x4 CMakeFiles/yaokong.elf.dir/Middlewares/Third_Party/FreeRTOS/Source/tasks.c.obj
 .bss.uxTopReadyPriority
                0x20002154        0x4 CMakeFiles/yaokong.elf.dir/Middlewares/Third_Party/FreeRTOS/Source/tasks.c.obj
 .bss.xDelayedTaskList1
                0x20002158       0x14 CMakeFiles/yaokong.elf.dir/Middlewares/Third_Party/FreeRTOS/Source/tasks.c.obj
 .bss.xDelayedTaskList2
                0x2000216c       0x14 CMakeFiles/yaokong.elf.dir/Middlewares/Third_Party/FreeRTOS/Source/tasks.c.obj
 .bss.xIdleTaskHandle
                0x20002180        0x4 CMakeFiles/yaokong.elf.dir/Middlewares/Third_Party/FreeRTOS/Source/tasks.c.obj
 .bss.xNextTaskUnblockTime
                0x20002184        0x4 CMakeFiles/yaokong.elf.dir/Middlewares/Third_Party/FreeRTOS/Source/tasks.c.obj
 .bss.xNumOfOverflows
                0x20002188        0x4 CMakeFiles/yaokong.elf.dir/Middlewares/Third_Party/FreeRTOS/Source/tasks.c.obj
 .bss.xPendingReadyList
                0x2000218c       0x14 CMakeFiles/yaokong.elf.dir/Middlewares/Third_Party/FreeRTOS/Source/tasks.c.obj
 .bss.xSchedulerRunning
                0x200021a0        0x4 CMakeFiles/yaokong.elf.dir/Middlewares/Third_Party/FreeRTOS/Source/tasks.c.obj
 .bss.xSuspendedTaskList
                0x200021a4       0x14 CMakeFiles/yaokong.elf.dir/Middlewares/Third_Party/FreeRTOS/Source/tasks.c.obj
 .bss.xTasksWaitingTermination
                0x200021b8       0x14 CMakeFiles/yaokong.elf.dir/Middlewares/Third_Party/FreeRTOS/Source/tasks.c.obj
 .bss.xTickCount
                0x200021cc        0x4 CMakeFiles/yaokong.elf.dir/Middlewares/Third_Party/FreeRTOS/Source/tasks.c.obj
 .bss.xYieldPending
                0x200021d0        0x4 CMakeFiles/yaokong.elf.dir/Middlewares/Third_Party/FreeRTOS/Source/tasks.c.obj
 .bss.pxCurrentTimerList
                0x200021d4        0x4 CMakeFiles/yaokong.elf.dir/Middlewares/Third_Party/FreeRTOS/Source/timers.c.obj
 .bss.pxOverflowTimerList
                0x200021d8        0x4 CMakeFiles/yaokong.elf.dir/Middlewares/Third_Party/FreeRTOS/Source/timers.c.obj
 .bss.ucStaticTimerQueueStorage.1
                0x200021dc       0xa0 CMakeFiles/yaokong.elf.dir/Middlewares/Third_Party/FreeRTOS/Source/timers.c.obj
 .bss.xActiveTimerList1
                0x2000227c       0x14 CMakeFiles/yaokong.elf.dir/Middlewares/Third_Party/FreeRTOS/Source/timers.c.obj
 .bss.xActiveTimerList2
                0x20002290       0x14 CMakeFiles/yaokong.elf.dir/Middlewares/Third_Party/FreeRTOS/Source/timers.c.obj
 .bss.xLastTime.2
                0x200022a4        0x4 CMakeFiles/yaokong.elf.dir/Middlewares/Third_Party/FreeRTOS/Source/timers.c.obj
 .bss.xStaticTimerQueue.0
                0x200022a8       0x50 CMakeFiles/yaokong.elf.dir/Middlewares/Third_Party/FreeRTOS/Source/timers.c.obj
 .bss.xTimerQueue
                0x200022f8        0x4 CMakeFiles/yaokong.elf.dir/Middlewares/Third_Party/FreeRTOS/Source/timers.c.obj
 .bss.xTimerTaskHandle
                0x200022fc        0x4 CMakeFiles/yaokong.elf.dir/Middlewares/Third_Party/FreeRTOS/Source/timers.c.obj
 .bss.u8g2      0x20002300       0x94 CMakeFiles/yaokong.elf.dir/OLED/my_menu.c.obj
                0x20002300                u8g2
 .bss.fac_us    0x20002394        0x4 CMakeFiles/yaokong.elf.dir/OLED/oled.c.obj
                0x20002394                fac_us
 .bss.buf.0     0x20002398      0x400 CMakeFiles/yaokong.elf.dir/u8g2/u8g2_d_memory.c.obj
 .bss.in_transfer.5
                0x20002798        0x1 CMakeFiles/yaokong.elf.dir/u8g2/u8x8_cad.c.obj
 *fill*         0x20002799        0x3 
 .bss.value1    0x2000279c        0x4 CMakeFiles/yaokong.elf.dir/yaogan/yaogan.c.obj
                0x2000279c                value1
 .bss.value2    0x200027a0        0x4 CMakeFiles/yaokong.elf.dir/yaogan/yaogan.c.obj
                0x200027a0                value2
 .bss.x_task    0x200027a4        0x4 CMakeFiles/yaokong.elf.dir/yaogan/yaogan.c.obj
                0x200027a4                x_task
 .bss.y_task    0x200027a8        0x4 CMakeFiles/yaokong.elf.dir/yaogan/yaogan.c.obj
                0x200027a8                y_task
 .bss.__lock___atexit_recursive_mutex
                0x200027ac        0x1 d:/clion_stm32/gcc-arm-none-eabi-10.3-2021.10/bin/../lib/gcc/arm-none-eabi/10.3.1/../../../../arm-none-eabi/lib/thumb/v7-m/nofp\libg.a(lib_a-lock.o)
                0x200027ac                __lock___atexit_recursive_mutex
 *fill*         0x200027ad        0x3 
 .bss.__lock___malloc_recursive_mutex
                0x200027b0        0x1 d:/clion_stm32/gcc-arm-none-eabi-10.3-2021.10/bin/../lib/gcc/arm-none-eabi/10.3.1/../../../../arm-none-eabi/lib/thumb/v7-m/nofp\libg.a(lib_a-lock.o)
                0x200027b0                __lock___malloc_recursive_mutex
 *fill*         0x200027b1        0x3 
 .bss.__lock___sfp_recursive_mutex
                0x200027b4        0x1 d:/clion_stm32/gcc-arm-none-eabi-10.3-2021.10/bin/../lib/gcc/arm-none-eabi/10.3.1/../../../../arm-none-eabi/lib/thumb/v7-m/nofp\libg.a(lib_a-lock.o)
                0x200027b4                __lock___sfp_recursive_mutex
 *fill*         0x200027b5        0x3 
 .bss.__lock___sinit_recursive_mutex
                0x200027b8        0x1 d:/clion_stm32/gcc-arm-none-eabi-10.3-2021.10/bin/../lib/gcc/arm-none-eabi/10.3.1/../../../../arm-none-eabi/lib/thumb/v7-m/nofp\libg.a(lib_a-lock.o)
                0x200027b8                __lock___sinit_recursive_mutex
 *fill*         0x200027b9        0x3 
 .bss.__malloc_current_mallinfo
                0x200027bc       0x28 d:/clion_stm32/gcc-arm-none-eabi-10.3-2021.10/bin/../lib/gcc/arm-none-eabi/10.3.1/../../../../arm-none-eabi/lib/thumb/v7-m/nofp\libg.a(lib_a-mallocr.o)
                0x200027bc                __malloc_current_mallinfo
 .bss.__malloc_max_sbrked_mem
                0x200027e4        0x4 d:/clion_stm32/gcc-arm-none-eabi-10.3-2021.10/bin/../lib/gcc/arm-none-eabi/10.3.1/../../../../arm-none-eabi/lib/thumb/v7-m/nofp\libg.a(lib_a-mallocr.o)
                0x200027e4                __malloc_max_sbrked_mem
 .bss.__malloc_max_total_mem
                0x200027e8        0x4 d:/clion_stm32/gcc-arm-none-eabi-10.3-2021.10/bin/../lib/gcc/arm-none-eabi/10.3.1/../../../../arm-none-eabi/lib/thumb/v7-m/nofp\libg.a(lib_a-mallocr.o)
                0x200027e8                __malloc_max_total_mem
 .bss.__malloc_top_pad
                0x200027ec        0x4 d:/clion_stm32/gcc-arm-none-eabi-10.3-2021.10/bin/../lib/gcc/arm-none-eabi/10.3.1/../../../../arm-none-eabi/lib/thumb/v7-m/nofp\libg.a(lib_a-mallocr.o)
                0x200027ec                __malloc_top_pad
 .bss.errno     0x200027f0        0x4 d:/clion_stm32/gcc-arm-none-eabi-10.3-2021.10/bin/../lib/gcc/arm-none-eabi/10.3.1/../../../../arm-none-eabi/lib/thumb/v7-m/nofp\libg.a(lib_a-reent.o)
                0x200027f0                errno
 *(COMMON)
                0x200027f4                . = ALIGN (0x4)
                0x200027f4                _ebss = .
                0x200027f4                __bss_end__ = _ebss

._user_heap_stack
                0x200027f4      0x604 load address 0x08008100
                0x200027f8                . = ALIGN (0x8)
 *fill*         0x200027f4        0x4 
                0x200027f8                PROVIDE (end = .)
                [!provide]                PROVIDE (_end = .)
                0x200029f8                . = (. + _Min_Heap_Size)
 *fill*         0x200027f8      0x200 
                0x20002df8                . = (. + _Min_Stack_Size)
 *fill*         0x200029f8      0x400 
                0x20002df8                . = ALIGN (0x8)

/DISCARD/
 libc.a(*)
 libm.a(*)
 libgcc.a(*)

.ARM.attributes
                0x00000000       0x29
 *(.ARM.attributes)
 .ARM.attributes
                0x00000000       0x1d d:/clion_stm32/gcc-arm-none-eabi-10.3-2021.10/bin/../lib/gcc/arm-none-eabi/10.3.1/thumb/v7-m/nofp/crti.o
 .ARM.attributes
                0x0000001d       0x2d d:/clion_stm32/gcc-arm-none-eabi-10.3-2021.10/bin/../lib/gcc/arm-none-eabi/10.3.1/thumb/v7-m/nofp/crtbegin.o
 .ARM.attributes
                0x0000004a       0x2d CMakeFiles/yaokong.elf.dir/Core/Src/adc.c.obj
 .ARM.attributes
                0x00000077       0x2d CMakeFiles/yaokong.elf.dir/Core/Src/freertos.c.obj
 .ARM.attributes
                0x000000a4       0x2d CMakeFiles/yaokong.elf.dir/Core/Src/gpio.c.obj
 .ARM.attributes
                0x000000d1       0x2d CMakeFiles/yaokong.elf.dir/Core/Src/main.c.obj
 .ARM.attributes
                0x000000fe       0x2d CMakeFiles/yaokong.elf.dir/Core/Src/stm32f1xx_hal_msp.c.obj
 .ARM.attributes
                0x0000012b       0x2d CMakeFiles/yaokong.elf.dir/Core/Src/stm32f1xx_hal_timebase_tim.c.obj
 .ARM.attributes
                0x00000158       0x2d CMakeFiles/yaokong.elf.dir/Core/Src/stm32f1xx_it.c.obj
 .ARM.attributes
                0x00000185       0x2d CMakeFiles/yaokong.elf.dir/Core/Src/syscalls.c.obj
 .ARM.attributes
                0x000001b2       0x2d CMakeFiles/yaokong.elf.dir/Core/Src/system_stm32f1xx.c.obj
 .ARM.attributes
                0x000001df       0x2d CMakeFiles/yaokong.elf.dir/Core/Src/tim.c.obj
 .ARM.attributes
                0x0000020c       0x2d CMakeFiles/yaokong.elf.dir/Core/Src/usart.c.obj
 .ARM.attributes
                0x00000239       0x2d CMakeFiles/yaokong.elf.dir/Drivers/STM32F1xx_HAL_Driver/Src/stm32f1xx_hal.c.obj
 .ARM.attributes
                0x00000266       0x2d CMakeFiles/yaokong.elf.dir/Drivers/STM32F1xx_HAL_Driver/Src/stm32f1xx_hal_adc.c.obj
 .ARM.attributes
                0x00000293       0x2d CMakeFiles/yaokong.elf.dir/Drivers/STM32F1xx_HAL_Driver/Src/stm32f1xx_hal_cortex.c.obj
 .ARM.attributes
                0x000002c0       0x2d CMakeFiles/yaokong.elf.dir/Drivers/STM32F1xx_HAL_Driver/Src/stm32f1xx_hal_gpio.c.obj
 .ARM.attributes
                0x000002ed       0x2d CMakeFiles/yaokong.elf.dir/Drivers/STM32F1xx_HAL_Driver/Src/stm32f1xx_hal_rcc.c.obj
 .ARM.attributes
                0x0000031a       0x2d CMakeFiles/yaokong.elf.dir/Drivers/STM32F1xx_HAL_Driver/Src/stm32f1xx_hal_rcc_ex.c.obj
 .ARM.attributes
                0x00000347       0x2d CMakeFiles/yaokong.elf.dir/Drivers/STM32F1xx_HAL_Driver/Src/stm32f1xx_hal_tim.c.obj
 .ARM.attributes
                0x00000374       0x2d CMakeFiles/yaokong.elf.dir/Drivers/STM32F1xx_HAL_Driver/Src/stm32f1xx_hal_tim_ex.c.obj
 .ARM.attributes
                0x000003a1       0x2d CMakeFiles/yaokong.elf.dir/Drivers/STM32F1xx_HAL_Driver/Src/stm32f1xx_hal_uart.c.obj
 .ARM.attributes
                0x000003ce       0x2d CMakeFiles/yaokong.elf.dir/Middlewares/Third_Party/FreeRTOS/Source/CMSIS_RTOS_V2/cmsis_os2.c.obj
 .ARM.attributes
                0x000003fb       0x2d CMakeFiles/yaokong.elf.dir/Middlewares/Third_Party/FreeRTOS/Source/list.c.obj
 .ARM.attributes
                0x00000428       0x2d CMakeFiles/yaokong.elf.dir/Middlewares/Third_Party/FreeRTOS/Source/portable/GCC/ARM_CM3/port.c.obj
 .ARM.attributes
                0x00000455       0x2d CMakeFiles/yaokong.elf.dir/Middlewares/Third_Party/FreeRTOS/Source/portable/MemMang/heap_4.c.obj
 .ARM.attributes
                0x00000482       0x2d CMakeFiles/yaokong.elf.dir/Middlewares/Third_Party/FreeRTOS/Source/queue.c.obj
 .ARM.attributes
                0x000004af       0x2d CMakeFiles/yaokong.elf.dir/Middlewares/Third_Party/FreeRTOS/Source/tasks.c.obj
 .ARM.attributes
                0x000004dc       0x2d CMakeFiles/yaokong.elf.dir/Middlewares/Third_Party/FreeRTOS/Source/timers.c.obj
 .ARM.attributes
                0x00000509       0x2d CMakeFiles/yaokong.elf.dir/OLED/my_menu.c.obj
 .ARM.attributes
                0x00000536       0x2d CMakeFiles/yaokong.elf.dir/OLED/oled.c.obj
 .ARM.attributes
                0x00000563       0x21 CMakeFiles/yaokong.elf.dir/startup/startup_stm32f103xb.s.obj
 .ARM.attributes
                0x00000584       0x2d CMakeFiles/yaokong.elf.dir/u8g2/u8g2_bitmap.c.obj
 .ARM.attributes
                0x000005b1       0x2d CMakeFiles/yaokong.elf.dir/u8g2/u8g2_buffer.c.obj
 .ARM.attributes
                0x000005de       0x2d CMakeFiles/yaokong.elf.dir/u8g2/u8g2_circle.c.obj
 .ARM.attributes
                0x0000060b       0x2d CMakeFiles/yaokong.elf.dir/u8g2/u8g2_d_memory.c.obj
 .ARM.attributes
                0x00000638       0x2d CMakeFiles/yaokong.elf.dir/u8g2/u8g2_d_setup.c.obj
 .ARM.attributes
                0x00000665       0x2d CMakeFiles/yaokong.elf.dir/u8g2/u8g2_font.c.obj
 .ARM.attributes
                0x00000692       0x2d CMakeFiles/yaokong.elf.dir/u8g2/u8g2_fonts.c.obj
 .ARM.attributes
                0x000006bf       0x2d CMakeFiles/yaokong.elf.dir/u8g2/u8g2_hvline.c.obj
 .ARM.attributes
                0x000006ec       0x2d CMakeFiles/yaokong.elf.dir/u8g2/u8g2_intersection.c.obj
 .ARM.attributes